DEBUG:selenium.webdriver.remote.remote_connection:POST http://localhost:64214/session/3a80bdbc334e6fcc1c5c92b06ff79a68/url {'url': 'https://www.manoloblahnik.com/int/women.html'}
DEBUG:urllib3.connectionpool:http://localhost:64214 "POST /session/3a80bdbc334e6fcc1c5c92b06ff79a68/url HTTP/1.1" 200 0
DEBUG:selenium.webdriver.remote.remote_connection:Remote response: status=200 | data={"value":null} | headers=HTTPHeaderDict({'Content-Length': '14', 'Content-Type': 'application/json; charset=utf-8', 'cache-control': 'no-cache'})
DEBUG:selenium.webdriver.remote.remote_connection:Finished Request
DEBUG:selenium.webdriver.remote.remote_connection:POST http://localhost:64214/session/3a80bdbc334e6fcc1c5c92b06ff79a68/element {'using': 'tag name', 'value': 'body'}
DEBUG:urllib3.connectionpool:http://localhost:64214 "POST /session/3a80bdbc334e6fcc1c5c92b06ff79a68/element HTTP/1.1" 200 0
DEBUG:selenium.webdriver.remote.remote_connection:Remote response: status=200 | data={"value":{"element-6066-11e4-a52e-4f735466cecf":"f.0603B43F718346474315895CF8381CCD.d.40E31BAC4752647253FA3952E63A819A.e.5"}} | headers=HTTPHeaderDict({'Content-Length': '125', 'Content-Type': 'application/json; charset=utf-8', 'cache-control': 'no-cache'})
DEBUG:selenium.webdriver.remote.remote_connection:Finished Request
DEBUG:selenium.webdriver.remote.remote_connection:POST http://localhost:64214/session/3a80bdbc334e6fcc1c5c92b06ff79a68/element {'using': 'css selector', 'value': '[id="gle_selectedCountry"]'}
DEBUG:urllib3.connectionpool:http://localhost:64214 "POST /session/3a80bdbc334e6fcc1c5c92b06ff79a68/element HTTP/1.1" 200 0
DEBUG:selenium.webdriver.remote.remote_connection:Remote response: status=200 | data={"value":{"element-6066-11e4-a52e-4f735466cecf":"f.0603B43F718346474315895CF8381CCD.d.40E31BAC4752647253FA3952E63A819A.e.4254"}} | headers=HTTPHeaderDict({'Content-Length': '128', 'Content-Type': 'application/json; charset=utf-8', 'cache-control': 'no-cache'})
DEBUG:selenium.webdriver.remote.remote_connection:Finished Request
DEBUG:selenium.webdriver.remote.remote_connection:POST http://localhost:64214/session/3a80bdbc334e6fcc1c5c92b06ff79a68/execute/sync {'script': '/* isDisplayed */return (function(){return (function(){var g=this||self;\nfunction aa(a){var b=typeof...', 'args': [{'element-6066-11e4-a52e-4f735466cecf': 'f.0603B43F718346474315895CF8381CCD.d.40E31BAC4752647253FA3952E63A819A.e.4254'}]}
DEBUG:urllib3.connectionpool:http://localhost:64214 "POST /session/3a80bdbc334e6fcc1c5c92b06ff79a68/execute/sync HTTP/1.1" 200 0
DEBUG:selenium.webdriver.remote.remote_connection:Remote response: status=200 | data={"value":true} | headers=HTTPHeaderDict({'Content-Length': '14', 'Content-Type': 'application/json; charset=utf-8', 'cache-control': 'no-cache'})
DEBUG:selenium.webdriver.remote.remote_connection:Finished Request
DEBUG:selenium.webdriver.remote.remote_connection:GET http://localhost:64214/session/3a80bdbc334e6fcc1c5c92b06ff79a68/element/f.0603B43F718346474315895CF8381CCD.d.40E31BAC4752647253FA3952E63A819A.e.4254/enabled {}
DEBUG:urllib3.connectionpool:http://localhost:64214 "GET /session/3a80bdbc334e6fcc1c5c92b06ff79a68/element/f.0603B43F718346474315895CF8381CCD.d.40E31BAC4752647253FA3952E63A819A.e.4254/enabled HTTP/1.1" 200 0
DEBUG:selenium.webdriver.remote.remote_connection:Remote response: status=200 | data={"value":true} | headers=HTTPHeaderDict({'Content-Length': '14', 'Content-Type': 'application/json; charset=utf-8', 'cache-control': 'no-cache'})
DEBUG:selenium.webdriver.remote.remote_connection:Finished Request
DEBUG:selenium.webdriver.remote.remote_connection:POST http://localhost:64214/session/3a80bdbc334e6fcc1c5c92b06ff79a68/element {'using': 'xpath', 'value': '//*[@id="gle_selectedCountry"]'}
DEBUG:urllib3.connectionpool:http://localhost:64214 "POST /session/3a80bdbc334e6fcc1c5c92b06ff79a68/element HTTP/1.1" 200 0
DEBUG:selenium.webdriver.remote.remote_connection:Remote response: status=200 | data={"value":{"element-6066-11e4-a52e-4f735466cecf":"f.0603B43F718346474315895CF8381CCD.d.40E31BAC4752647253FA3952E63A819A.e.4254"}} | headers=HTTPHeaderDict({'Content-Length': '128', 'Content-Type': 'application/json; charset=utf-8', 'cache-control': 'no-cache'})
DEBUG:selenium.webdriver.remote.remote_connection:Finished Request
DEBUG:selenium.webdriver.remote.remote_connection:POST http://localhost:64214/session/3a80bdbc334e6fcc1c5c92b06ff79a68/execute/sync {'script': '/* isDisplayed */return (function(){return (function(){var g=this||self;\nfunction aa(a){var b=typeof...', 'args': [{'element-6066-11e4-a52e-4f735466cecf': 'f.0603B43F718346474315895CF8381CCD.d.40E31BAC4752647253FA3952E63A819A.e.4254'}]}
DEBUG:urllib3.connectionpool:http://localhost:64214 "POST /session/3a80bdbc334e6fcc1c5c92b06ff79a68/execute/sync HTTP/1.1" 200 0
DEBUG:selenium.webdriver.remote.remote_connection:Remote response: status=200 | data={"value":true} | headers=HTTPHeaderDict({'Content-Length': '14', 'Content-Type': 'application/json; charset=utf-8', 'cache-control': 'no-cache'})
DEBUG:selenium.webdriver.remote.remote_connection:Finished Request
DEBUG:selenium.webdriver.remote.remote_connection:GET http://localhost:64214/session/3a80bdbc334e6fcc1c5c92b06ff79a68/element/f.0603B43F718346474315895CF8381CCD.d.40E31BAC4752647253FA3952E63A819A.e.4254/enabled {}
DEBUG:urllib3.connectionpool:http://localhost:64214 "GET /session/3a80bdbc334e6fcc1c5c92b06ff79a68/element/f.0603B43F718346474315895CF8381CCD.d.40E31BAC4752647253FA3952E63A819A.e.4254/enabled HTTP/1.1" 200 0
DEBUG:selenium.webdriver.remote.remote_connection:Remote response: status=200 | data={"value":true} | headers=HTTPHeaderDict({'Content-Length': '14', 'Content-Type': 'application/json; charset=utf-8', 'cache-control': 'no-cache'})
DEBUG:selenium.webdriver.remote.remote_connection:Finished Request
DEBUG:selenium.webdriver.remote.remote_connection:POST http://localhost:64214/session/3a80bdbc334e6fcc1c5c92b06ff79a68/execute/sync {'script': 'arguments[0].scrollIntoView(true);', 'args': [{'element-6066-11e4-a52e-4f735466cecf': 'f.0603B43F718346474315895CF8381CCD.d.40E31BAC4752647253FA3952E63A819A.e.4254'}]}
DEBUG:urllib3.connectionpool:http://localhost:64214 "POST /session/3a80bdbc334e6fcc1c5c92b06ff79a68/execute/sync HTTP/1.1" 200 0
DEBUG:selenium.webdriver.remote.remote_connection:Remote response: status=200 | data={"value":null} | headers=HTTPHeaderDict({'Content-Length': '14', 'Content-Type': 'application/json; charset=utf-8', 'cache-control': 'no-cache'})
DEBUG:selenium.webdriver.remote.remote_connection:Finished Request
DEBUG:selenium.webdriver.remote.remote_connection:POST http://localhost:64214/session/3a80bdbc334e6fcc1c5c92b06ff79a68/element/f.0603B43F718346474315895CF8381CCD.d.40E31BAC4752647253FA3952E63A819A.e.4254/click {}
DEBUG:urllib3.connectionpool:http://localhost:64214 "POST /session/3a80bdbc334e6fcc1c5c92b06ff79a68/element/f.0603B43F718346474315895CF8381CCD.d.40E31BAC4752647253FA3952E63A819A.e.4254/click HTTP/1.1" 200 0
DEBUG:selenium.webdriver.remote.remote_connection:Remote response: status=200 | data={"value":null} | headers=HTTPHeaderDict({'Content-Length': '14', 'Content-Type': 'application/json; charset=utf-8', 'cache-control': 'no-cache'})
DEBUG:selenium.webdriver.remote.remote_connection:Finished Request
DEBUG:selenium.webdriver.remote.remote_connection:POST http://localhost:64214/session/3a80bdbc334e6fcc1c5c92b06ff79a68/element {'using': 'xpath', 'value': '//*[@id="gle_selectedCountry"]/option[79]'}
DEBUG:urllib3.connectionpool:http://localhost:64214 "POST /session/3a80bdbc334e6fcc1c5c92b06ff79a68/element HTTP/1.1" 200 0
DEBUG:selenium.webdriver.remote.remote_connection:Remote response: status=200 | data={"value":{"element-6066-11e4-a52e-4f735466cecf":"f.0603B43F718346474315895CF8381CCD.d.40E31BAC4752647253FA3952E63A819A.e.4333"}} | headers=HTTPHeaderDict({'Content-Length': '128', 'Content-Type': 'application/json; charset=utf-8', 'cache-control': 'no-cache'})
DEBUG:selenium.webdriver.remote.remote_connection:Finished Request
DEBUG:selenium.webdriver.remote.remote_connection:POST http://localhost:64214/session/3a80bdbc334e6fcc1c5c92b06ff79a68/execute/sync {'script': '/* isDisplayed */return (function(){return (function(){var g=this||self;\nfunction aa(a){var b=typeof...', 'args': [{'element-6066-11e4-a52e-4f735466cecf': 'f.0603B43F718346474315895CF8381CCD.d.40E31BAC4752647253FA3952E63A819A.e.4333'}]}
DEBUG:urllib3.connectionpool:http://localhost:64214 "POST /session/3a80bdbc334e6fcc1c5c92b06ff79a68/execute/sync HTTP/1.1" 200 0
DEBUG:selenium.webdriver.remote.remote_connection:Remote response: status=200 | data={"value":true} | headers=HTTPHeaderDict({'Content-Length': '14', 'Content-Type': 'application/json; charset=utf-8', 'cache-control': 'no-cache'})
DEBUG:selenium.webdriver.remote.remote_connection:Finished Request
DEBUG:selenium.webdriver.remote.remote_connection:GET http://localhost:64214/session/3a80bdbc334e6fcc1c5c92b06ff79a68/element/f.0603B43F718346474315895CF8381CCD.d.40E31BAC4752647253FA3952E63A819A.e.4333/enabled {}
DEBUG:urllib3.connectionpool:http://localhost:64214 "GET /session/3a80bdbc334e6fcc1c5c92b06ff79a68/element/f.0603B43F718346474315895CF8381CCD.d.40E31BAC4752647253FA3952E63A819A.e.4333/enabled HTTP/1.1" 200 0
DEBUG:selenium.webdriver.remote.remote_connection:Remote response: status=200 | data={"value":true} | headers=HTTPHeaderDict({'Content-Length': '14', 'Content-Type': 'application/json; charset=utf-8', 'cache-control': 'no-cache'})
DEBUG:selenium.webdriver.remote.remote_connection:Finished Request
DEBUG:selenium.webdriver.remote.remote_connection:POST http://localhost:64214/session/3a80bdbc334e6fcc1c5c92b06ff79a68/execute/sync {'script': 'arguments[0].scrollIntoView(true);', 'args': [{'element-6066-11e4-a52e-4f735466cecf': 'f.0603B43F718346474315895CF8381CCD.d.40E31BAC4752647253FA3952E63A819A.e.4333'}]}
DEBUG:urllib3.connectionpool:http://localhost:64214 "POST /session/3a80bdbc334e6fcc1c5c92b06ff79a68/execute/sync HTTP/1.1" 200 0
DEBUG:selenium.webdriver.remote.remote_connection:Remote response: status=200 | data={"value":null} | headers=HTTPHeaderDict({'Content-Length': '14', 'Content-Type': 'application/json; charset=utf-8', 'cache-control': 'no-cache'})
DEBUG:selenium.webdriver.remote.remote_connection:Finished Request
DEBUG:selenium.webdriver.remote.remote_connection:POST http://localhost:64214/session/3a80bdbc334e6fcc1c5c92b06ff79a68/element/f.0603B43F718346474315895CF8381CCD.d.40E31BAC4752647253FA3952E63A819A.e.4333/click {}
DEBUG:urllib3.connectionpool:http://localhost:64214 "POST /session/3a80bdbc334e6fcc1c5c92b06ff79a68/element/f.0603B43F718346474315895CF8381CCD.d.40E31BAC4752647253FA3952E63A819A.e.4333/click HTTP/1.1" 200 0
DEBUG:selenium.webdriver.remote.remote_connection:Remote response: status=200 | data={"value":null} | headers=HTTPHeaderDict({'Content-Length': '14', 'Content-Type': 'application/json; charset=utf-8', 'cache-control': 'no-cache'})
DEBUG:selenium.webdriver.remote.remote_connection:Finished Request
DEBUG:selenium.webdriver.remote.remote_connection:POST http://localhost:64214/session/3a80bdbc334e6fcc1c5c92b06ff79a68/element {'using': 'css selector', 'value': '.saveBtn'}
DEBUG:urllib3.connectionpool:http://localhost:64214 "POST /session/3a80bdbc334e6fcc1c5c92b06ff79a68/element HTTP/1.1" 200 0
DEBUG:selenium.webdriver.remote.remote_connection:Remote response: status=200 | data={"value":{"element-6066-11e4-a52e-4f735466cecf":"f.0603B43F718346474315895CF8381CCD.d.40E31BAC4752647253FA3952E63A819A.e.4507"}} | headers=HTTPHeaderDict({'Content-Length': '128', 'Content-Type': 'application/json; charset=utf-8', 'cache-control': 'no-cache'})
DEBUG:selenium.webdriver.remote.remote_connection:Finished Request
DEBUG:selenium.webdriver.remote.remote_connection:POST http://localhost:64214/session/3a80bdbc334e6fcc1c5c92b06ff79a68/execute/sync {'script': '/* isDisplayed */return (function(){return (function(){var g=this||self;\nfunction aa(a){var b=typeof...', 'args': [{'element-6066-11e4-a52e-4f735466cecf': 'f.0603B43F718346474315895CF8381CCD.d.40E31BAC4752647253FA3952E63A819A.e.4507'}]}
DEBUG:urllib3.connectionpool:http://localhost:64214 "POST /session/3a80bdbc334e6fcc1c5c92b06ff79a68/execute/sync HTTP/1.1" 200 0
DEBUG:selenium.webdriver.remote.remote_connection:Remote response: status=200 | data={"value":true} | headers=HTTPHeaderDict({'Content-Length': '14', 'Content-Type': 'application/json; charset=utf-8', 'cache-control': 'no-cache'})
DEBUG:selenium.webdriver.remote.remote_connection:Finished Request
DEBUG:selenium.webdriver.remote.remote_connection:GET http://localhost:64214/session/3a80bdbc334e6fcc1c5c92b06ff79a68/element/f.0603B43F718346474315895CF8381CCD.d.40E31BAC4752647253FA3952E63A819A.e.4507/enabled {}
DEBUG:urllib3.connectionpool:http://localhost:64214 "GET /session/3a80bdbc334e6fcc1c5c92b06ff79a68/element/f.0603B43F718346474315895CF8381CCD.d.40E31BAC4752647253FA3952E63A819A.e.4507/enabled HTTP/1.1" 200 0
DEBUG:selenium.webdriver.remote.remote_connection:Remote response: status=200 | data={"value":true} | headers=HTTPHeaderDict({'Content-Length': '14', 'Content-Type': 'application/json; charset=utf-8', 'cache-control': 'no-cache'})
DEBUG:selenium.webdriver.remote.remote_connection:Finished Request
DEBUG:selenium.webdriver.remote.remote_connection:POST http://localhost:64214/session/3a80bdbc334e6fcc1c5c92b06ff79a68/execute/sync {'script': 'arguments[0].scrollIntoView(true);', 'args': [{'element-6066-11e4-a52e-4f735466cecf': 'f.0603B43F718346474315895CF8381CCD.d.40E31BAC4752647253FA3952E63A819A.e.4507'}]}
DEBUG:urllib3.connectionpool:http://localhost:64214 "POST /session/3a80bdbc334e6fcc1c5c92b06ff79a68/execute/sync HTTP/1.1" 200 0
DEBUG:selenium.webdriver.remote.remote_connection:Remote response: status=200 | data={"value":null} | headers=HTTPHeaderDict({'Content-Length': '14', 'Content-Type': 'application/json; charset=utf-8', 'cache-control': 'no-cache'})
DEBUG:selenium.webdriver.remote.remote_connection:Finished Request
DEBUG:selenium.webdriver.remote.remote_connection:POST http://localhost:64214/session/3a80bdbc334e6fcc1c5c92b06ff79a68/element/f.0603B43F718346474315895CF8381CCD.d.40E31BAC4752647253FA3952E63A819A.e.4507/click {}
DEBUG:urllib3.connectionpool:http://localhost:64214 "POST /session/3a80bdbc334e6fcc1c5c92b06ff79a68/element/f.0603B43F718346474315895CF8381CCD.d.40E31BAC4752647253FA3952E63A819A.e.4507/click HTTP/1.1" 200 0
DEBUG:selenium.webdriver.remote.remote_connection:Remote response: status=200 | data={"value":null} | headers=HTTPHeaderDict({'Content-Length': '14', 'Content-Type': 'application/json; charset=utf-8', 'cache-control': 'no-cache'})
DEBUG:selenium.webdriver.remote.remote_connection:Finished Request
DEBUG:selenium.webdriver.remote.remote_connection:POST http://localhost:64214/session/3a80bdbc334e6fcc1c5c92b06ff79a68/element {'using': 'css selector', 'value': '.backToShop'}
DEBUG:urllib3.connectionpool:http://localhost:64214 "POST /session/3a80bdbc334e6fcc1c5c92b06ff79a68/element HTTP/1.1" 200 0
DEBUG:selenium.webdriver.remote.remote_connection:Remote response: status=200 | data={"value":{"element-6066-11e4-a52e-4f735466cecf":"f.0603B43F718346474315895CF8381CCD.d.6DA58206F833A4D98589D6792DF9819E.e.10097"}} | headers=HTTPHeaderDict({'Content-Length': '129', 'Content-Type': 'application/json; charset=utf-8', 'cache-control': 'no-cache'})
DEBUG:selenium.webdriver.remote.remote_connection:Finished Request
DEBUG:selenium.webdriver.remote.remote_connection:POST http://localhost:64214/session/3a80bdbc334e6fcc1c5c92b06ff79a68/execute/sync {'script': '/* isDisplayed */return (function(){return (function(){var g=this||self;\nfunction aa(a){var b=typeof...', 'args': [{'element-6066-11e4-a52e-4f735466cecf': 'f.0603B43F718346474315895CF8381CCD.d.6DA58206F833A4D98589D6792DF9819E.e.10097'}]}
DEBUG:urllib3.connectionpool:http://localhost:64214 "POST /session/3a80bdbc334e6fcc1c5c92b06ff79a68/execute/sync HTTP/1.1" 200 0
DEBUG:selenium.webdriver.remote.remote_connection:Remote response: status=200 | data={"value":true} | headers=HTTPHeaderDict({'Content-Length': '14', 'Content-Type': 'application/json; charset=utf-8', 'cache-control': 'no-cache'})
DEBUG:selenium.webdriver.remote.remote_connection:Finished Request
DEBUG:selenium.webdriver.remote.remote_connection:GET http://localhost:64214/session/3a80bdbc334e6fcc1c5c92b06ff79a68/element/f.0603B43F718346474315895CF8381CCD.d.6DA58206F833A4D98589D6792DF9819E.e.10097/enabled {}
DEBUG:urllib3.connectionpool:http://localhost:64214 "GET /session/3a80bdbc334e6fcc1c5c92b06ff79a68/element/f.0603B43F718346474315895CF8381CCD.d.6DA58206F833A4D98589D6792DF9819E.e.10097/enabled HTTP/1.1" 200 0
DEBUG:selenium.webdriver.remote.remote_connection:Remote response: status=200 | data={"value":true} | headers=HTTPHeaderDict({'Content-Length': '14', 'Content-Type': 'application/json; charset=utf-8', 'cache-control': 'no-cache'})
DEBUG:selenium.webdriver.remote.remote_connection:Finished Request
DEBUG:selenium.webdriver.remote.remote_connection:POST http://localhost:64214/session/3a80bdbc334e6fcc1c5c92b06ff79a68/execute/sync {'script': 'arguments[0].scrollIntoView(true);', 'args': [{'element-6066-11e4-a52e-4f735466cecf': 'f.0603B43F718346474315895CF8381CCD.d.6DA58206F833A4D98589D6792DF9819E.e.10097'}]}
DEBUG:urllib3.connectionpool:http://localhost:64214 "POST /session/3a80bdbc334e6fcc1c5c92b06ff79a68/execute/sync HTTP/1.1" 200 0
DEBUG:selenium.webdriver.remote.remote_connection:Remote response: status=200 | data={"value":null} | headers=HTTPHeaderDict({'Content-Length': '14', 'Content-Type': 'application/json; charset=utf-8', 'cache-control': 'no-cache'})
DEBUG:selenium.webdriver.remote.remote_connection:Finished Request
DEBUG:selenium.webdriver.remote.remote_connection:POST http://localhost:64214/session/3a80bdbc334e6fcc1c5c92b06ff79a68/element/f.0603B43F718346474315895CF8381CCD.d.6DA58206F833A4D98589D6792DF9819E.e.10097/click {}
DEBUG:urllib3.connectionpool:http://localhost:64214 "POST /session/3a80bdbc334e6fcc1c5c92b06ff79a68/element/f.0603B43F718346474315895CF8381CCD.d.6DA58206F833A4D98589D6792DF9819E.e.10097/click HTTP/1.1" 200 0
DEBUG:selenium.webdriver.remote.remote_connection:Remote response: status=200 | data={"value":null} | headers=HTTPHeaderDict({'Content-Length': '14', 'Content-Type': 'application/json; charset=utf-8', 'cache-control': 'no-cache'})
DEBUG:selenium.webdriver.remote.remote_connection:Finished Request
DEBUG:selenium.webdriver.remote.remote_connection:POST http://localhost:64214/session/3a80bdbc334e6fcc1c5c92b06ff79a68/element {'using': 'xpath', 'value': '//button[contains(text(), "Reject all")]'}
DEBUG:urllib3.connectionpool:http://localhost:64214 "POST /session/3a80bdbc334e6fcc1c5c92b06ff79a68/element HTTP/1.1" 200 0
DEBUG:selenium.webdriver.remote.remote_connection:Remote response: status=200 | data={"value":{"element-6066-11e4-a52e-4f735466cecf":"f.0603B43F718346474315895CF8381CCD.d.6DA58206F833A4D98589D6792DF9819E.e.5650"}} | headers=HTTPHeaderDict({'Content-Length': '128', 'Content-Type': 'application/json; charset=utf-8', 'cache-control': 'no-cache'})
DEBUG:selenium.webdriver.remote.remote_connection:Finished Request
DEBUG:selenium.webdriver.remote.remote_connection:POST http://localhost:64214/session/3a80bdbc334e6fcc1c5c92b06ff79a68/execute/sync {'script': '/* isDisplayed */return (function(){return (function(){var g=this||self;\nfunction aa(a){var b=typeof...', 'args': [{'element-6066-11e4-a52e-4f735466cecf': 'f.0603B43F718346474315895CF8381CCD.d.6DA58206F833A4D98589D6792DF9819E.e.5650'}]}
DEBUG:urllib3.connectionpool:http://localhost:64214 "POST /session/3a80bdbc334e6fcc1c5c92b06ff79a68/execute/sync HTTP/1.1" 200 0
DEBUG:selenium.webdriver.remote.remote_connection:Remote response: status=200 | data={"value":true} | headers=HTTPHeaderDict({'Content-Length': '14', 'Content-Type': 'application/json; charset=utf-8', 'cache-control': 'no-cache'})
DEBUG:selenium.webdriver.remote.remote_connection:Finished Request
DEBUG:selenium.webdriver.remote.remote_connection:GET http://localhost:64214/session/3a80bdbc334e6fcc1c5c92b06ff79a68/element/f.0603B43F718346474315895CF8381CCD.d.6DA58206F833A4D98589D6792DF9819E.e.5650/enabled {}
DEBUG:urllib3.connectionpool:http://localhost:64214 "GET /session/3a80bdbc334e6fcc1c5c92b06ff79a68/element/f.0603B43F718346474315895CF8381CCD.d.6DA58206F833A4D98589D6792DF9819E.e.5650/enabled HTTP/1.1" 200 0
DEBUG:selenium.webdriver.remote.remote_connection:Remote response: status=200 | data={"value":true} | headers=HTTPHeaderDict({'Content-Length': '14', 'Content-Type': 'application/json; charset=utf-8', 'cache-control': 'no-cache'})
DEBUG:selenium.webdriver.remote.remote_connection:Finished Request
DEBUG:selenium.webdriver.remote.remote_connection:POST http://localhost:64214/session/3a80bdbc334e6fcc1c5c92b06ff79a68/element {'using': 'css selector', 'value': '.button.text-xs.lg\\:w\\[170px\\]'}
DEBUG:urllib3.connectionpool:http://localhost:64214 "POST /session/3a80bdbc334e6fcc1c5c92b06ff79a68/element HTTP/1.1" 404 0
DEBUG:selenium.webdriver.remote.remote_connection:Remote response: status=404 | data={"value":{"error":"no such element","message":"no such element: Unable to locate element: {\"method\":\"css selector\",\"selector\":\".button.text-xs.lg\\:w\\[170px\\]\"}\n  (Session info: chrome=131.0.6778.205)","stacktrace":"0   chromedriver                        0x0000000103227184 cxxbridge1$str$ptr + 3626716\n1   chromedriver                        0x000000010321f9d4 cxxbridge1$str$ptr + 3596076\n2   chromedriver                        0x0000000102c8c968 cxxbridge1$string$len + 89228\n3   chromedriver                        0x0000000102cd0d50 cxxbridge1$string$len + 368756\n4   chromedriver                        0x0000000102d0a5b4 cxxbridge1$string$len + 604376\n5   chromedriver                        0x0000000102cc5568 cxxbridge1$string$len + 321676\n6   chromedriver                        0x0000000102cc61b8 cxxbridge1$string$len + 324828\n7   chromedriver                        0x00000001031f29ac cxxbridge1$str$ptr + 3411716\n8   chromedriver                        0x00000001031f5ccc cxxbridge1$str$ptr + 3424804\n9   chromedriver                        0x00000001031d986c cxxbridge1$str$ptr + 3308996\n10  chromedriver                        0x00000001031f658c cxxbridge1$str$ptr + 3427044\n11  chromedriver                        0x00000001031cb09c cxxbridge1$str$ptr + 3249652\n12  chromedriver                        0x00000001032104b8 cxxbridge1$str$ptr + 3533328\n13  chromedriver                        0x0000000103210634 cxxbridge1$str$ptr + 3533708\n14  chromedriver                        0x000000010321f648 cxxbridge1$str$ptr + 3595168\n15  libsystem_pthread.dylib             0x000000018893ef94 _pthread_start + 136\n16  libsystem_pthread.dylib             0x0000000188939d34 thread_start + 8\n"}} | headers=HTTPHeaderDict({'Content-Length': '1732', 'Content-Type': 'application/json; charset=utf-8', 'cache-control': 'no-cache'})
DEBUG:selenium.webdriver.remote.remote_connection:Finished Request
DEBUG:selenium.webdriver.remote.remote_connection:POST http://localhost:64214/session/3a80bdbc334e6fcc1c5c92b06ff79a68/element {'using': 'css selector', 'value': '.button.text-xs.lg\\:w\\[170px\\]'}
DEBUG:urllib3.connectionpool:http://localhost:64214 "POST /session/3a80bdbc334e6fcc1c5c92b06ff79a68/element HTTP/1.1" 404 0
DEBUG:selenium.webdriver.remote.remote_connection:Remote response: status=404 | data={"value":{"error":"no such element","message":"no such element: Unable to locate element: {\"method\":\"css selector\",\"selector\":\".button.text-xs.lg\\:w\\[170px\\]\"}\n  (Session info: chrome=131.0.6778.205)","stacktrace":"0   chromedriver                        0x0000000103227184 cxxbridge1$str$ptr + 3626716\n1   chromedriver                        0x000000010321f9d4 cxxbridge1$str$ptr + 3596076\n2   chromedriver                        0x0000000102c8c968 cxxbridge1$string$len + 89228\n3   chromedriver                        0x0000000102cd0d50 cxxbridge1$string$len + 368756\n4   chromedriver                        0x0000000102d0a5b4 cxxbridge1$string$len + 604376\n5   chromedriver                        0x0000000102cc5568 cxxbridge1$string$len + 321676\n6   chromedriver                        0x0000000102cc61b8 cxxbridge1$string$len + 324828\n7   chromedriver                        0x00000001031f29ac cxxbridge1$str$ptr + 3411716\n8   chromedriver                        0x00000001031f5ccc cxxbridge1$str$ptr + 3424804\n9   chromedriver                        0x00000001031d986c cxxbridge1$str$ptr + 3308996\n10  chromedriver                        0x00000001031f658c cxxbridge1$str$ptr + 3427044\n11  chromedriver                        0x00000001031cb09c cxxbridge1$str$ptr + 3249652\n12  chromedriver                        0x00000001032104b8 cxxbridge1$str$ptr + 3533328\n13  chromedriver                        0x0000000103210634 cxxbridge1$str$ptr + 3533708\n14  chromedriver                        0x000000010321f648 cxxbridge1$str$ptr + 3595168\n15  libsystem_pthread.dylib             0x000000018893ef94 _pthread_start + 136\n16  libsystem_pthread.dylib             0x0000000188939d34 thread_start + 8\n"}} | headers=HTTPHeaderDict({'Content-Length': '1732', 'Content-Type': 'application/json; charset=utf-8', 'cache-control': 'no-cache'})
DEBUG:selenium.webdriver.remote.remote_connection:Finished Request
DEBUG:selenium.webdriver.remote.remote_connection:POST http://localhost:64214/session/3a80bdbc334e6fcc1c5c92b06ff79a68/element {'using': 'css selector', 'value': '.button.text-xs.lg\\:w\\[170px\\]'}
DEBUG:urllib3.connectionpool:http://localhost:64214 "POST /session/3a80bdbc334e6fcc1c5c92b06ff79a68/element HTTP/1.1" 404 0
DEBUG:selenium.webdriver.remote.remote_connection:Remote response: status=404 | data={"value":{"error":"no such element","message":"no such element: Unable to locate element: {\"method\":\"css selector\",\"selector\":\".button.text-xs.lg\\:w\\[170px\\]\"}\n  (Session info: chrome=131.0.6778.205)","stacktrace":"0   chromedriver                        0x0000000103227184 cxxbridge1$str$ptr + 3626716\n1   chromedriver                        0x000000010321f9d4 cxxbridge1$str$ptr + 3596076\n2   chromedriver                        0x0000000102c8c968 cxxbridge1$string$len + 89228\n3   chromedriver                        0x0000000102cd0d50 cxxbridge1$string$len + 368756\n4   chromedriver                        0x0000000102d0a5b4 cxxbridge1$string$len + 604376\n5   chromedriver                        0x0000000102cc5568 cxxbridge1$string$len + 321676\n6   chromedriver                        0x0000000102cc61b8 cxxbridge1$string$len + 324828\n7   chromedriver                        0x00000001031f29ac cxxbridge1$str$ptr + 3411716\n8   chromedriver                        0x00000001031f5ccc cxxbridge1$str$ptr + 3424804\n9   chromedriver                        0x00000001031d986c cxxbridge1$str$ptr + 3308996\n10  chromedriver                        0x00000001031f658c cxxbridge1$str$ptr + 3427044\n11  chromedriver                        0x00000001031cb09c cxxbridge1$str$ptr + 3249652\n12  chromedriver                        0x00000001032104b8 cxxbridge1$str$ptr + 3533328\n13  chromedriver                        0x0000000103210634 cxxbridge1$str$ptr + 3533708\n14  chromedriver                        0x000000010321f648 cxxbridge1$str$ptr + 3595168\n15  libsystem_pthread.dylib             0x000000018893ef94 _pthread_start + 136\n16  libsystem_pthread.dylib             0x0000000188939d34 thread_start + 8\n"}} | headers=HTTPHeaderDict({'Content-Length': '1732', 'Content-Type': 'application/json; charset=utf-8', 'cache-control': 'no-cache'})
DEBUG:selenium.webdriver.remote.remote_connection:Finished Request
DEBUG:selenium.webdriver.remote.remote_connection:POST http://localhost:64214/session/3a80bdbc334e6fcc1c5c92b06ff79a68/element {'using': 'css selector', 'value': '.button.text-xs.lg\\:w\\[170px\\]'}
DEBUG:urllib3.connectionpool:http://localhost:64214 "POST /session/3a80bdbc334e6fcc1c5c92b06ff79a68/element HTTP/1.1" 404 0
DEBUG:selenium.webdriver.remote.remote_connection:Remote response: status=404 | data={"value":{"error":"no such element","message":"no such element: Unable to locate element: {\"method\":\"css selector\",\"selector\":\".button.text-xs.lg\\:w\\[170px\\]\"}\n  (Session info: chrome=131.0.6778.205)","stacktrace":"0   chromedriver                        0x0000000103227184 cxxbridge1$str$ptr + 3626716\n1   chromedriver                        0x000000010321f9d4 cxxbridge1$str$ptr + 3596076\n2   chromedriver                        0x0000000102c8c968 cxxbridge1$string$len + 89228\n3   chromedriver                        0x0000000102cd0d50 cxxbridge1$string$len + 368756\n4   chromedriver                        0x0000000102d0a5b4 cxxbridge1$string$len + 604376\n5   chromedriver                        0x0000000102cc5568 cxxbridge1$string$len + 321676\n6   chromedriver                        0x0000000102cc61b8 cxxbridge1$string$len + 324828\n7   chromedriver                        0x00000001031f29ac cxxbridge1$str$ptr + 3411716\n8   chromedriver                        0x00000001031f5ccc cxxbridge1$str$ptr + 3424804\n9   chromedriver                        0x00000001031d986c cxxbridge1$str$ptr + 3308996\n10  chromedriver                        0x00000001031f658c cxxbridge1$str$ptr + 3427044\n11  chromedriver                        0x00000001031cb09c cxxbridge1$str$ptr + 3249652\n12  chromedriver                        0x00000001032104b8 cxxbridge1$str$ptr + 3533328\n13  chromedriver                        0x0000000103210634 cxxbridge1$str$ptr + 3533708\n14  chromedriver                        0x000000010321f648 cxxbridge1$str$ptr + 3595168\n15  libsystem_pthread.dylib             0x000000018893ef94 _pthread_start + 136\n16  libsystem_pthread.dylib             0x0000000188939d34 thread_start + 8\n"}} | headers=HTTPHeaderDict({'Content-Length': '1732', 'Content-Type': 'application/json; charset=utf-8', 'cache-control': 'no-cache'})
DEBUG:selenium.webdriver.remote.remote_connection:Finished Request
DEBUG:selenium.webdriver.remote.remote_connection:POST http://localhost:64214/session/3a80bdbc334e6fcc1c5c92b06ff79a68/element {'using': 'css selector', 'value': '.button.text-xs.lg\\:w\\[170px\\]'}
DEBUG:urllib3.connectionpool:http://localhost:64214 "POST /session/3a80bdbc334e6fcc1c5c92b06ff79a68/element HTTP/1.1" 404 0
DEBUG:selenium.webdriver.remote.remote_connection:Remote response: status=404 | data={"value":{"error":"no such element","message":"no such element: Unable to locate element: {\"method\":\"css selector\",\"selector\":\".button.text-xs.lg\\:w\\[170px\\]\"}\n  (Session info: chrome=131.0.6778.205)","stacktrace":"0   chromedriver                        0x0000000103227184 cxxbridge1$str$ptr + 3626716\n1   chromedriver                        0x000000010321f9d4 cxxbridge1$str$ptr + 3596076\n2   chromedriver                        0x0000000102c8c968 cxxbridge1$string$len + 89228\n3   chromedriver                        0x0000000102cd0d50 cxxbridge1$string$len + 368756\n4   chromedriver                        0x0000000102d0a5b4 cxxbridge1$string$len + 604376\n5   chromedriver                        0x0000000102cc5568 cxxbridge1$string$len + 321676\n6   chromedriver                        0x0000000102cc61b8 cxxbridge1$string$len + 324828\n7   chromedriver                        0x00000001031f29ac cxxbridge1$str$ptr + 3411716\n8   chromedriver                        0x00000001031f5ccc cxxbridge1$str$ptr + 3424804\n9   chromedriver                        0x00000001031d986c cxxbridge1$str$ptr + 3308996\n10  chromedriver                        0x00000001031f658c cxxbridge1$str$ptr + 3427044\n11  chromedriver                        0x00000001031cb09c cxxbridge1$str$ptr + 3249652\n12  chromedriver                        0x00000001032104b8 cxxbridge1$str$ptr + 3533328\n13  chromedriver                        0x0000000103210634 cxxbridge1$str$ptr + 3533708\n14  chromedriver                        0x000000010321f648 cxxbridge1$str$ptr + 3595168\n15  libsystem_pthread.dylib             0x000000018893ef94 _pthread_start + 136\n16  libsystem_pthread.dylib             0x0000000188939d34 thread_start + 8\n"}} | headers=HTTPHeaderDict({'Content-Length': '1732', 'Content-Type': 'application/json; charset=utf-8', 'cache-control': 'no-cache'})
DEBUG:selenium.webdriver.remote.remote_connection:Finished Request
DEBUG:selenium.webdriver.remote.remote_connection:POST http://localhost:64214/session/3a80bdbc334e6fcc1c5c92b06ff79a68/element {'using': 'css selector', 'value': '.button.text-xs.lg\\:w\\[170px\\]'}
DEBUG:urllib3.connectionpool:http://localhost:64214 "POST /session/3a80bdbc334e6fcc1c5c92b06ff79a68/element HTTP/1.1" 404 0
DEBUG:selenium.webdriver.remote.remote_connection:Remote response: status=404 | data={"value":{"error":"no such element","message":"no such element: Unable to locate element: {\"method\":\"css selector\",\"selector\":\".button.text-xs.lg\\:w\\[170px\\]\"}\n  (Session info: chrome=131.0.6778.205)","stacktrace":"0   chromedriver                        0x0000000103227184 cxxbridge1$str$ptr + 3626716\n1   chromedriver                        0x000000010321f9d4 cxxbridge1$str$ptr + 3596076\n2   chromedriver                        0x0000000102c8c968 cxxbridge1$string$len + 89228\n3   chromedriver                        0x0000000102cd0d50 cxxbridge1$string$len + 368756\n4   chromedriver                        0x0000000102d0a5b4 cxxbridge1$string$len + 604376\n5   chromedriver                        0x0000000102cc5568 cxxbridge1$string$len + 321676\n6   chromedriver                        0x0000000102cc61b8 cxxbridge1$string$len + 324828\n7   chromedriver                        0x00000001031f29ac cxxbridge1$str$ptr + 3411716\n8   chromedriver                        0x00000001031f5ccc cxxbridge1$str$ptr + 3424804\n9   chromedriver                        0x00000001031d986c cxxbridge1$str$ptr + 3308996\n10  chromedriver                        0x00000001031f658c cxxbridge1$str$ptr + 3427044\n11  chromedriver                        0x00000001031cb09c cxxbridge1$str$ptr + 3249652\n12  chromedriver                        0x00000001032104b8 cxxbridge1$str$ptr + 3533328\n13  chromedriver                        0x0000000103210634 cxxbridge1$str$ptr + 3533708\n14  chromedriver                        0x000000010321f648 cxxbridge1$str$ptr + 3595168\n15  libsystem_pthread.dylib             0x000000018893ef94 _pthread_start + 136\n16  libsystem_pthread.dylib             0x0000000188939d34 thread_start + 8\n"}} | headers=HTTPHeaderDict({'Content-Length': '1732', 'Content-Type': 'application/json; charset=utf-8', 'cache-control': 'no-cache'})
DEBUG:selenium.webdriver.remote.remote_connection:Finished Request
DEBUG:selenium.webdriver.remote.remote_connection:POST http://localhost:64214/session/3a80bdbc334e6fcc1c5c92b06ff79a68/element {'using': 'xpath', 'value': '//button[contains(text(), "Reject all")]'}
DEBUG:urllib3.connectionpool:http://localhost:64214 "POST /session/3a80bdbc334e6fcc1c5c92b06ff79a68/element HTTP/1.1" 200 0
DEBUG:selenium.webdriver.remote.remote_connection:Remote response: status=200 | data={"value":{"element-6066-11e4-a52e-4f735466cecf":"f.0603B43F718346474315895CF8381CCD.d.6DA58206F833A4D98589D6792DF9819E.e.5650"}} | headers=HTTPHeaderDict({'Content-Length': '128', 'Content-Type': 'application/json; charset=utf-8', 'cache-control': 'no-cache'})
DEBUG:selenium.webdriver.remote.remote_connection:Finished Request
DEBUG:selenium.webdriver.remote.remote_connection:POST http://localhost:64214/session/3a80bdbc334e6fcc1c5c92b06ff79a68/execute/sync {'script': '/* isDisplayed */return (function(){return (function(){var g=this||self;\nfunction aa(a){var b=typeof...', 'args': [{'element-6066-11e4-a52e-4f735466cecf': 'f.0603B43F718346474315895CF8381CCD.d.6DA58206F833A4D98589D6792DF9819E.e.5650'}]}
DEBUG:urllib3.connectionpool:http://localhost:64214 "POST /session/3a80bdbc334e6fcc1c5c92b06ff79a68/execute/sync HTTP/1.1" 200 0
DEBUG:selenium.webdriver.remote.remote_connection:Remote response: status=200 | data={"value":true} | headers=HTTPHeaderDict({'Content-Length': '14', 'Content-Type': 'application/json; charset=utf-8', 'cache-control': 'no-cache'})
DEBUG:selenium.webdriver.remote.remote_connection:Finished Request
DEBUG:selenium.webdriver.remote.remote_connection:GET http://localhost:64214/session/3a80bdbc334e6fcc1c5c92b06ff79a68/element/f.0603B43F718346474315895CF8381CCD.d.6DA58206F833A4D98589D6792DF9819E.e.5650/enabled {}
DEBUG:urllib3.connectionpool:http://localhost:64214 "GET /session/3a80bdbc334e6fcc1c5c92b06ff79a68/element/f.0603B43F718346474315895CF8381CCD.d.6DA58206F833A4D98589D6792DF9819E.e.5650/enabled HTTP/1.1" 200 0
DEBUG:selenium.webdriver.remote.remote_connection:Remote response: status=200 | data={"value":true} | headers=HTTPHeaderDict({'Content-Length': '14', 'Content-Type': 'application/json; charset=utf-8', 'cache-control': 'no-cache'})
DEBUG:selenium.webdriver.remote.remote_connection:Finished Request
DEBUG:selenium.webdriver.remote.remote_connection:POST http://localhost:64214/session/3a80bdbc334e6fcc1c5c92b06ff79a68/element {'using': 'css selector', 'value': '.button.text-xs.lg\\:w\\[170px\\]'}
DEBUG:urllib3.connectionpool:http://localhost:64214 "POST /session/3a80bdbc334e6fcc1c5c92b06ff79a68/element HTTP/1.1" 404 0
DEBUG:selenium.webdriver.remote.remote_connection:Remote response: status=404 | data={"value":{"error":"no such element","message":"no such element: Unable to locate element: {\"method\":\"css selector\",\"selector\":\".button.text-xs.lg\\:w\\[170px\\]\"}\n  (Session info: chrome=131.0.6778.205)","stacktrace":"0   chromedriver                        0x0000000103227184 cxxbridge1$str$ptr + 3626716\n1   chromedriver                        0x000000010321f9d4 cxxbridge1$str$ptr + 3596076\n2   chromedriver                        0x0000000102c8c968 cxxbridge1$string$len + 89228\n3   chromedriver                        0x0000000102cd0d50 cxxbridge1$string$len + 368756\n4   chromedriver                        0x0000000102d0a5b4 cxxbridge1$string$len + 604376\n5   chromedriver                        0x0000000102cc5568 cxxbridge1$string$len + 321676\n6   chromedriver                        0x0000000102cc61b8 cxxbridge1$string$len + 324828\n7   chromedriver                        0x00000001031f29ac cxxbridge1$str$ptr + 3411716\n8   chromedriver                        0x00000001031f5ccc cxxbridge1$str$ptr + 3424804\n9   chromedriver                        0x00000001031d986c cxxbridge1$str$ptr + 3308996\n10  chromedriver                        0x00000001031f658c cxxbridge1$str$ptr + 3427044\n11  chromedriver                        0x00000001031cb09c cxxbridge1$str$ptr + 3249652\n12  chromedriver                        0x00000001032104b8 cxxbridge1$str$ptr + 3533328\n13  chromedriver                        0x0000000103210634 cxxbridge1$str$ptr + 3533708\n14  chromedriver                        0x000000010321f648 cxxbridge1$str$ptr + 3595168\n15  libsystem_pthread.dylib             0x000000018893ef94 _pthread_start + 136\n16  libsystem_pthread.dylib             0x0000000188939d34 thread_start + 8\n"}} | headers=HTTPHeaderDict({'Content-Length': '1732', 'Content-Type': 'application/json; charset=utf-8', 'cache-control': 'no-cache'})
DEBUG:selenium.webdriver.remote.remote_connection:Finished Request
DEBUG:selenium.webdriver.remote.remote_connection:POST http://localhost:64214/session/3a80bdbc334e6fcc1c5c92b06ff79a68/element {'using': 'css selector', 'value': '.button.text-xs.lg\\:w\\[170px\\]'}
DEBUG:urllib3.connectionpool:http://localhost:64214 "POST /session/3a80bdbc334e6fcc1c5c92b06ff79a68/element HTTP/1.1" 404 0
DEBUG:selenium.webdriver.remote.remote_connection:Remote response: status=404 | data={"value":{"error":"no such element","message":"no such element: Unable to locate element: {\"method\":\"css selector\",\"selector\":\".button.text-xs.lg\\:w\\[170px\\]\"}\n  (Session info: chrome=131.0.6778.205)","stacktrace":"0   chromedriver                        0x0000000103227184 cxxbridge1$str$ptr + 3626716\n1   chromedriver                        0x000000010321f9d4 cxxbridge1$str$ptr + 3596076\n2   chromedriver                        0x0000000102c8c968 cxxbridge1$string$len + 89228\n3   chromedriver                        0x0000000102cd0d50 cxxbridge1$string$len + 368756\n4   chromedriver                        0x0000000102d0a5b4 cxxbridge1$string$len + 604376\n5   chromedriver                        0x0000000102cc5568 cxxbridge1$string$len + 321676\n6   chromedriver                        0x0000000102cc61b8 cxxbridge1$string$len + 324828\n7   chromedriver                        0x00000001031f29ac cxxbridge1$str$ptr + 3411716\n8   chromedriver                        0x00000001031f5ccc cxxbridge1$str$ptr + 3424804\n9   chromedriver                        0x00000001031d986c cxxbridge1$str$ptr + 3308996\n10  chromedriver                        0x00000001031f658c cxxbridge1$str$ptr + 3427044\n11  chromedriver                        0x00000001031cb09c cxxbridge1$str$ptr + 3249652\n12  chromedriver                        0x00000001032104b8 cxxbridge1$str$ptr + 3533328\n13  chromedriver                        0x0000000103210634 cxxbridge1$str$ptr + 3533708\n14  chromedriver                        0x000000010321f648 cxxbridge1$str$ptr + 3595168\n15  libsystem_pthread.dylib             0x000000018893ef94 _pthread_start + 136\n16  libsystem_pthread.dylib             0x0000000188939d34 thread_start + 8\n"}} | headers=HTTPHeaderDict({'Content-Length': '1732', 'Content-Type': 'application/json; charset=utf-8', 'cache-control': 'no-cache'})
DEBUG:selenium.webdriver.remote.remote_connection:Finished Request
DEBUG:selenium.webdriver.remote.remote_connection:POST http://localhost:64214/session/3a80bdbc334e6fcc1c5c92b06ff79a68/element {'using': 'css selector', 'value': '.button.text-xs.lg\\:w\\[170px\\]'}
DEBUG:urllib3.connectionpool:http://localhost:64214 "POST /session/3a80bdbc334e6fcc1c5c92b06ff79a68/element HTTP/1.1" 404 0
DEBUG:selenium.webdriver.remote.remote_connection:Remote response: status=404 | data={"value":{"error":"no such element","message":"no such element: Unable to locate element: {\"method\":\"css selector\",\"selector\":\".button.text-xs.lg\\:w\\[170px\\]\"}\n  (Session info: chrome=131.0.6778.205)","stacktrace":"0   chromedriver                        0x0000000103227184 cxxbridge1$str$ptr + 3626716\n1   chromedriver                        0x000000010321f9d4 cxxbridge1$str$ptr + 3596076\n2   chromedriver                        0x0000000102c8c968 cxxbridge1$string$len + 89228\n3   chromedriver                        0x0000000102cd0d50 cxxbridge1$string$len + 368756\n4   chromedriver                        0x0000000102d0a5b4 cxxbridge1$string$len + 604376\n5   chromedriver                        0x0000000102cc5568 cxxbridge1$string$len + 321676\n6   chromedriver                        0x0000000102cc61b8 cxxbridge1$string$len + 324828\n7   chromedriver                        0x00000001031f29ac cxxbridge1$str$ptr + 3411716\n8   chromedriver                        0x00000001031f5ccc cxxbridge1$str$ptr + 3424804\n9   chromedriver                        0x00000001031d986c cxxbridge1$str$ptr + 3308996\n10  chromedriver                        0x00000001031f658c cxxbridge1$str$ptr + 3427044\n11  chromedriver                        0x00000001031cb09c cxxbridge1$str$ptr + 3249652\n12  chromedriver                        0x00000001032104b8 cxxbridge1$str$ptr + 3533328\n13  chromedriver                        0x0000000103210634 cxxbridge1$str$ptr + 3533708\n14  chromedriver                        0x000000010321f648 cxxbridge1$str$ptr + 3595168\n15  libsystem_pthread.dylib             0x000000018893ef94 _pthread_start + 136\n16  libsystem_pthread.dylib             0x0000000188939d34 thread_start + 8\n"}} | headers=HTTPHeaderDict({'Content-Length': '1732', 'Content-Type': 'application/json; charset=utf-8', 'cache-control': 'no-cache'})
DEBUG:selenium.webdriver.remote.remote_connection:Finished Request
DEBUG:selenium.webdriver.remote.remote_connection:POST http://localhost:64214/session/3a80bdbc334e6fcc1c5c92b06ff79a68/element {'using': 'css selector', 'value': '.button.text-xs.lg\\:w\\[170px\\]'}
DEBUG:urllib3.connectionpool:http://localhost:64214 "POST /session/3a80bdbc334e6fcc1c5c92b06ff79a68/element HTTP/1.1" 404 0
DEBUG:selenium.webdriver.remote.remote_connection:Remote response: status=404 | data={"value":{"error":"no such element","message":"no such element: Unable to locate element: {\"method\":\"css selector\",\"selector\":\".button.text-xs.lg\\:w\\[170px\\]\"}\n  (Session info: chrome=131.0.6778.205)","stacktrace":"0   chromedriver                        0x0000000103227184 cxxbridge1$str$ptr + 3626716\n1   chromedriver                        0x000000010321f9d4 cxxbridge1$str$ptr + 3596076\n2   chromedriver                        0x0000000102c8c968 cxxbridge1$string$len + 89228\n3   chromedriver                        0x0000000102cd0d50 cxxbridge1$string$len + 368756\n4   chromedriver                        0x0000000102d0a5b4 cxxbridge1$string$len + 604376\n5   chromedriver                        0x0000000102cc5568 cxxbridge1$string$len + 321676\n6   chromedriver                        0x0000000102cc61b8 cxxbridge1$string$len + 324828\n7   chromedriver                        0x00000001031f29ac cxxbridge1$str$ptr + 3411716\n8   chromedriver                        0x00000001031f5ccc cxxbridge1$str$ptr + 3424804\n9   chromedriver                        0x00000001031d986c cxxbridge1$str$ptr + 3308996\n10  chromedriver                        0x00000001031f658c cxxbridge1$str$ptr + 3427044\n11  chromedriver                        0x00000001031cb09c cxxbridge1$str$ptr + 3249652\n12  chromedriver                        0x00000001032104b8 cxxbridge1$str$ptr + 3533328\n13  chromedriver                        0x0000000103210634 cxxbridge1$str$ptr + 3533708\n14  chromedriver                        0x000000010321f648 cxxbridge1$str$ptr + 3595168\n15  libsystem_pthread.dylib             0x000000018893ef94 _pthread_start + 136\n16  libsystem_pthread.dylib             0x0000000188939d34 thread_start + 8\n"}} | headers=HTTPHeaderDict({'Content-Length': '1732', 'Content-Type': 'application/json; charset=utf-8', 'cache-control': 'no-cache'})
DEBUG:selenium.webdriver.remote.remote_connection:Finished Request
DEBUG:selenium.webdriver.remote.remote_connection:POST http://localhost:64214/session/3a80bdbc334e6fcc1c5c92b06ff79a68/element {'using': 'css selector', 'value': '.button.text-xs.lg\\:w\\[170px\\]'}
DEBUG:urllib3.connectionpool:http://localhost:64214 "POST /session/3a80bdbc334e6fcc1c5c92b06ff79a68/element HTTP/1.1" 404 0
DEBUG:selenium.webdriver.remote.remote_connection:Remote response: status=404 | data={"value":{"error":"no such element","message":"no such element: Unable to locate element: {\"method\":\"css selector\",\"selector\":\".button.text-xs.lg\\:w\\[170px\\]\"}\n  (Session info: chrome=131.0.6778.205)","stacktrace":"0   chromedriver                        0x0000000103227184 cxxbridge1$str$ptr + 3626716\n1   chromedriver                        0x000000010321f9d4 cxxbridge1$str$ptr + 3596076\n2   chromedriver                        0x0000000102c8c968 cxxbridge1$string$len + 89228\n3   chromedriver                        0x0000000102cd0d50 cxxbridge1$string$len + 368756\n4   chromedriver                        0x0000000102d0a5b4 cxxbridge1$string$len + 604376\n5   chromedriver                        0x0000000102cc5568 cxxbridge1$string$len + 321676\n6   chromedriver                        0x0000000102cc61b8 cxxbridge1$string$len + 324828\n7   chromedriver                        0x00000001031f29ac cxxbridge1$str$ptr + 3411716\n8   chromedriver                        0x00000001031f5ccc cxxbridge1$str$ptr + 3424804\n9   chromedriver                        0x00000001031d986c cxxbridge1$str$ptr + 3308996\n10  chromedriver                        0x00000001031f658c cxxbridge1$str$ptr + 3427044\n11  chromedriver                        0x00000001031cb09c cxxbridge1$str$ptr + 3249652\n12  chromedriver                        0x00000001032104b8 cxxbridge1$str$ptr + 3533328\n13  chromedriver                        0x0000000103210634 cxxbridge1$str$ptr + 3533708\n14  chromedriver                        0x000000010321f648 cxxbridge1$str$ptr + 3595168\n15  libsystem_pthread.dylib             0x000000018893ef94 _pthread_start + 136\n16  libsystem_pthread.dylib             0x0000000188939d34 thread_start + 8\n"}} | headers=HTTPHeaderDict({'Content-Length': '1732', 'Content-Type': 'application/json; charset=utf-8', 'cache-control': 'no-cache'})
DEBUG:selenium.webdriver.remote.remote_connection:Finished Request
DEBUG:selenium.webdriver.remote.remote_connection:POST http://localhost:64214/session/3a80bdbc334e6fcc1c5c92b06ff79a68/element {'using': 'css selector', 'value': '.button.text-xs.lg\\:w\\[170px\\]'}
DEBUG:urllib3.connectionpool:http://localhost:64214 "POST /session/3a80bdbc334e6fcc1c5c92b06ff79a68/element HTTP/1.1" 404 0
DEBUG:selenium.webdriver.remote.remote_connection:Remote response: status=404 | data={"value":{"error":"no such element","message":"no such element: Unable to locate element: {\"method\":\"css selector\",\"selector\":\".button.text-xs.lg\\:w\\[170px\\]\"}\n  (Session info: chrome=131.0.6778.205)","stacktrace":"0   chromedriver                        0x0000000103227184 cxxbridge1$str$ptr + 3626716\n1   chromedriver                        0x000000010321f9d4 cxxbridge1$str$ptr + 3596076\n2   chromedriver                        0x0000000102c8c968 cxxbridge1$string$len + 89228\n3   chromedriver                        0x0000000102cd0d50 cxxbridge1$string$len + 368756\n4   chromedriver                        0x0000000102d0a5b4 cxxbridge1$string$len + 604376\n5   chromedriver                        0x0000000102cc5568 cxxbridge1$string$len + 321676\n6   chromedriver                        0x0000000102cc61b8 cxxbridge1$string$len + 324828\n7   chromedriver                        0x00000001031f29ac cxxbridge1$str$ptr + 3411716\n8   chromedriver                        0x00000001031f5ccc cxxbridge1$str$ptr + 3424804\n9   chromedriver                        0x00000001031d986c cxxbridge1$str$ptr + 3308996\n10  chromedriver                        0x00000001031f658c cxxbridge1$str$ptr + 3427044\n11  chromedriver                        0x00000001031cb09c cxxbridge1$str$ptr + 3249652\n12  chromedriver                        0x00000001032104b8 cxxbridge1$str$ptr + 3533328\n13  chromedriver                        0x0000000103210634 cxxbridge1$str$ptr + 3533708\n14  chromedriver                        0x000000010321f648 cxxbridge1$str$ptr + 3595168\n15  libsystem_pthread.dylib             0x000000018893ef94 _pthread_start + 136\n16  libsystem_pthread.dylib             0x0000000188939d34 thread_start + 8\n"}} | headers=HTTPHeaderDict({'Content-Length': '1732', 'Content-Type': 'application/json; charset=utf-8', 'cache-control': 'no-cache'})
DEBUG:selenium.webdriver.remote.remote_connection:Finished Request
DEBUG:selenium.webdriver.remote.remote_connection:POST http://localhost:64214/session/3a80bdbc334e6fcc1c5c92b06ff79a68/element {'using': 'xpath', 'value': '//button[contains(text(), "Reject all")]'}
DEBUG:urllib3.connectionpool:http://localhost:64214 "POST /session/3a80bdbc334e6fcc1c5c92b06ff79a68/element HTTP/1.1" 200 0
DEBUG:selenium.webdriver.remote.remote_connection:Remote response: status=200 | data={"value":{"element-6066-11e4-a52e-4f735466cecf":"f.0603B43F718346474315895CF8381CCD.d.6DA58206F833A4D98589D6792DF9819E.e.5650"}} | headers=HTTPHeaderDict({'Content-Length': '128', 'Content-Type': 'application/json; charset=utf-8', 'cache-control': 'no-cache'})
DEBUG:selenium.webdriver.remote.remote_connection:Finished Request
DEBUG:selenium.webdriver.remote.remote_connection:POST http://localhost:64214/session/3a80bdbc334e6fcc1c5c92b06ff79a68/execute/sync {'script': '/* isDisplayed */return (function(){return (function(){var g=this||self;\nfunction aa(a){var b=typeof...', 'args': [{'element-6066-11e4-a52e-4f735466cecf': 'f.0603B43F718346474315895CF8381CCD.d.6DA58206F833A4D98589D6792DF9819E.e.5650'}]}
DEBUG:urllib3.connectionpool:http://localhost:64214 "POST /session/3a80bdbc334e6fcc1c5c92b06ff79a68/execute/sync HTTP/1.1" 200 0
DEBUG:selenium.webdriver.remote.remote_connection:Remote response: status=200 | data={"value":true} | headers=HTTPHeaderDict({'Content-Length': '14', 'Content-Type': 'application/json; charset=utf-8', 'cache-control': 'no-cache'})
DEBUG:selenium.webdriver.remote.remote_connection:Finished Request
DEBUG:selenium.webdriver.remote.remote_connection:GET http://localhost:64214/session/3a80bdbc334e6fcc1c5c92b06ff79a68/element/f.0603B43F718346474315895CF8381CCD.d.6DA58206F833A4D98589D6792DF9819E.e.5650/enabled {}
DEBUG:urllib3.connectionpool:http://localhost:64214 "GET /session/3a80bdbc334e6fcc1c5c92b06ff79a68/element/f.0603B43F718346474315895CF8381CCD.d.6DA58206F833A4D98589D6792DF9819E.e.5650/enabled HTTP/1.1" 200 0
DEBUG:selenium.webdriver.remote.remote_connection:Remote response: status=200 | data={"value":true} | headers=HTTPHeaderDict({'Content-Length': '14', 'Content-Type': 'application/json; charset=utf-8', 'cache-control': 'no-cache'})
DEBUG:selenium.webdriver.remote.remote_connection:Finished Request
DEBUG:selenium.webdriver.remote.remote_connection:POST http://localhost:64214/session/3a80bdbc334e6fcc1c5c92b06ff79a68/element {'using': 'css selector', 'value': '.button.text-xs.lg\\:w\\[170px\\]'}
DEBUG:urllib3.connectionpool:http://localhost:64214 "POST /session/3a80bdbc334e6fcc1c5c92b06ff79a68/element HTTP/1.1" 404 0
DEBUG:selenium.webdriver.remote.remote_connection:Remote response: status=404 | data={"value":{"error":"no such element","message":"no such element: Unable to locate element: {\"method\":\"css selector\",\"selector\":\".button.text-xs.lg\\:w\\[170px\\]\"}\n  (Session info: chrome=131.0.6778.205)","stacktrace":"0   chromedriver                        0x0000000103227184 cxxbridge1$str$ptr + 3626716\n1   chromedriver                        0x000000010321f9d4 cxxbridge1$str$ptr + 3596076\n2   chromedriver                        0x0000000102c8c968 cxxbridge1$string$len + 89228\n3   chromedriver                        0x0000000102cd0d50 cxxbridge1$string$len + 368756\n4   chromedriver                        0x0000000102d0a5b4 cxxbridge1$string$len + 604376\n5   chromedriver                        0x0000000102cc5568 cxxbridge1$string$len + 321676\n6   chromedriver                        0x0000000102cc61b8 cxxbridge1$string$len + 324828\n7   chromedriver                        0x00000001031f29ac cxxbridge1$str$ptr + 3411716\n8   chromedriver                        0x00000001031f5ccc cxxbridge1$str$ptr + 3424804\n9   chromedriver                        0x00000001031d986c cxxbridge1$str$ptr + 3308996\n10  chromedriver                        0x00000001031f658c cxxbridge1$str$ptr + 3427044\n11  chromedriver                        0x00000001031cb09c cxxbridge1$str$ptr + 3249652\n12  chromedriver                        0x00000001032104b8 cxxbridge1$str$ptr + 3533328\n13  chromedriver                        0x0000000103210634 cxxbridge1$str$ptr + 3533708\n14  chromedriver                        0x000000010321f648 cxxbridge1$str$ptr + 3595168\n15  libsystem_pthread.dylib             0x000000018893ef94 _pthread_start + 136\n16  libsystem_pthread.dylib             0x0000000188939d34 thread_start + 8\n"}} | headers=HTTPHeaderDict({'Content-Length': '1732', 'Content-Type': 'application/json; charset=utf-8', 'cache-control': 'no-cache'})
DEBUG:selenium.webdriver.remote.remote_connection:Finished Request
DEBUG:selenium.webdriver.remote.remote_connection:POST http://localhost:64214/session/3a80bdbc334e6fcc1c5c92b06ff79a68/element {'using': 'css selector', 'value': '.button.text-xs.lg\\:w\\[170px\\]'}
DEBUG:urllib3.connectionpool:http://localhost:64214 "POST /session/3a80bdbc334e6fcc1c5c92b06ff79a68/element HTTP/1.1" 404 0
DEBUG:selenium.webdriver.remote.remote_connection:Remote response: status=404 | data={"value":{"error":"no such element","message":"no such element: Unable to locate element: {\"method\":\"css selector\",\"selector\":\".button.text-xs.lg\\:w\\[170px\\]\"}\n  (Session info: chrome=131.0.6778.205)","stacktrace":"0   chromedriver                        0x0000000103227184 cxxbridge1$str$ptr + 3626716\n1   chromedriver                        0x000000010321f9d4 cxxbridge1$str$ptr + 3596076\n2   chromedriver                        0x0000000102c8c968 cxxbridge1$string$len + 89228\n3   chromedriver                        0x0000000102cd0d50 cxxbridge1$string$len + 368756\n4   chromedriver                        0x0000000102d0a5b4 cxxbridge1$string$len + 604376\n5   chromedriver                        0x0000000102cc5568 cxxbridge1$string$len + 321676\n6   chromedriver                        0x0000000102cc61b8 cxxbridge1$string$len + 324828\n7   chromedriver                        0x00000001031f29ac cxxbridge1$str$ptr + 3411716\n8   chromedriver                        0x00000001031f5ccc cxxbridge1$str$ptr + 3424804\n9   chromedriver                        0x00000001031d986c cxxbridge1$str$ptr + 3308996\n10  chromedriver                        0x00000001031f658c cxxbridge1$str$ptr + 3427044\n11  chromedriver                        0x00000001031cb09c cxxbridge1$str$ptr + 3249652\n12  chromedriver                        0x00000001032104b8 cxxbridge1$str$ptr + 3533328\n13  chromedriver                        0x0000000103210634 cxxbridge1$str$ptr + 3533708\n14  chromedriver                        0x000000010321f648 cxxbridge1$str$ptr + 3595168\n15  libsystem_pthread.dylib             0x000000018893ef94 _pthread_start + 136\n16  libsystem_pthread.dylib             0x0000000188939d34 thread_start + 8\n"}} | headers=HTTPHeaderDict({'Content-Length': '1732', 'Content-Type': 'application/json; charset=utf-8', 'cache-control': 'no-cache'})
DEBUG:selenium.webdriver.remote.remote_connection:Finished Request
DEBUG:selenium.webdriver.remote.remote_connection:POST http://localhost:64214/session/3a80bdbc334e6fcc1c5c92b06ff79a68/element {'using': 'css selector', 'value': '.button.text-xs.lg\\:w\\[170px\\]'}
DEBUG:urllib3.connectionpool:http://localhost:64214 "POST /session/3a80bdbc334e6fcc1c5c92b06ff79a68/element HTTP/1.1" 404 0
DEBUG:selenium.webdriver.remote.remote_connection:Remote response: status=404 | data={"value":{"error":"no such element","message":"no such element: Unable to locate element: {\"method\":\"css selector\",\"selector\":\".button.text-xs.lg\\:w\\[170px\\]\"}\n  (Session info: chrome=131.0.6778.205)","stacktrace":"0   chromedriver                        0x0000000103227184 cxxbridge1$str$ptr + 3626716\n1   chromedriver                        0x000000010321f9d4 cxxbridge1$str$ptr + 3596076\n2   chromedriver                        0x0000000102c8c968 cxxbridge1$string$len + 89228\n3   chromedriver                        0x0000000102cd0d50 cxxbridge1$string$len + 368756\n4   chromedriver                        0x0000000102d0a5b4 cxxbridge1$string$len + 604376\n5   chromedriver                        0x0000000102cc5568 cxxbridge1$string$len + 321676\n6   chromedriver                        0x0000000102cc61b8 cxxbridge1$string$len + 324828\n7   chromedriver                        0x00000001031f29ac cxxbridge1$str$ptr + 3411716\n8   chromedriver                        0x00000001031f5ccc cxxbridge1$str$ptr + 3424804\n9   chromedriver                        0x00000001031d986c cxxbridge1$str$ptr + 3308996\n10  chromedriver                        0x00000001031f658c cxxbridge1$str$ptr + 3427044\n11  chromedriver                        0x00000001031cb09c cxxbridge1$str$ptr + 3249652\n12  chromedriver                        0x00000001032104b8 cxxbridge1$str$ptr + 3533328\n13  chromedriver                        0x0000000103210634 cxxbridge1$str$ptr + 3533708\n14  chromedriver                        0x000000010321f648 cxxbridge1$str$ptr + 3595168\n15  libsystem_pthread.dylib             0x000000018893ef94 _pthread_start + 136\n16  libsystem_pthread.dylib             0x0000000188939d34 thread_start + 8\n"}} | headers=HTTPHeaderDict({'Content-Length': '1732', 'Content-Type': 'application/json; charset=utf-8', 'cache-control': 'no-cache'})
DEBUG:selenium.webdriver.remote.remote_connection:Finished Request
DEBUG:selenium.webdriver.remote.remote_connection:POST http://localhost:64214/session/3a80bdbc334e6fcc1c5c92b06ff79a68/element {'using': 'css selector', 'value': '.button.text-xs.lg\\:w\\[170px\\]'}
DEBUG:urllib3.connectionpool:http://localhost:64214 "POST /session/3a80bdbc334e6fcc1c5c92b06ff79a68/element HTTP/1.1" 404 0
DEBUG:selenium.webdriver.remote.remote_connection:Remote response: status=404 | data={"value":{"error":"no such element","message":"no such element: Unable to locate element: {\"method\":\"css selector\",\"selector\":\".button.text-xs.lg\\:w\\[170px\\]\"}\n  (Session info: chrome=131.0.6778.205)","stacktrace":"0   chromedriver                        0x0000000103227184 cxxbridge1$str$ptr + 3626716\n1   chromedriver                        0x000000010321f9d4 cxxbridge1$str$ptr + 3596076\n2   chromedriver                        0x0000000102c8c968 cxxbridge1$string$len + 89228\n3   chromedriver                        0x0000000102cd0d50 cxxbridge1$string$len + 368756\n4   chromedriver                        0x0000000102d0a5b4 cxxbridge1$string$len + 604376\n5   chromedriver                        0x0000000102cc5568 cxxbridge1$string$len + 321676\n6   chromedriver                        0x0000000102cc61b8 cxxbridge1$string$len + 324828\n7   chromedriver                        0x00000001031f29ac cxxbridge1$str$ptr + 3411716\n8   chromedriver                        0x00000001031f5ccc cxxbridge1$str$ptr + 3424804\n9   chromedriver                        0x00000001031d986c cxxbridge1$str$ptr + 3308996\n10  chromedriver                        0x00000001031f658c cxxbridge1$str$ptr + 3427044\n11  chromedriver                        0x00000001031cb09c cxxbridge1$str$ptr + 3249652\n12  chromedriver                        0x00000001032104b8 cxxbridge1$str$ptr + 3533328\n13  chromedriver                        0x0000000103210634 cxxbridge1$str$ptr + 3533708\n14  chromedriver                        0x000000010321f648 cxxbridge1$str$ptr + 3595168\n15  libsystem_pthread.dylib             0x000000018893ef94 _pthread_start + 136\n16  libsystem_pthread.dylib             0x0000000188939d34 thread_start + 8\n"}} | headers=HTTPHeaderDict({'Content-Length': '1732', 'Content-Type': 'application/json; charset=utf-8', 'cache-control': 'no-cache'})
DEBUG:selenium.webdriver.remote.remote_connection:Finished Request
DEBUG:selenium.webdriver.remote.remote_connection:POST http://localhost:64214/session/3a80bdbc334e6fcc1c5c92b06ff79a68/element {'using': 'css selector', 'value': '.button.text-xs.lg\\:w\\[170px\\]'}
DEBUG:urllib3.connectionpool:http://localhost:64214 "POST /session/3a80bdbc334e6fcc1c5c92b06ff79a68/element HTTP/1.1" 404 0
DEBUG:selenium.webdriver.remote.remote_connection:Remote response: status=404 | data={"value":{"error":"no such element","message":"no such element: Unable to locate element: {\"method\":\"css selector\",\"selector\":\".button.text-xs.lg\\:w\\[170px\\]\"}\n  (Session info: chrome=131.0.6778.205)","stacktrace":"0   chromedriver                        0x0000000103227184 cxxbridge1$str$ptr + 3626716\n1   chromedriver                        0x000000010321f9d4 cxxbridge1$str$ptr + 3596076\n2   chromedriver                        0x0000000102c8c968 cxxbridge1$string$len + 89228\n3   chromedriver                        0x0000000102cd0d50 cxxbridge1$string$len + 368756\n4   chromedriver                        0x0000000102d0a5b4 cxxbridge1$string$len + 604376\n5   chromedriver                        0x0000000102cc5568 cxxbridge1$string$len + 321676\n6   chromedriver                        0x0000000102cc61b8 cxxbridge1$string$len + 324828\n7   chromedriver                        0x00000001031f29ac cxxbridge1$str$ptr + 3411716\n8   chromedriver                        0x00000001031f5ccc cxxbridge1$str$ptr + 3424804\n9   chromedriver                        0x00000001031d986c cxxbridge1$str$ptr + 3308996\n10  chromedriver                        0x00000001031f658c cxxbridge1$str$ptr + 3427044\n11  chromedriver                        0x00000001031cb09c cxxbridge1$str$ptr + 3249652\n12  chromedriver                        0x00000001032104b8 cxxbridge1$str$ptr + 3533328\n13  chromedriver                        0x0000000103210634 cxxbridge1$str$ptr + 3533708\n14  chromedriver                        0x000000010321f648 cxxbridge1$str$ptr + 3595168\n15  libsystem_pthread.dylib             0x000000018893ef94 _pthread_start + 136\n16  libsystem_pthread.dylib             0x0000000188939d34 thread_start + 8\n"}} | headers=HTTPHeaderDict({'Content-Length': '1732', 'Content-Type': 'application/json; charset=utf-8', 'cache-control': 'no-cache'})
DEBUG:selenium.webdriver.remote.remote_connection:Finished Request
DEBUG:selenium.webdriver.remote.remote_connection:POST http://localhost:64214/session/3a80bdbc334e6fcc1c5c92b06ff79a68/element {'using': 'css selector', 'value': '.button.text-xs.lg\\:w\\[170px\\]'}
DEBUG:urllib3.connectionpool:http://localhost:64214 "POST /session/3a80bdbc334e6fcc1c5c92b06ff79a68/element HTTP/1.1" 404 0
DEBUG:selenium.webdriver.remote.remote_connection:Remote response: status=404 | data={"value":{"error":"no such element","message":"no such element: Unable to locate element: {\"method\":\"css selector\",\"selector\":\".button.text-xs.lg\\:w\\[170px\\]\"}\n  (Session info: chrome=131.0.6778.205)","stacktrace":"0   chromedriver                        0x0000000103227184 cxxbridge1$str$ptr + 3626716\n1   chromedriver                        0x000000010321f9d4 cxxbridge1$str$ptr + 3596076\n2   chromedriver                        0x0000000102c8c968 cxxbridge1$string$len + 89228\n3   chromedriver                        0x0000000102cd0d50 cxxbridge1$string$len + 368756\n4   chromedriver                        0x0000000102d0a5b4 cxxbridge1$string$len + 604376\n5   chromedriver                        0x0000000102cc5568 cxxbridge1$string$len + 321676\n6   chromedriver                        0x0000000102cc61b8 cxxbridge1$string$len + 324828\n7   chromedriver                        0x00000001031f29ac cxxbridge1$str$ptr + 3411716\n8   chromedriver                        0x00000001031f5ccc cxxbridge1$str$ptr + 3424804\n9   chromedriver                        0x00000001031d986c cxxbridge1$str$ptr + 3308996\n10  chromedriver                        0x00000001031f658c cxxbridge1$str$ptr + 3427044\n11  chromedriver                        0x00000001031cb09c cxxbridge1$str$ptr + 3249652\n12  chromedriver                        0x00000001032104b8 cxxbridge1$str$ptr + 3533328\n13  chromedriver                        0x0000000103210634 cxxbridge1$str$ptr + 3533708\n14  chromedriver                        0x000000010321f648 cxxbridge1$str$ptr + 3595168\n15  libsystem_pthread.dylib             0x000000018893ef94 _pthread_start + 136\n16  libsystem_pthread.dylib             0x0000000188939d34 thread_start + 8\n"}} | headers=HTTPHeaderDict({'Content-Length': '1732', 'Content-Type': 'application/json; charset=utf-8', 'cache-control': 'no-cache'})
DEBUG:selenium.webdriver.remote.remote_connection:Finished Request
DEBUG:selenium.webdriver.remote.remote_connection:POST http://localhost:64214/session/3a80bdbc334e6fcc1c5c92b06ff79a68/element {'using': 'xpath', 'value': '//button[contains(text(), "Reject all")]'}
DEBUG:urllib3.connectionpool:http://localhost:64214 "POST /session/3a80bdbc334e6fcc1c5c92b06ff79a68/element HTTP/1.1" 200 0
DEBUG:selenium.webdriver.remote.remote_connection:Remote response: status=200 | data={"value":{"element-6066-11e4-a52e-4f735466cecf":"f.0603B43F718346474315895CF8381CCD.d.6DA58206F833A4D98589D6792DF9819E.e.5650"}} | headers=HTTPHeaderDict({'Content-Length': '128', 'Content-Type': 'application/json; charset=utf-8', 'cache-control': 'no-cache'})
DEBUG:selenium.webdriver.remote.remote_connection:Finished Request
DEBUG:selenium.webdriver.remote.remote_connection:POST http://localhost:64214/session/3a80bdbc334e6fcc1c5c92b06ff79a68/execute/sync {'script': '/* isDisplayed */return (function(){return (function(){var g=this||self;\nfunction aa(a){var b=typeof...', 'args': [{'element-6066-11e4-a52e-4f735466cecf': 'f.0603B43F718346474315895CF8381CCD.d.6DA58206F833A4D98589D6792DF9819E.e.5650'}]}
DEBUG:urllib3.connectionpool:http://localhost:64214 "POST /session/3a80bdbc334e6fcc1c5c92b06ff79a68/execute/sync HTTP/1.1" 200 0
DEBUG:selenium.webdriver.remote.remote_connection:Remote response: status=200 | data={"value":true} | headers=HTTPHeaderDict({'Content-Length': '14', 'Content-Type': 'application/json; charset=utf-8', 'cache-control': 'no-cache'})
DEBUG:selenium.webdriver.remote.remote_connection:Finished Request
DEBUG:selenium.webdriver.remote.remote_connection:GET http://localhost:64214/session/3a80bdbc334e6fcc1c5c92b06ff79a68/element/f.0603B43F718346474315895CF8381CCD.d.6DA58206F833A4D98589D6792DF9819E.e.5650/enabled {}
DEBUG:urllib3.connectionpool:http://localhost:64214 "GET /session/3a80bdbc334e6fcc1c5c92b06ff79a68/element/f.0603B43F718346474315895CF8381CCD.d.6DA58206F833A4D98589D6792DF9819E.e.5650/enabled HTTP/1.1" 200 0
DEBUG:selenium.webdriver.remote.remote_connection:Remote response: status=200 | data={"value":true} | headers=HTTPHeaderDict({'Content-Length': '14', 'Content-Type': 'application/json; charset=utf-8', 'cache-control': 'no-cache'})
DEBUG:selenium.webdriver.remote.remote_connection:Finished Request
DEBUG:selenium.webdriver.remote.remote_connection:POST http://localhost:64214/session/3a80bdbc334e6fcc1c5c92b06ff79a68/element {'using': 'css selector', 'value': '.button.text-xs.lg\\:w\\[170px\\]'}
DEBUG:urllib3.connectionpool:http://localhost:64214 "POST /session/3a80bdbc334e6fcc1c5c92b06ff79a68/element HTTP/1.1" 404 0
DEBUG:selenium.webdriver.remote.remote_connection:Remote response: status=404 | data={"value":{"error":"no such element","message":"no such element: Unable to locate element: {\"method\":\"css selector\",\"selector\":\".button.text-xs.lg\\:w\\[170px\\]\"}\n  (Session info: chrome=131.0.6778.205)","stacktrace":"0   chromedriver                        0x0000000103227184 cxxbridge1$str$ptr + 3626716\n1   chromedriver                        0x000000010321f9d4 cxxbridge1$str$ptr + 3596076\n2   chromedriver                        0x0000000102c8c968 cxxbridge1$string$len + 89228\n3   chromedriver                        0x0000000102cd0d50 cxxbridge1$string$len + 368756\n4   chromedriver                        0x0000000102d0a5b4 cxxbridge1$string$len + 604376\n5   chromedriver                        0x0000000102cc5568 cxxbridge1$string$len + 321676\n6   chromedriver                        0x0000000102cc61b8 cxxbridge1$string$len + 324828\n7   chromedriver                        0x00000001031f29ac cxxbridge1$str$ptr + 3411716\n8   chromedriver                        0x00000001031f5ccc cxxbridge1$str$ptr + 3424804\n9   chromedriver                        0x00000001031d986c cxxbridge1$str$ptr + 3308996\n10  chromedriver                        0x00000001031f658c cxxbridge1$str$ptr + 3427044\n11  chromedriver                        0x00000001031cb09c cxxbridge1$str$ptr + 3249652\n12  chromedriver                        0x00000001032104b8 cxxbridge1$str$ptr + 3533328\n13  chromedriver                        0x0000000103210634 cxxbridge1$str$ptr + 3533708\n14  chromedriver                        0x000000010321f648 cxxbridge1$str$ptr + 3595168\n15  libsystem_pthread.dylib             0x000000018893ef94 _pthread_start + 136\n16  libsystem_pthread.dylib             0x0000000188939d34 thread_start + 8\n"}} | headers=HTTPHeaderDict({'Content-Length': '1732', 'Content-Type': 'application/json; charset=utf-8', 'cache-control': 'no-cache'})
DEBUG:selenium.webdriver.remote.remote_connection:Finished Request
DEBUG:selenium.webdriver.remote.remote_connection:POST http://localhost:64214/session/3a80bdbc334e6fcc1c5c92b06ff79a68/element {'using': 'css selector', 'value': '.button.text-xs.lg\\:w\\[170px\\]'}
DEBUG:urllib3.connectionpool:http://localhost:64214 "POST /session/3a80bdbc334e6fcc1c5c92b06ff79a68/element HTTP/1.1" 404 0
DEBUG:selenium.webdriver.remote.remote_connection:Remote response: status=404 | data={"value":{"error":"no such element","message":"no such element: Unable to locate element: {\"method\":\"css selector\",\"selector\":\".button.text-xs.lg\\:w\\[170px\\]\"}\n  (Session info: chrome=131.0.6778.205)","stacktrace":"0   chromedriver                        0x0000000103227184 cxxbridge1$str$ptr + 3626716\n1   chromedriver                        0x000000010321f9d4 cxxbridge1$str$ptr + 3596076\n2   chromedriver                        0x0000000102c8c968 cxxbridge1$string$len + 89228\n3   chromedriver                        0x0000000102cd0d50 cxxbridge1$string$len + 368756\n4   chromedriver                        0x0000000102d0a5b4 cxxbridge1$string$len + 604376\n5   chromedriver                        0x0000000102cc5568 cxxbridge1$string$len + 321676\n6   chromedriver                        0x0000000102cc61b8 cxxbridge1$string$len + 324828\n7   chromedriver                        0x00000001031f29ac cxxbridge1$str$ptr + 3411716\n8   chromedriver                        0x00000001031f5ccc cxxbridge1$str$ptr + 3424804\n9   chromedriver                        0x00000001031d986c cxxbridge1$str$ptr + 3308996\n10  chromedriver                        0x00000001031f658c cxxbridge1$str$ptr + 3427044\n11  chromedriver                        0x00000001031cb09c cxxbridge1$str$ptr + 3249652\n12  chromedriver                        0x00000001032104b8 cxxbridge1$str$ptr + 3533328\n13  chromedriver                        0x0000000103210634 cxxbridge1$str$ptr + 3533708\n14  chromedriver                        0x000000010321f648 cxxbridge1$str$ptr + 3595168\n15  libsystem_pthread.dylib             0x000000018893ef94 _pthread_start + 136\n16  libsystem_pthread.dylib             0x0000000188939d34 thread_start + 8\n"}} | headers=HTTPHeaderDict({'Content-Length': '1732', 'Content-Type': 'application/json; charset=utf-8', 'cache-control': 'no-cache'})
DEBUG:selenium.webdriver.remote.remote_connection:Finished Request
DEBUG:selenium.webdriver.remote.remote_connection:POST http://localhost:64214/session/3a80bdbc334e6fcc1c5c92b06ff79a68/element {'using': 'css selector', 'value': '.button.text-xs.lg\\:w\\[170px\\]'}
DEBUG:urllib3.connectionpool:http://localhost:64214 "POST /session/3a80bdbc334e6fcc1c5c92b06ff79a68/element HTTP/1.1" 404 0
DEBUG:selenium.webdriver.remote.remote_connection:Remote response: status=404 | data={"value":{"error":"no such element","message":"no such element: Unable to locate element: {\"method\":\"css selector\",\"selector\":\".button.text-xs.lg\\:w\\[170px\\]\"}\n  (Session info: chrome=131.0.6778.205)","stacktrace":"0   chromedriver                        0x0000000103227184 cxxbridge1$str$ptr + 3626716\n1   chromedriver                        0x000000010321f9d4 cxxbridge1$str$ptr + 3596076\n2   chromedriver                        0x0000000102c8c968 cxxbridge1$string$len + 89228\n3   chromedriver                        0x0000000102cd0d50 cxxbridge1$string$len + 368756\n4   chromedriver                        0x0000000102d0a5b4 cxxbridge1$string$len + 604376\n5   chromedriver                        0x0000000102cc5568 cxxbridge1$string$len + 321676\n6   chromedriver                        0x0000000102cc61b8 cxxbridge1$string$len + 324828\n7   chromedriver                        0x00000001031f29ac cxxbridge1$str$ptr + 3411716\n8   chromedriver                        0x00000001031f5ccc cxxbridge1$str$ptr + 3424804\n9   chromedriver                        0x00000001031d986c cxxbridge1$str$ptr + 3308996\n10  chromedriver                        0x00000001031f658c cxxbridge1$str$ptr + 3427044\n11  chromedriver                        0x00000001031cb09c cxxbridge1$str$ptr + 3249652\n12  chromedriver                        0x00000001032104b8 cxxbridge1$str$ptr + 3533328\n13  chromedriver                        0x0000000103210634 cxxbridge1$str$ptr + 3533708\n14  chromedriver                        0x000000010321f648 cxxbridge1$str$ptr + 3595168\n15  libsystem_pthread.dylib             0x000000018893ef94 _pthread_start + 136\n16  libsystem_pthread.dylib             0x0000000188939d34 thread_start + 8\n"}} | headers=HTTPHeaderDict({'Content-Length': '1732', 'Content-Type': 'application/json; charset=utf-8', 'cache-control': 'no-cache'})
DEBUG:selenium.webdriver.remote.remote_connection:Finished Request
DEBUG:selenium.webdriver.remote.remote_connection:POST http://localhost:64214/session/3a80bdbc334e6fcc1c5c92b06ff79a68/element {'using': 'css selector', 'value': '.button.text-xs.lg\\:w\\[170px\\]'}
DEBUG:urllib3.connectionpool:http://localhost:64214 "POST /session/3a80bdbc334e6fcc1c5c92b06ff79a68/element HTTP/1.1" 404 0
DEBUG:selenium.webdriver.remote.remote_connection:Remote response: status=404 | data={"value":{"error":"no such element","message":"no such element: Unable to locate element: {\"method\":\"css selector\",\"selector\":\".button.text-xs.lg\\:w\\[170px\\]\"}\n  (Session info: chrome=131.0.6778.205)","stacktrace":"0   chromedriver                        0x0000000103227184 cxxbridge1$str$ptr + 3626716\n1   chromedriver                        0x000000010321f9d4 cxxbridge1$str$ptr + 3596076\n2   chromedriver                        0x0000000102c8c968 cxxbridge1$string$len + 89228\n3   chromedriver                        0x0000000102cd0d50 cxxbridge1$string$len + 368756\n4   chromedriver                        0x0000000102d0a5b4 cxxbridge1$string$len + 604376\n5   chromedriver                        0x0000000102cc5568 cxxbridge1$string$len + 321676\n6   chromedriver                        0x0000000102cc61b8 cxxbridge1$string$len + 324828\n7   chromedriver                        0x00000001031f29ac cxxbridge1$str$ptr + 3411716\n8   chromedriver                        0x00000001031f5ccc cxxbridge1$str$ptr + 3424804\n9   chromedriver                        0x00000001031d986c cxxbridge1$str$ptr + 3308996\n10  chromedriver                        0x00000001031f658c cxxbridge1$str$ptr + 3427044\n11  chromedriver                        0x00000001031cb09c cxxbridge1$str$ptr + 3249652\n12  chromedriver                        0x00000001032104b8 cxxbridge1$str$ptr + 3533328\n13  chromedriver                        0x0000000103210634 cxxbridge1$str$ptr + 3533708\n14  chromedriver                        0x000000010321f648 cxxbridge1$str$ptr + 3595168\n15  libsystem_pthread.dylib             0x000000018893ef94 _pthread_start + 136\n16  libsystem_pthread.dylib             0x0000000188939d34 thread_start + 8\n"}} | headers=HTTPHeaderDict({'Content-Length': '1732', 'Content-Type': 'application/json; charset=utf-8', 'cache-control': 'no-cache'})
DEBUG:selenium.webdriver.remote.remote_connection:Finished Request
DEBUG:selenium.webdriver.remote.remote_connection:POST http://localhost:64214/session/3a80bdbc334e6fcc1c5c92b06ff79a68/element {'using': 'css selector', 'value': '.button.text-xs.lg\\:w\\[170px\\]'}
DEBUG:urllib3.connectionpool:http://localhost:64214 "POST /session/3a80bdbc334e6fcc1c5c92b06ff79a68/element HTTP/1.1" 404 0
DEBUG:selenium.webdriver.remote.remote_connection:Remote response: status=404 | data={"value":{"error":"no such element","message":"no such element: Unable to locate element: {\"method\":\"css selector\",\"selector\":\".button.text-xs.lg\\:w\\[170px\\]\"}\n  (Session info: chrome=131.0.6778.205)","stacktrace":"0   chromedriver                        0x0000000103227184 cxxbridge1$str$ptr + 3626716\n1   chromedriver                        0x000000010321f9d4 cxxbridge1$str$ptr + 3596076\n2   chromedriver                        0x0000000102c8c968 cxxbridge1$string$len + 89228\n3   chromedriver                        0x0000000102cd0d50 cxxbridge1$string$len + 368756\n4   chromedriver                        0x0000000102d0a5b4 cxxbridge1$string$len + 604376\n5   chromedriver                        0x0000000102cc5568 cxxbridge1$string$len + 321676\n6   chromedriver                        0x0000000102cc61b8 cxxbridge1$string$len + 324828\n7   chromedriver                        0x00000001031f29ac cxxbridge1$str$ptr + 3411716\n8   chromedriver                        0x00000001031f5ccc cxxbridge1$str$ptr + 3424804\n9   chromedriver                        0x00000001031d986c cxxbridge1$str$ptr + 3308996\n10  chromedriver                        0x00000001031f658c cxxbridge1$str$ptr + 3427044\n11  chromedriver                        0x00000001031cb09c cxxbridge1$str$ptr + 3249652\n12  chromedriver                        0x00000001032104b8 cxxbridge1$str$ptr + 3533328\n13  chromedriver                        0x0000000103210634 cxxbridge1$str$ptr + 3533708\n14  chromedriver                        0x000000010321f648 cxxbridge1$str$ptr + 3595168\n15  libsystem_pthread.dylib             0x000000018893ef94 _pthread_start + 136\n16  libsystem_pthread.dylib             0x0000000188939d34 thread_start + 8\n"}} | headers=HTTPHeaderDict({'Content-Length': '1732', 'Content-Type': 'application/json; charset=utf-8', 'cache-control': 'no-cache'})
DEBUG:selenium.webdriver.remote.remote_connection:Finished Request
DEBUG:selenium.webdriver.remote.remote_connection:POST http://localhost:64214/session/3a80bdbc334e6fcc1c5c92b06ff79a68/element {'using': 'css selector', 'value': '.button.text-xs.lg\\:w\\[170px\\]'}
DEBUG:urllib3.connectionpool:http://localhost:64214 "POST /session/3a80bdbc334e6fcc1c5c92b06ff79a68/element HTTP/1.1" 404 0
DEBUG:selenium.webdriver.remote.remote_connection:Remote response: status=404 | data={"value":{"error":"no such element","message":"no such element: Unable to locate element: {\"method\":\"css selector\",\"selector\":\".button.text-xs.lg\\:w\\[170px\\]\"}\n  (Session info: chrome=131.0.6778.205)","stacktrace":"0   chromedriver                        0x0000000103227184 cxxbridge1$str$ptr + 3626716\n1   chromedriver                        0x000000010321f9d4 cxxbridge1$str$ptr + 3596076\n2   chromedriver                        0x0000000102c8c968 cxxbridge1$string$len + 89228\n3   chromedriver                        0x0000000102cd0d50 cxxbridge1$string$len + 368756\n4   chromedriver                        0x0000000102d0a5b4 cxxbridge1$string$len + 604376\n5   chromedriver                        0x0000000102cc5568 cxxbridge1$string$len + 321676\n6   chromedriver                        0x0000000102cc61b8 cxxbridge1$string$len + 324828\n7   chromedriver                        0x00000001031f29ac cxxbridge1$str$ptr + 3411716\n8   chromedriver                        0x00000001031f5ccc cxxbridge1$str$ptr + 3424804\n9   chromedriver                        0x00000001031d986c cxxbridge1$str$ptr + 3308996\n10  chromedriver                        0x00000001031f658c cxxbridge1$str$ptr + 3427044\n11  chromedriver                        0x00000001031cb09c cxxbridge1$str$ptr + 3249652\n12  chromedriver                        0x00000001032104b8 cxxbridge1$str$ptr + 3533328\n13  chromedriver                        0x0000000103210634 cxxbridge1$str$ptr + 3533708\n14  chromedriver                        0x000000010321f648 cxxbridge1$str$ptr + 3595168\n15  libsystem_pthread.dylib             0x000000018893ef94 _pthread_start + 136\n16  libsystem_pthread.dylib             0x0000000188939d34 thread_start + 8\n"}} | headers=HTTPHeaderDict({'Content-Length': '1732', 'Content-Type': 'application/json; charset=utf-8', 'cache-control': 'no-cache'})
DEBUG:selenium.webdriver.remote.remote_connection:Finished Request
DEBUG:selenium.webdriver.remote.remote_connection:POST http://localhost:64214/session/3a80bdbc334e6fcc1c5c92b06ff79a68/element {'using': 'xpath', 'value': '//button[contains(text(), "Reject all")]'}
DEBUG:urllib3.connectionpool:http://localhost:64214 "POST /session/3a80bdbc334e6fcc1c5c92b06ff79a68/element HTTP/1.1" 200 0
DEBUG:selenium.webdriver.remote.remote_connection:Remote response: status=200 | data={"value":{"element-6066-11e4-a52e-4f735466cecf":"f.0603B43F718346474315895CF8381CCD.d.6DA58206F833A4D98589D6792DF9819E.e.5650"}} | headers=HTTPHeaderDict({'Content-Length': '128', 'Content-Type': 'application/json; charset=utf-8', 'cache-control': 'no-cache'})
DEBUG:selenium.webdriver.remote.remote_connection:Finished Request
DEBUG:selenium.webdriver.remote.remote_connection:POST http://localhost:64214/session/3a80bdbc334e6fcc1c5c92b06ff79a68/execute/sync {'script': '/* isDisplayed */return (function(){return (function(){var g=this||self;\nfunction aa(a){var b=typeof...', 'args': [{'element-6066-11e4-a52e-4f735466cecf': 'f.0603B43F718346474315895CF8381CCD.d.6DA58206F833A4D98589D6792DF9819E.e.5650'}]}
DEBUG:urllib3.connectionpool:http://localhost:64214 "POST /session/3a80bdbc334e6fcc1c5c92b06ff79a68/execute/sync HTTP/1.1" 200 0
DEBUG:selenium.webdriver.remote.remote_connection:Remote response: status=200 | data={"value":true} | headers=HTTPHeaderDict({'Content-Length': '14', 'Content-Type': 'application/json; charset=utf-8', 'cache-control': 'no-cache'})
DEBUG:selenium.webdriver.remote.remote_connection:Finished Request
DEBUG:selenium.webdriver.remote.remote_connection:GET http://localhost:64214/session/3a80bdbc334e6fcc1c5c92b06ff79a68/element/f.0603B43F718346474315895CF8381CCD.d.6DA58206F833A4D98589D6792DF9819E.e.5650/enabled {}
DEBUG:urllib3.connectionpool:http://localhost:64214 "GET /session/3a80bdbc334e6fcc1c5c92b06ff79a68/element/f.0603B43F718346474315895CF8381CCD.d.6DA58206F833A4D98589D6792DF9819E.e.5650/enabled HTTP/1.1" 200 0
DEBUG:selenium.webdriver.remote.remote_connection:Remote response: status=200 | data={"value":true} | headers=HTTPHeaderDict({'Content-Length': '14', 'Content-Type': 'application/json; charset=utf-8', 'cache-control': 'no-cache'})
DEBUG:selenium.webdriver.remote.remote_connection:Finished Request
DEBUG:selenium.webdriver.remote.remote_connection:POST http://localhost:64214/session/3a80bdbc334e6fcc1c5c92b06ff79a68/element {'using': 'css selector', 'value': '.button.text-xs.lg\\:w\\[170px\\]'}
DEBUG:urllib3.connectionpool:http://localhost:64214 "POST /session/3a80bdbc334e6fcc1c5c92b06ff79a68/element HTTP/1.1" 404 0
DEBUG:selenium.webdriver.remote.remote_connection:Remote response: status=404 | data={"value":{"error":"no such element","message":"no such element: Unable to locate element: {\"method\":\"css selector\",\"selector\":\".button.text-xs.lg\\:w\\[170px\\]\"}\n  (Session info: chrome=131.0.6778.205)","stacktrace":"0   chromedriver                        0x0000000103227184 cxxbridge1$str$ptr + 3626716\n1   chromedriver                        0x000000010321f9d4 cxxbridge1$str$ptr + 3596076\n2   chromedriver                        0x0000000102c8c968 cxxbridge1$string$len + 89228\n3   chromedriver                        0x0000000102cd0d50 cxxbridge1$string$len + 368756\n4   chromedriver                        0x0000000102d0a5b4 cxxbridge1$string$len + 604376\n5   chromedriver                        0x0000000102cc5568 cxxbridge1$string$len + 321676\n6   chromedriver                        0x0000000102cc61b8 cxxbridge1$string$len + 324828\n7   chromedriver                        0x00000001031f29ac cxxbridge1$str$ptr + 3411716\n8   chromedriver                        0x00000001031f5ccc cxxbridge1$str$ptr + 3424804\n9   chromedriver                        0x00000001031d986c cxxbridge1$str$ptr + 3308996\n10  chromedriver                        0x00000001031f658c cxxbridge1$str$ptr + 3427044\n11  chromedriver                        0x00000001031cb09c cxxbridge1$str$ptr + 3249652\n12  chromedriver                        0x00000001032104b8 cxxbridge1$str$ptr + 3533328\n13  chromedriver                        0x0000000103210634 cxxbridge1$str$ptr + 3533708\n14  chromedriver                        0x000000010321f648 cxxbridge1$str$ptr + 3595168\n15  libsystem_pthread.dylib             0x000000018893ef94 _pthread_start + 136\n16  libsystem_pthread.dylib             0x0000000188939d34 thread_start + 8\n"}} | headers=HTTPHeaderDict({'Content-Length': '1732', 'Content-Type': 'application/json; charset=utf-8', 'cache-control': 'no-cache'})
DEBUG:selenium.webdriver.remote.remote_connection:Finished Request
DEBUG:selenium.webdriver.remote.remote_connection:POST http://localhost:64214/session/3a80bdbc334e6fcc1c5c92b06ff79a68/element {'using': 'css selector', 'value': '.button.text-xs.lg\\:w\\[170px\\]'}
DEBUG:urllib3.connectionpool:http://localhost:64214 "POST /session/3a80bdbc334e6fcc1c5c92b06ff79a68/element HTTP/1.1" 404 0
DEBUG:selenium.webdriver.remote.remote_connection:Remote response: status=404 | data={"value":{"error":"no such element","message":"no such element: Unable to locate element: {\"method\":\"css selector\",\"selector\":\".button.text-xs.lg\\:w\\[170px\\]\"}\n  (Session info: chrome=131.0.6778.205)","stacktrace":"0   chromedriver                        0x0000000103227184 cxxbridge1$str$ptr + 3626716\n1   chromedriver                        0x000000010321f9d4 cxxbridge1$str$ptr + 3596076\n2   chromedriver                        0x0000000102c8c968 cxxbridge1$string$len + 89228\n3   chromedriver                        0x0000000102cd0d50 cxxbridge1$string$len + 368756\n4   chromedriver                        0x0000000102d0a5b4 cxxbridge1$string$len + 604376\n5   chromedriver                        0x0000000102cc5568 cxxbridge1$string$len + 321676\n6   chromedriver                        0x0000000102cc61b8 cxxbridge1$string$len + 324828\n7   chromedriver                        0x00000001031f29ac cxxbridge1$str$ptr + 3411716\n8   chromedriver                        0x00000001031f5ccc cxxbridge1$str$ptr + 3424804\n9   chromedriver                        0x00000001031d986c cxxbridge1$str$ptr + 3308996\n10  chromedriver                        0x00000001031f658c cxxbridge1$str$ptr + 3427044\n11  chromedriver                        0x00000001031cb09c cxxbridge1$str$ptr + 3249652\n12  chromedriver                        0x00000001032104b8 cxxbridge1$str$ptr + 3533328\n13  chromedriver                        0x0000000103210634 cxxbridge1$str$ptr + 3533708\n14  chromedriver                        0x000000010321f648 cxxbridge1$str$ptr + 3595168\n15  libsystem_pthread.dylib             0x000000018893ef94 _pthread_start + 136\n16  libsystem_pthread.dylib             0x0000000188939d34 thread_start + 8\n"}} | headers=HTTPHeaderDict({'Content-Length': '1732', 'Content-Type': 'application/json; charset=utf-8', 'cache-control': 'no-cache'})
DEBUG:selenium.webdriver.remote.remote_connection:Finished Request
DEBUG:selenium.webdriver.remote.remote_connection:POST http://localhost:64214/session/3a80bdbc334e6fcc1c5c92b06ff79a68/element {'using': 'css selector', 'value': '.button.text-xs.lg\\:w\\[170px\\]'}
DEBUG:urllib3.connectionpool:http://localhost:64214 "POST /session/3a80bdbc334e6fcc1c5c92b06ff79a68/element HTTP/1.1" 404 0
DEBUG:selenium.webdriver.remote.remote_connection:Remote response: status=404 | data={"value":{"error":"no such element","message":"no such element: Unable to locate element: {\"method\":\"css selector\",\"selector\":\".button.text-xs.lg\\:w\\[170px\\]\"}\n  (Session info: chrome=131.0.6778.205)","stacktrace":"0   chromedriver                        0x0000000103227184 cxxbridge1$str$ptr + 3626716\n1   chromedriver                        0x000000010321f9d4 cxxbridge1$str$ptr + 3596076\n2   chromedriver                        0x0000000102c8c968 cxxbridge1$string$len + 89228\n3   chromedriver                        0x0000000102cd0d50 cxxbridge1$string$len + 368756\n4   chromedriver                        0x0000000102d0a5b4 cxxbridge1$string$len + 604376\n5   chromedriver                        0x0000000102cc5568 cxxbridge1$string$len + 321676\n6   chromedriver                        0x0000000102cc61b8 cxxbridge1$string$len + 324828\n7   chromedriver                        0x00000001031f29ac cxxbridge1$str$ptr + 3411716\n8   chromedriver                        0x00000001031f5ccc cxxbridge1$str$ptr + 3424804\n9   chromedriver                        0x00000001031d986c cxxbridge1$str$ptr + 3308996\n10  chromedriver                        0x00000001031f658c cxxbridge1$str$ptr + 3427044\n11  chromedriver                        0x00000001031cb09c cxxbridge1$str$ptr + 3249652\n12  chromedriver                        0x00000001032104b8 cxxbridge1$str$ptr + 3533328\n13  chromedriver                        0x0000000103210634 cxxbridge1$str$ptr + 3533708\n14  chromedriver                        0x000000010321f648 cxxbridge1$str$ptr + 3595168\n15  libsystem_pthread.dylib             0x000000018893ef94 _pthread_start + 136\n16  libsystem_pthread.dylib             0x0000000188939d34 thread_start + 8\n"}} | headers=HTTPHeaderDict({'Content-Length': '1732', 'Content-Type': 'application/json; charset=utf-8', 'cache-control': 'no-cache'})
DEBUG:selenium.webdriver.remote.remote_connection:Finished Request
DEBUG:selenium.webdriver.remote.remote_connection:POST http://localhost:64214/session/3a80bdbc334e6fcc1c5c92b06ff79a68/element {'using': 'css selector', 'value': '.button.text-xs.lg\\:w\\[170px\\]'}
DEBUG:urllib3.connectionpool:http://localhost:64214 "POST /session/3a80bdbc334e6fcc1c5c92b06ff79a68/element HTTP/1.1" 404 0
DEBUG:selenium.webdriver.remote.remote_connection:Remote response: status=404 | data={"value":{"error":"no such element","message":"no such element: Unable to locate element: {\"method\":\"css selector\",\"selector\":\".button.text-xs.lg\\:w\\[170px\\]\"}\n  (Session info: chrome=131.0.6778.205)","stacktrace":"0   chromedriver                        0x0000000103227184 cxxbridge1$str$ptr + 3626716\n1   chromedriver                        0x000000010321f9d4 cxxbridge1$str$ptr + 3596076\n2   chromedriver                        0x0000000102c8c968 cxxbridge1$string$len + 89228\n3   chromedriver                        0x0000000102cd0d50 cxxbridge1$string$len + 368756\n4   chromedriver                        0x0000000102d0a5b4 cxxbridge1$string$len + 604376\n5   chromedriver                        0x0000000102cc5568 cxxbridge1$string$len + 321676\n6   chromedriver                        0x0000000102cc61b8 cxxbridge1$string$len + 324828\n7   chromedriver                        0x00000001031f29ac cxxbridge1$str$ptr + 3411716\n8   chromedriver                        0x00000001031f5ccc cxxbridge1$str$ptr + 3424804\n9   chromedriver                        0x00000001031d986c cxxbridge1$str$ptr + 3308996\n10  chromedriver                        0x00000001031f658c cxxbridge1$str$ptr + 3427044\n11  chromedriver                        0x00000001031cb09c cxxbridge1$str$ptr + 3249652\n12  chromedriver                        0x00000001032104b8 cxxbridge1$str$ptr + 3533328\n13  chromedriver                        0x0000000103210634 cxxbridge1$str$ptr + 3533708\n14  chromedriver                        0x000000010321f648 cxxbridge1$str$ptr + 3595168\n15  libsystem_pthread.dylib             0x000000018893ef94 _pthread_start + 136\n16  libsystem_pthread.dylib             0x0000000188939d34 thread_start + 8\n"}} | headers=HTTPHeaderDict({'Content-Length': '1732', 'Content-Type': 'application/json; charset=utf-8', 'cache-control': 'no-cache'})
DEBUG:selenium.webdriver.remote.remote_connection:Finished Request
DEBUG:selenium.webdriver.remote.remote_connection:POST http://localhost:64214/session/3a80bdbc334e6fcc1c5c92b06ff79a68/element {'using': 'css selector', 'value': '.button.text-xs.lg\\:w\\[170px\\]'}
DEBUG:urllib3.connectionpool:http://localhost:64214 "POST /session/3a80bdbc334e6fcc1c5c92b06ff79a68/element HTTP/1.1" 404 0
DEBUG:selenium.webdriver.remote.remote_connection:Remote response: status=404 | data={"value":{"error":"no such element","message":"no such element: Unable to locate element: {\"method\":\"css selector\",\"selector\":\".button.text-xs.lg\\:w\\[170px\\]\"}\n  (Session info: chrome=131.0.6778.205)","stacktrace":"0   chromedriver                        0x0000000103227184 cxxbridge1$str$ptr + 3626716\n1   chromedriver                        0x000000010321f9d4 cxxbridge1$str$ptr + 3596076\n2   chromedriver                        0x0000000102c8c968 cxxbridge1$string$len + 89228\n3   chromedriver                        0x0000000102cd0d50 cxxbridge1$string$len + 368756\n4   chromedriver                        0x0000000102d0a5b4 cxxbridge1$string$len + 604376\n5   chromedriver                        0x0000000102cc5568 cxxbridge1$string$len + 321676\n6   chromedriver                        0x0000000102cc61b8 cxxbridge1$string$len + 324828\n7   chromedriver                        0x00000001031f29ac cxxbridge1$str$ptr + 3411716\n8   chromedriver                        0x00000001031f5ccc cxxbridge1$str$ptr + 3424804\n9   chromedriver                        0x00000001031d986c cxxbridge1$str$ptr + 3308996\n10  chromedriver                        0x00000001031f658c cxxbridge1$str$ptr + 3427044\n11  chromedriver                        0x00000001031cb09c cxxbridge1$str$ptr + 3249652\n12  chromedriver                        0x00000001032104b8 cxxbridge1$str$ptr + 3533328\n13  chromedriver                        0x0000000103210634 cxxbridge1$str$ptr + 3533708\n14  chromedriver                        0x000000010321f648 cxxbridge1$str$ptr + 3595168\n15  libsystem_pthread.dylib             0x000000018893ef94 _pthread_start + 136\n16  libsystem_pthread.dylib             0x0000000188939d34 thread_start + 8\n"}} | headers=HTTPHeaderDict({'Content-Length': '1732', 'Content-Type': 'application/json; charset=utf-8', 'cache-control': 'no-cache'})
DEBUG:selenium.webdriver.remote.remote_connection:Finished Request
DEBUG:selenium.webdriver.remote.remote_connection:POST http://localhost:64214/session/3a80bdbc334e6fcc1c5c92b06ff79a68/element {'using': 'css selector', 'value': '.button.text-xs.lg\\:w\\[170px\\]'}
DEBUG:urllib3.connectionpool:http://localhost:64214 "POST /session/3a80bdbc334e6fcc1c5c92b06ff79a68/element HTTP/1.1" 404 0
DEBUG:selenium.webdriver.remote.remote_connection:Remote response: status=404 | data={"value":{"error":"no such element","message":"no such element: Unable to locate element: {\"method\":\"css selector\",\"selector\":\".button.text-xs.lg\\:w\\[170px\\]\"}\n  (Session info: chrome=131.0.6778.205)","stacktrace":"0   chromedriver                        0x0000000103227184 cxxbridge1$str$ptr + 3626716\n1   chromedriver                        0x000000010321f9d4 cxxbridge1$str$ptr + 3596076\n2   chromedriver                        0x0000000102c8c968 cxxbridge1$string$len + 89228\n3   chromedriver                        0x0000000102cd0d50 cxxbridge1$string$len + 368756\n4   chromedriver                        0x0000000102d0a5b4 cxxbridge1$string$len + 604376\n5   chromedriver                        0x0000000102cc5568 cxxbridge1$string$len + 321676\n6   chromedriver                        0x0000000102cc61b8 cxxbridge1$string$len + 324828\n7   chromedriver                        0x00000001031f29ac cxxbridge1$str$ptr + 3411716\n8   chromedriver                        0x00000001031f5ccc cxxbridge1$str$ptr + 3424804\n9   chromedriver                        0x00000001031d986c cxxbridge1$str$ptr + 3308996\n10  chromedriver                        0x00000001031f658c cxxbridge1$str$ptr + 3427044\n11  chromedriver                        0x00000001031cb09c cxxbridge1$str$ptr + 3249652\n12  chromedriver                        0x00000001032104b8 cxxbridge1$str$ptr + 3533328\n13  chromedriver                        0x0000000103210634 cxxbridge1$str$ptr + 3533708\n14  chromedriver                        0x000000010321f648 cxxbridge1$str$ptr + 3595168\n15  libsystem_pthread.dylib             0x000000018893ef94 _pthread_start + 136\n16  libsystem_pthread.dylib             0x0000000188939d34 thread_start + 8\n"}} | headers=HTTPHeaderDict({'Content-Length': '1732', 'Content-Type': 'application/json; charset=utf-8', 'cache-control': 'no-cache'})
DEBUG:selenium.webdriver.remote.remote_connection:Finished Request
