DEBUG:selenium.webdriver.remote.remote_connection:POST http://localhost:51975/session/cf79ea2239ab77814d70f55b5bdc966e/url {'url': 'https://www.manoloblahnik.com/int/women.html'}
DEBUG:urllib3.connectionpool:http://localhost:51975 "POST /session/cf79ea2239ab77814d70f55b5bdc966e/url HTTP/1.1" 200 0
DEBUG:selenium.webdriver.remote.remote_connection:Remote response: status=200 | data={"value":null} | headers=HTTPHeaderDict({'Content-Length': '14', 'Content-Type': 'application/json; charset=utf-8', 'cache-control': 'no-cache'})
DEBUG:selenium.webdriver.remote.remote_connection:Finished Request
DEBUG:selenium.webdriver.remote.remote_connection:POST http://localhost:51975/session/cf79ea2239ab77814d70f55b5bdc966e/element {'using': 'tag name', 'value': 'body'}
DEBUG:urllib3.connectionpool:http://localhost:51975 "POST /session/cf79ea2239ab77814d70f55b5bdc966e/element HTTP/1.1" 200 0
DEBUG:selenium.webdriver.remote.remote_connection:Remote response: status=200 | data={"value":{"element-6066-11e4-a52e-4f735466cecf":"f.75EF813B165F29D633B45CE8C07D0F0A.d.6CD540E6B77D6A43B8395732E83AA98E.e.5"}} | headers=HTTPHeaderDict({'Content-Length': '125', 'Content-Type': 'application/json; charset=utf-8', 'cache-control': 'no-cache'})
DEBUG:selenium.webdriver.remote.remote_connection:Finished Request
DEBUG:selenium.webdriver.remote.remote_connection:POST http://localhost:51975/session/cf79ea2239ab77814d70f55b5bdc966e/element {'using': 'css selector', 'value': '[id="gle_selectedCountry"]'}
DEBUG:urllib3.connectionpool:http://localhost:51975 "POST /session/cf79ea2239ab77814d70f55b5bdc966e/element HTTP/1.1" 200 0
DEBUG:selenium.webdriver.remote.remote_connection:Remote response: status=200 | data={"value":{"element-6066-11e4-a52e-4f735466cecf":"f.75EF813B165F29D633B45CE8C07D0F0A.d.6CD540E6B77D6A43B8395732E83AA98E.e.4537"}} | headers=HTTPHeaderDict({'Content-Length': '128', 'Content-Type': 'application/json; charset=utf-8', 'cache-control': 'no-cache'})
DEBUG:selenium.webdriver.remote.remote_connection:Finished Request
DEBUG:selenium.webdriver.remote.remote_connection:POST http://localhost:51975/session/cf79ea2239ab77814d70f55b5bdc966e/execute/sync {'script': '/* isDisplayed */return (function(){return (function(){var g=this||self;\nfunction aa(a){var b=typeof...', 'args': [{'element-6066-11e4-a52e-4f735466cecf': 'f.75EF813B165F29D633B45CE8C07D0F0A.d.6CD540E6B77D6A43B8395732E83AA98E.e.4537'}]}
DEBUG:urllib3.connectionpool:http://localhost:51975 "POST /session/cf79ea2239ab77814d70f55b5bdc966e/execute/sync HTTP/1.1" 200 0
DEBUG:selenium.webdriver.remote.remote_connection:Remote response: status=200 | data={"value":true} | headers=HTTPHeaderDict({'Content-Length': '14', 'Content-Type': 'application/json; charset=utf-8', 'cache-control': 'no-cache'})
DEBUG:selenium.webdriver.remote.remote_connection:Finished Request
DEBUG:selenium.webdriver.remote.remote_connection:GET http://localhost:51975/session/cf79ea2239ab77814d70f55b5bdc966e/element/f.75EF813B165F29D633B45CE8C07D0F0A.d.6CD540E6B77D6A43B8395732E83AA98E.e.4537/enabled {}
DEBUG:urllib3.connectionpool:http://localhost:51975 "GET /session/cf79ea2239ab77814d70f55b5bdc966e/element/f.75EF813B165F29D633B45CE8C07D0F0A.d.6CD540E6B77D6A43B8395732E83AA98E.e.4537/enabled HTTP/1.1" 200 0
DEBUG:selenium.webdriver.remote.remote_connection:Remote response: status=200 | data={"value":true} | headers=HTTPHeaderDict({'Content-Length': '14', 'Content-Type': 'application/json; charset=utf-8', 'cache-control': 'no-cache'})
DEBUG:selenium.webdriver.remote.remote_connection:Finished Request
DEBUG:selenium.webdriver.remote.remote_connection:POST http://localhost:51975/session/cf79ea2239ab77814d70f55b5bdc966e/element {'using': 'xpath', 'value': '//*[@id="gle_selectedCountry"]'}
DEBUG:urllib3.connectionpool:http://localhost:51975 "POST /session/cf79ea2239ab77814d70f55b5bdc966e/element HTTP/1.1" 200 0
DEBUG:selenium.webdriver.remote.remote_connection:Remote response: status=200 | data={"value":{"element-6066-11e4-a52e-4f735466cecf":"f.75EF813B165F29D633B45CE8C07D0F0A.d.6CD540E6B77D6A43B8395732E83AA98E.e.4537"}} | headers=HTTPHeaderDict({'Content-Length': '128', 'Content-Type': 'application/json; charset=utf-8', 'cache-control': 'no-cache'})
DEBUG:selenium.webdriver.remote.remote_connection:Finished Request
DEBUG:selenium.webdriver.remote.remote_connection:POST http://localhost:51975/session/cf79ea2239ab77814d70f55b5bdc966e/execute/sync {'script': '/* isDisplayed */return (function(){return (function(){var g=this||self;\nfunction aa(a){var b=typeof...', 'args': [{'element-6066-11e4-a52e-4f735466cecf': 'f.75EF813B165F29D633B45CE8C07D0F0A.d.6CD540E6B77D6A43B8395732E83AA98E.e.4537'}]}
DEBUG:urllib3.connectionpool:http://localhost:51975 "POST /session/cf79ea2239ab77814d70f55b5bdc966e/execute/sync HTTP/1.1" 200 0
DEBUG:selenium.webdriver.remote.remote_connection:Remote response: status=200 | data={"value":true} | headers=HTTPHeaderDict({'Content-Length': '14', 'Content-Type': 'application/json; charset=utf-8', 'cache-control': 'no-cache'})
DEBUG:selenium.webdriver.remote.remote_connection:Finished Request
DEBUG:selenium.webdriver.remote.remote_connection:GET http://localhost:51975/session/cf79ea2239ab77814d70f55b5bdc966e/element/f.75EF813B165F29D633B45CE8C07D0F0A.d.6CD540E6B77D6A43B8395732E83AA98E.e.4537/enabled {}
DEBUG:urllib3.connectionpool:http://localhost:51975 "GET /session/cf79ea2239ab77814d70f55b5bdc966e/element/f.75EF813B165F29D633B45CE8C07D0F0A.d.6CD540E6B77D6A43B8395732E83AA98E.e.4537/enabled HTTP/1.1" 200 0
DEBUG:selenium.webdriver.remote.remote_connection:Remote response: status=200 | data={"value":true} | headers=HTTPHeaderDict({'Content-Length': '14', 'Content-Type': 'application/json; charset=utf-8', 'cache-control': 'no-cache'})
DEBUG:selenium.webdriver.remote.remote_connection:Finished Request
DEBUG:selenium.webdriver.remote.remote_connection:POST http://localhost:51975/session/cf79ea2239ab77814d70f55b5bdc966e/execute/sync {'script': 'arguments[0].scrollIntoView(true);', 'args': [{'element-6066-11e4-a52e-4f735466cecf': 'f.75EF813B165F29D633B45CE8C07D0F0A.d.6CD540E6B77D6A43B8395732E83AA98E.e.4537'}]}
DEBUG:urllib3.connectionpool:http://localhost:51975 "POST /session/cf79ea2239ab77814d70f55b5bdc966e/execute/sync HTTP/1.1" 200 0
DEBUG:selenium.webdriver.remote.remote_connection:Remote response: status=200 | data={"value":null} | headers=HTTPHeaderDict({'Content-Length': '14', 'Content-Type': 'application/json; charset=utf-8', 'cache-control': 'no-cache'})
DEBUG:selenium.webdriver.remote.remote_connection:Finished Request
DEBUG:selenium.webdriver.remote.remote_connection:POST http://localhost:51975/session/cf79ea2239ab77814d70f55b5bdc966e/element/f.75EF813B165F29D633B45CE8C07D0F0A.d.6CD540E6B77D6A43B8395732E83AA98E.e.4537/click {}
DEBUG:urllib3.connectionpool:http://localhost:51975 "POST /session/cf79ea2239ab77814d70f55b5bdc966e/element/f.75EF813B165F29D633B45CE8C07D0F0A.d.6CD540E6B77D6A43B8395732E83AA98E.e.4537/click HTTP/1.1" 200 0
DEBUG:selenium.webdriver.remote.remote_connection:Remote response: status=200 | data={"value":null} | headers=HTTPHeaderDict({'Content-Length': '14', 'Content-Type': 'application/json; charset=utf-8', 'cache-control': 'no-cache'})
DEBUG:selenium.webdriver.remote.remote_connection:Finished Request
DEBUG:selenium.webdriver.remote.remote_connection:POST http://localhost:51975/session/cf79ea2239ab77814d70f55b5bdc966e/element {'using': 'xpath', 'value': '//*[@id="gle_selectedCountry"]/option[79]'}
DEBUG:urllib3.connectionpool:http://localhost:51975 "POST /session/cf79ea2239ab77814d70f55b5bdc966e/element HTTP/1.1" 200 0
DEBUG:selenium.webdriver.remote.remote_connection:Remote response: status=200 | data={"value":{"element-6066-11e4-a52e-4f735466cecf":"f.75EF813B165F29D633B45CE8C07D0F0A.d.6CD540E6B77D6A43B8395732E83AA98E.e.4616"}} | headers=HTTPHeaderDict({'Content-Length': '128', 'Content-Type': 'application/json; charset=utf-8', 'cache-control': 'no-cache'})
DEBUG:selenium.webdriver.remote.remote_connection:Finished Request
DEBUG:selenium.webdriver.remote.remote_connection:POST http://localhost:51975/session/cf79ea2239ab77814d70f55b5bdc966e/execute/sync {'script': '/* isDisplayed */return (function(){return (function(){var g=this||self;\nfunction aa(a){var b=typeof...', 'args': [{'element-6066-11e4-a52e-4f735466cecf': 'f.75EF813B165F29D633B45CE8C07D0F0A.d.6CD540E6B77D6A43B8395732E83AA98E.e.4616'}]}
DEBUG:urllib3.connectionpool:http://localhost:51975 "POST /session/cf79ea2239ab77814d70f55b5bdc966e/execute/sync HTTP/1.1" 200 0
DEBUG:selenium.webdriver.remote.remote_connection:Remote response: status=200 | data={"value":true} | headers=HTTPHeaderDict({'Content-Length': '14', 'Content-Type': 'application/json; charset=utf-8', 'cache-control': 'no-cache'})
DEBUG:selenium.webdriver.remote.remote_connection:Finished Request
DEBUG:selenium.webdriver.remote.remote_connection:GET http://localhost:51975/session/cf79ea2239ab77814d70f55b5bdc966e/element/f.75EF813B165F29D633B45CE8C07D0F0A.d.6CD540E6B77D6A43B8395732E83AA98E.e.4616/enabled {}
DEBUG:urllib3.connectionpool:http://localhost:51975 "GET /session/cf79ea2239ab77814d70f55b5bdc966e/element/f.75EF813B165F29D633B45CE8C07D0F0A.d.6CD540E6B77D6A43B8395732E83AA98E.e.4616/enabled HTTP/1.1" 200 0
DEBUG:selenium.webdriver.remote.remote_connection:Remote response: status=200 | data={"value":true} | headers=HTTPHeaderDict({'Content-Length': '14', 'Content-Type': 'application/json; charset=utf-8', 'cache-control': 'no-cache'})
DEBUG:selenium.webdriver.remote.remote_connection:Finished Request
DEBUG:selenium.webdriver.remote.remote_connection:POST http://localhost:51975/session/cf79ea2239ab77814d70f55b5bdc966e/execute/sync {'script': 'arguments[0].scrollIntoView(true);', 'args': [{'element-6066-11e4-a52e-4f735466cecf': 'f.75EF813B165F29D633B45CE8C07D0F0A.d.6CD540E6B77D6A43B8395732E83AA98E.e.4616'}]}
DEBUG:urllib3.connectionpool:http://localhost:51975 "POST /session/cf79ea2239ab77814d70f55b5bdc966e/execute/sync HTTP/1.1" 200 0
DEBUG:selenium.webdriver.remote.remote_connection:Remote response: status=200 | data={"value":null} | headers=HTTPHeaderDict({'Content-Length': '14', 'Content-Type': 'application/json; charset=utf-8', 'cache-control': 'no-cache'})
DEBUG:selenium.webdriver.remote.remote_connection:Finished Request
DEBUG:selenium.webdriver.remote.remote_connection:POST http://localhost:51975/session/cf79ea2239ab77814d70f55b5bdc966e/element/f.75EF813B165F29D633B45CE8C07D0F0A.d.6CD540E6B77D6A43B8395732E83AA98E.e.4616/click {}
DEBUG:urllib3.connectionpool:http://localhost:51975 "POST /session/cf79ea2239ab77814d70f55b5bdc966e/element/f.75EF813B165F29D633B45CE8C07D0F0A.d.6CD540E6B77D6A43B8395732E83AA98E.e.4616/click HTTP/1.1" 200 0
DEBUG:selenium.webdriver.remote.remote_connection:Remote response: status=200 | data={"value":null} | headers=HTTPHeaderDict({'Content-Length': '14', 'Content-Type': 'application/json; charset=utf-8', 'cache-control': 'no-cache'})
DEBUG:selenium.webdriver.remote.remote_connection:Finished Request
DEBUG:selenium.webdriver.remote.remote_connection:POST http://localhost:51975/session/cf79ea2239ab77814d70f55b5bdc966e/element {'using': 'xpath', 'value': '//button[contains(text(), "Reject all")]'}
DEBUG:urllib3.connectionpool:http://localhost:51975 "POST /session/cf79ea2239ab77814d70f55b5bdc966e/element HTTP/1.1" 200 0
DEBUG:selenium.webdriver.remote.remote_connection:Remote response: status=200 | data={"value":{"element-6066-11e4-a52e-4f735466cecf":"f.75EF813B165F29D633B45CE8C07D0F0A.d.6CD540E6B77D6A43B8395732E83AA98E.e.318"}} | headers=HTTPHeaderDict({'Content-Length': '127', 'Content-Type': 'application/json; charset=utf-8', 'cache-control': 'no-cache'})
DEBUG:selenium.webdriver.remote.remote_connection:Finished Request
DEBUG:selenium.webdriver.remote.remote_connection:POST http://localhost:51975/session/cf79ea2239ab77814d70f55b5bdc966e/execute/sync {'script': '/* isDisplayed */return (function(){return (function(){var g=this||self;\nfunction aa(a){var b=typeof...', 'args': [{'element-6066-11e4-a52e-4f735466cecf': 'f.75EF813B165F29D633B45CE8C07D0F0A.d.6CD540E6B77D6A43B8395732E83AA98E.e.318'}]}
DEBUG:urllib3.connectionpool:http://localhost:51975 "POST /session/cf79ea2239ab77814d70f55b5bdc966e/execute/sync HTTP/1.1" 200 0
DEBUG:selenium.webdriver.remote.remote_connection:Remote response: status=200 | data={"value":true} | headers=HTTPHeaderDict({'Content-Length': '14', 'Content-Type': 'application/json; charset=utf-8', 'cache-control': 'no-cache'})
DEBUG:selenium.webdriver.remote.remote_connection:Finished Request
DEBUG:selenium.webdriver.remote.remote_connection:GET http://localhost:51975/session/cf79ea2239ab77814d70f55b5bdc966e/element/f.75EF813B165F29D633B45CE8C07D0F0A.d.6CD540E6B77D6A43B8395732E83AA98E.e.318/enabled {}
DEBUG:urllib3.connectionpool:http://localhost:51975 "GET /session/cf79ea2239ab77814d70f55b5bdc966e/element/f.75EF813B165F29D633B45CE8C07D0F0A.d.6CD540E6B77D6A43B8395732E83AA98E.e.318/enabled HTTP/1.1" 200 0
DEBUG:selenium.webdriver.remote.remote_connection:Remote response: status=200 | data={"value":true} | headers=HTTPHeaderDict({'Content-Length': '14', 'Content-Type': 'application/json; charset=utf-8', 'cache-control': 'no-cache'})
DEBUG:selenium.webdriver.remote.remote_connection:Finished Request
DEBUG:selenium.webdriver.remote.remote_connection:POST http://localhost:51975/session/cf79ea2239ab77814d70f55b5bdc966e/element {'using': 'css selector', 'value': '.button.text-xs.lg\\:w\\[170px\\]'}
DEBUG:urllib3.connectionpool:http://localhost:51975 "POST /session/cf79ea2239ab77814d70f55b5bdc966e/element HTTP/1.1" 404 0
DEBUG:selenium.webdriver.remote.remote_connection:Remote response: status=404 | data={"value":{"error":"no such element","message":"no such element: Unable to locate element: {\"method\":\"css selector\",\"selector\":\".button.text-xs.lg\\:w\\[170px\\]\"}\n  (Session info: chrome=131.0.6778.205)","stacktrace":"0   chromedriver                        0x0000000100dc7184 cxxbridge1$str$ptr + 3626716\n1   chromedriver                        0x0000000100dbf9d4 cxxbridge1$str$ptr + 3596076\n2   chromedriver                        0x000000010082c968 cxxbridge1$string$len + 89228\n3   chromedriver                        0x0000000100870d50 cxxbridge1$string$len + 368756\n4   chromedriver                        0x00000001008aa5b4 cxxbridge1$string$len + 604376\n5   chromedriver                        0x0000000100865568 cxxbridge1$string$len + 321676\n6   chromedriver                        0x00000001008661b8 cxxbridge1$string$len + 324828\n7   chromedriver                        0x0000000100d929ac cxxbridge1$str$ptr + 3411716\n8   chromedriver                        0x0000000100d95ccc cxxbridge1$str$ptr + 3424804\n9   chromedriver                        0x0000000100d7986c cxxbridge1$str$ptr + 3308996\n10  chromedriver                        0x0000000100d9658c cxxbridge1$str$ptr + 3427044\n11  chromedriver                        0x0000000100d6b09c cxxbridge1$str$ptr + 3249652\n12  chromedriver                        0x0000000100db04b8 cxxbridge1$str$ptr + 3533328\n13  chromedriver                        0x0000000100db0634 cxxbridge1$str$ptr + 3533708\n14  chromedriver                        0x0000000100dbf648 cxxbridge1$str$ptr + 3595168\n15  libsystem_pthread.dylib             0x000000018893ef94 _pthread_start + 136\n16  libsystem_pthread.dylib             0x0000000188939d34 thread_start + 8\n"}} | headers=HTTPHeaderDict({'Content-Length': '1732', 'Content-Type': 'application/json; charset=utf-8', 'cache-control': 'no-cache'})
DEBUG:selenium.webdriver.remote.remote_connection:Finished Request
DEBUG:selenium.webdriver.remote.remote_connection:POST http://localhost:51975/session/cf79ea2239ab77814d70f55b5bdc966e/element {'using': 'css selector', 'value': '.button.text-xs.lg\\:w\\[170px\\]'}
DEBUG:urllib3.connectionpool:http://localhost:51975 "POST /session/cf79ea2239ab77814d70f55b5bdc966e/element HTTP/1.1" 404 0
DEBUG:selenium.webdriver.remote.remote_connection:Remote response: status=404 | data={"value":{"error":"no such element","message":"no such element: Unable to locate element: {\"method\":\"css selector\",\"selector\":\".button.text-xs.lg\\:w\\[170px\\]\"}\n  (Session info: chrome=131.0.6778.205)","stacktrace":"0   chromedriver                        0x0000000100dc7184 cxxbridge1$str$ptr + 3626716\n1   chromedriver                        0x0000000100dbf9d4 cxxbridge1$str$ptr + 3596076\n2   chromedriver                        0x000000010082c968 cxxbridge1$string$len + 89228\n3   chromedriver                        0x0000000100870d50 cxxbridge1$string$len + 368756\n4   chromedriver                        0x00000001008aa5b4 cxxbridge1$string$len + 604376\n5   chromedriver                        0x0000000100865568 cxxbridge1$string$len + 321676\n6   chromedriver                        0x00000001008661b8 cxxbridge1$string$len + 324828\n7   chromedriver                        0x0000000100d929ac cxxbridge1$str$ptr + 3411716\n8   chromedriver                        0x0000000100d95ccc cxxbridge1$str$ptr + 3424804\n9   chromedriver                        0x0000000100d7986c cxxbridge1$str$ptr + 3308996\n10  chromedriver                        0x0000000100d9658c cxxbridge1$str$ptr + 3427044\n11  chromedriver                        0x0000000100d6b09c cxxbridge1$str$ptr + 3249652\n12  chromedriver                        0x0000000100db04b8 cxxbridge1$str$ptr + 3533328\n13  chromedriver                        0x0000000100db0634 cxxbridge1$str$ptr + 3533708\n14  chromedriver                        0x0000000100dbf648 cxxbridge1$str$ptr + 3595168\n15  libsystem_pthread.dylib             0x000000018893ef94 _pthread_start + 136\n16  libsystem_pthread.dylib             0x0000000188939d34 thread_start + 8\n"}} | headers=HTTPHeaderDict({'Content-Length': '1732', 'Content-Type': 'application/json; charset=utf-8', 'cache-control': 'no-cache'})
DEBUG:selenium.webdriver.remote.remote_connection:Finished Request
DEBUG:selenium.webdriver.remote.remote_connection:POST http://localhost:51975/session/cf79ea2239ab77814d70f55b5bdc966e/element {'using': 'css selector', 'value': '.button.text-xs.lg\\:w\\[170px\\]'}
DEBUG:urllib3.connectionpool:http://localhost:51975 "POST /session/cf79ea2239ab77814d70f55b5bdc966e/element HTTP/1.1" 404 0
DEBUG:selenium.webdriver.remote.remote_connection:Remote response: status=404 | data={"value":{"error":"no such element","message":"no such element: Unable to locate element: {\"method\":\"css selector\",\"selector\":\".button.text-xs.lg\\:w\\[170px\\]\"}\n  (Session info: chrome=131.0.6778.205)","stacktrace":"0   chromedriver                        0x0000000100dc7184 cxxbridge1$str$ptr + 3626716\n1   chromedriver                        0x0000000100dbf9d4 cxxbridge1$str$ptr + 3596076\n2   chromedriver                        0x000000010082c968 cxxbridge1$string$len + 89228\n3   chromedriver                        0x0000000100870d50 cxxbridge1$string$len + 368756\n4   chromedriver                        0x00000001008aa5b4 cxxbridge1$string$len + 604376\n5   chromedriver                        0x0000000100865568 cxxbridge1$string$len + 321676\n6   chromedriver                        0x00000001008661b8 cxxbridge1$string$len + 324828\n7   chromedriver                        0x0000000100d929ac cxxbridge1$str$ptr + 3411716\n8   chromedriver                        0x0000000100d95ccc cxxbridge1$str$ptr + 3424804\n9   chromedriver                        0x0000000100d7986c cxxbridge1$str$ptr + 3308996\n10  chromedriver                        0x0000000100d9658c cxxbridge1$str$ptr + 3427044\n11  chromedriver                        0x0000000100d6b09c cxxbridge1$str$ptr + 3249652\n12  chromedriver                        0x0000000100db04b8 cxxbridge1$str$ptr + 3533328\n13  chromedriver                        0x0000000100db0634 cxxbridge1$str$ptr + 3533708\n14  chromedriver                        0x0000000100dbf648 cxxbridge1$str$ptr + 3595168\n15  libsystem_pthread.dylib             0x000000018893ef94 _pthread_start + 136\n16  libsystem_pthread.dylib             0x0000000188939d34 thread_start + 8\n"}} | headers=HTTPHeaderDict({'Content-Length': '1732', 'Content-Type': 'application/json; charset=utf-8', 'cache-control': 'no-cache'})
DEBUG:selenium.webdriver.remote.remote_connection:Finished Request
DEBUG:selenium.webdriver.remote.remote_connection:POST http://localhost:51975/session/cf79ea2239ab77814d70f55b5bdc966e/element {'using': 'css selector', 'value': '.button.text-xs.lg\\:w\\[170px\\]'}
DEBUG:urllib3.connectionpool:http://localhost:51975 "POST /session/cf79ea2239ab77814d70f55b5bdc966e/element HTTP/1.1" 404 0
DEBUG:selenium.webdriver.remote.remote_connection:Remote response: status=404 | data={"value":{"error":"no such element","message":"no such element: Unable to locate element: {\"method\":\"css selector\",\"selector\":\".button.text-xs.lg\\:w\\[170px\\]\"}\n  (Session info: chrome=131.0.6778.205)","stacktrace":"0   chromedriver                        0x0000000100dc7184 cxxbridge1$str$ptr + 3626716\n1   chromedriver                        0x0000000100dbf9d4 cxxbridge1$str$ptr + 3596076\n2   chromedriver                        0x000000010082c968 cxxbridge1$string$len + 89228\n3   chromedriver                        0x0000000100870d50 cxxbridge1$string$len + 368756\n4   chromedriver                        0x00000001008aa5b4 cxxbridge1$string$len + 604376\n5   chromedriver                        0x0000000100865568 cxxbridge1$string$len + 321676\n6   chromedriver                        0x00000001008661b8 cxxbridge1$string$len + 324828\n7   chromedriver                        0x0000000100d929ac cxxbridge1$str$ptr + 3411716\n8   chromedriver                        0x0000000100d95ccc cxxbridge1$str$ptr + 3424804\n9   chromedriver                        0x0000000100d7986c cxxbridge1$str$ptr + 3308996\n10  chromedriver                        0x0000000100d9658c cxxbridge1$str$ptr + 3427044\n11  chromedriver                        0x0000000100d6b09c cxxbridge1$str$ptr + 3249652\n12  chromedriver                        0x0000000100db04b8 cxxbridge1$str$ptr + 3533328\n13  chromedriver                        0x0000000100db0634 cxxbridge1$str$ptr + 3533708\n14  chromedriver                        0x0000000100dbf648 cxxbridge1$str$ptr + 3595168\n15  libsystem_pthread.dylib             0x000000018893ef94 _pthread_start + 136\n16  libsystem_pthread.dylib             0x0000000188939d34 thread_start + 8\n"}} | headers=HTTPHeaderDict({'Content-Length': '1732', 'Content-Type': 'application/json; charset=utf-8', 'cache-control': 'no-cache'})
DEBUG:selenium.webdriver.remote.remote_connection:Finished Request
DEBUG:selenium.webdriver.remote.remote_connection:POST http://localhost:51975/session/cf79ea2239ab77814d70f55b5bdc966e/element {'using': 'css selector', 'value': '.button.text-xs.lg\\:w\\[170px\\]'}
DEBUG:urllib3.connectionpool:http://localhost:51975 "POST /session/cf79ea2239ab77814d70f55b5bdc966e/element HTTP/1.1" 404 0
DEBUG:selenium.webdriver.remote.remote_connection:Remote response: status=404 | data={"value":{"error":"no such window","message":"no such window: target window already closed\nfrom unknown error: web view not found\n  (Session info: chrome=131.0.6778.205)","stacktrace":"0   chromedriver                        0x0000000100dc7184 cxxbridge1$str$ptr + 3626716\n1   chromedriver                        0x0000000100dbf9d4 cxxbridge1$str$ptr + 3596076\n2   chromedriver                        0x000000010082c968 cxxbridge1$string$len + 89228\n3   chromedriver                        0x0000000100807e44 core::str::slice_error_fail::ha0e52dbcb60e6bae + 3780\n4   chromedriver                        0x0000000100896d48 cxxbridge1$string$len + 524396\n5   chromedriver                        0x00000001008a9c24 cxxbridge1$string$len + 601928\n6   chromedriver                        0x0000000100865568 cxxbridge1$string$len + 321676\n7   chromedriver                        0x00000001008661b8 cxxbridge1$string$len + 324828\n8   chromedriver                        0x0000000100d929ac cxxbridge1$str$ptr + 3411716\n9   chromedriver                        0x0000000100d95ccc cxxbridge1$str$ptr + 3424804\n10  chromedriver                        0x0000000100d7986c cxxbridge1$str$ptr + 3308996\n11  chromedriver                        0x0000000100d9658c cxxbridge1$str$ptr + 3427044\n12  chromedriver                        0x0000000100d6b09c cxxbridge1$str$ptr + 3249652\n13  chromedriver                        0x0000000100db04b8 cxxbridge1$str$ptr + 3533328\n14  chromedriver                        0x0000000100db0634 cxxbridge1$str$ptr + 3533708\n15  chromedriver                        0x0000000100dbf648 cxxbridge1$str$ptr + 3595168\n16  libsystem_pthread.dylib             0x000000018893ef94 _pthread_start + 136\n17  libsystem_pthread.dylib             0x0000000188939d34 thread_start + 8\n"}} | headers=HTTPHeaderDict({'Content-Length': '1806', 'Content-Type': 'application/json; charset=utf-8', 'cache-control': 'no-cache'})
DEBUG:selenium.webdriver.remote.remote_connection:Finished Request
