DEBUG:selenium.webdriver.remote.remote_connection:POST http://localhost:57412/session/7727e31c382f20afe6ff836c89ad6cc1/url {'url': 'https://www.dsquared2.com/it/donna'}
DEBUG:urllib3.connectionpool:http://localhost:57412 "POST /session/7727e31c382f20afe6ff836c89ad6cc1/url HTTP/1.1" 200 0
DEBUG:selenium.webdriver.remote.remote_connection:Remote response: status=200 | data={"value":null} | headers=HTTPHeaderDict({'Content-Length': '14', 'Content-Type': 'application/json; charset=utf-8', 'cache-control': 'no-cache'})
DEBUG:selenium.webdriver.remote.remote_connection:Finished Request
DEBUG:selenium.webdriver.remote.remote_connection:POST http://localhost:57412/session/7727e31c382f20afe6ff836c89ad6cc1/element {'using': 'tag name', 'value': 'body'}
DEBUG:urllib3.connectionpool:http://localhost:57412 "POST /session/7727e31c382f20afe6ff836c89ad6cc1/element HTTP/1.1" 200 0
DEBUG:selenium.webdriver.remote.remote_connection:Remote response: status=200 | data={"value":{"element-6066-11e4-a52e-4f735466cecf":"f.DD84FF1E09DE81DB95E2E6858A4F23E5.d.81CC630BAACF52F4D268F5D07AF0ACC6.e.6"}} | headers=HTTPHeaderDict({'Content-Length': '125', 'Content-Type': 'application/json; charset=utf-8', 'cache-control': 'no-cache'})
DEBUG:selenium.webdriver.remote.remote_connection:Finished Request
DEBUG:selenium.webdriver.remote.remote_connection:POST http://localhost:57412/session/7727e31c382f20afe6ff836c89ad6cc1/element {'using': 'css selector', 'value': 'a.b-load_more-button.b-button.m-outline'}
DEBUG:urllib3.connectionpool:http://localhost:57412 "POST /session/7727e31c382f20afe6ff836c89ad6cc1/element HTTP/1.1" 200 0
DEBUG:selenium.webdriver.remote.remote_connection:Remote response: status=200 | data={"value":{"element-6066-11e4-a52e-4f735466cecf":"f.DD84FF1E09DE81DB95E2E6858A4F23E5.d.81CC630BAACF52F4D268F5D07AF0ACC6.e.3174"}} | headers=HTTPHeaderDict({'Content-Length': '128', 'Content-Type': 'application/json; charset=utf-8', 'cache-control': 'no-cache'})
DEBUG:selenium.webdriver.remote.remote_connection:Finished Request
DEBUG:selenium.webdriver.remote.remote_connection:POST http://localhost:57412/session/7727e31c382f20afe6ff836c89ad6cc1/execute/sync {'script': '/* isDisplayed */return (function(){return (function(){var g=this||self;\nfunction aa(a){var b=typeof...', 'args': [{'element-6066-11e4-a52e-4f735466cecf': 'f.DD84FF1E09DE81DB95E2E6858A4F23E5.d.81CC630BAACF52F4D268F5D07AF0ACC6.e.3174'}]}
DEBUG:urllib3.connectionpool:http://localhost:57412 "POST /session/7727e31c382f20afe6ff836c89ad6cc1/execute/sync HTTP/1.1" 200 0
DEBUG:selenium.webdriver.remote.remote_connection:Remote response: status=200 | data={"value":false} | headers=HTTPHeaderDict({'Content-Length': '15', 'Content-Type': 'application/json; charset=utf-8', 'cache-control': 'no-cache'})
DEBUG:selenium.webdriver.remote.remote_connection:Finished Request
DEBUG:selenium.webdriver.remote.remote_connection:POST http://localhost:57412/session/7727e31c382f20afe6ff836c89ad6cc1/element {'using': 'css selector', 'value': 'a.b-load_more-button.b-button.m-outline'}
DEBUG:urllib3.connectionpool:http://localhost:57412 "POST /session/7727e31c382f20afe6ff836c89ad6cc1/element HTTP/1.1" 200 0
DEBUG:selenium.webdriver.remote.remote_connection:Remote response: status=200 | data={"value":{"element-6066-11e4-a52e-4f735466cecf":"f.DD84FF1E09DE81DB95E2E6858A4F23E5.d.81CC630BAACF52F4D268F5D07AF0ACC6.e.3174"}} | headers=HTTPHeaderDict({'Content-Length': '128', 'Content-Type': 'application/json; charset=utf-8', 'cache-control': 'no-cache'})
DEBUG:selenium.webdriver.remote.remote_connection:Finished Request
DEBUG:selenium.webdriver.remote.remote_connection:POST http://localhost:57412/session/7727e31c382f20afe6ff836c89ad6cc1/execute/sync {'script': '/* isDisplayed */return (function(){return (function(){var g=this||self;\nfunction aa(a){var b=typeof...', 'args': [{'element-6066-11e4-a52e-4f735466cecf': 'f.DD84FF1E09DE81DB95E2E6858A4F23E5.d.81CC630BAACF52F4D268F5D07AF0ACC6.e.3174'}]}
DEBUG:urllib3.connectionpool:http://localhost:57412 "POST /session/7727e31c382f20afe6ff836c89ad6cc1/execute/sync HTTP/1.1" 200 0
DEBUG:selenium.webdriver.remote.remote_connection:Remote response: status=200 | data={"value":false} | headers=HTTPHeaderDict({'Content-Length': '15', 'Content-Type': 'application/json; charset=utf-8', 'cache-control': 'no-cache'})
DEBUG:selenium.webdriver.remote.remote_connection:Finished Request
DEBUG:selenium.webdriver.remote.remote_connection:POST http://localhost:57412/session/7727e31c382f20afe6ff836c89ad6cc1/element {'using': 'css selector', 'value': 'a.b-load_more-button.b-button.m-outline'}
DEBUG:urllib3.connectionpool:http://localhost:57412 "POST /session/7727e31c382f20afe6ff836c89ad6cc1/element HTTP/1.1" 200 0
DEBUG:selenium.webdriver.remote.remote_connection:Remote response: status=200 | data={"value":{"element-6066-11e4-a52e-4f735466cecf":"f.DD84FF1E09DE81DB95E2E6858A4F23E5.d.81CC630BAACF52F4D268F5D07AF0ACC6.e.3174"}} | headers=HTTPHeaderDict({'Content-Length': '128', 'Content-Type': 'application/json; charset=utf-8', 'cache-control': 'no-cache'})
DEBUG:selenium.webdriver.remote.remote_connection:Finished Request
DEBUG:selenium.webdriver.remote.remote_connection:POST http://localhost:57412/session/7727e31c382f20afe6ff836c89ad6cc1/execute/sync {'script': '/* isDisplayed */return (function(){return (function(){var g=this||self;\nfunction aa(a){var b=typeof...', 'args': [{'element-6066-11e4-a52e-4f735466cecf': 'f.DD84FF1E09DE81DB95E2E6858A4F23E5.d.81CC630BAACF52F4D268F5D07AF0ACC6.e.3174'}]}
DEBUG:urllib3.connectionpool:http://localhost:57412 "POST /session/7727e31c382f20afe6ff836c89ad6cc1/execute/sync HTTP/1.1" 200 0
DEBUG:selenium.webdriver.remote.remote_connection:Remote response: status=200 | data={"value":false} | headers=HTTPHeaderDict({'Content-Length': '15', 'Content-Type': 'application/json; charset=utf-8', 'cache-control': 'no-cache'})
DEBUG:selenium.webdriver.remote.remote_connection:Finished Request
DEBUG:selenium.webdriver.remote.remote_connection:POST http://localhost:57412/session/7727e31c382f20afe6ff836c89ad6cc1/element {'using': 'css selector', 'value': 'a.b-load_more-button.b-button.m-outline'}
DEBUG:urllib3.connectionpool:http://localhost:57412 "POST /session/7727e31c382f20afe6ff836c89ad6cc1/element HTTP/1.1" 200 0
DEBUG:selenium.webdriver.remote.remote_connection:Remote response: status=200 | data={"value":{"element-6066-11e4-a52e-4f735466cecf":"f.DD84FF1E09DE81DB95E2E6858A4F23E5.d.81CC630BAACF52F4D268F5D07AF0ACC6.e.3174"}} | headers=HTTPHeaderDict({'Content-Length': '128', 'Content-Type': 'application/json; charset=utf-8', 'cache-control': 'no-cache'})
DEBUG:selenium.webdriver.remote.remote_connection:Finished Request
DEBUG:selenium.webdriver.remote.remote_connection:POST http://localhost:57412/session/7727e31c382f20afe6ff836c89ad6cc1/execute/sync {'script': '/* isDisplayed */return (function(){return (function(){var g=this||self;\nfunction aa(a){var b=typeof...', 'args': [{'element-6066-11e4-a52e-4f735466cecf': 'f.DD84FF1E09DE81DB95E2E6858A4F23E5.d.81CC630BAACF52F4D268F5D07AF0ACC6.e.3174'}]}
DEBUG:urllib3.connectionpool:http://localhost:57412 "POST /session/7727e31c382f20afe6ff836c89ad6cc1/execute/sync HTTP/1.1" 200 0
DEBUG:selenium.webdriver.remote.remote_connection:Remote response: status=200 | data={"value":false} | headers=HTTPHeaderDict({'Content-Length': '15', 'Content-Type': 'application/json; charset=utf-8', 'cache-control': 'no-cache'})
DEBUG:selenium.webdriver.remote.remote_connection:Finished Request
DEBUG:selenium.webdriver.remote.remote_connection:POST http://localhost:57412/session/7727e31c382f20afe6ff836c89ad6cc1/element {'using': 'css selector', 'value': 'a.b-load_more-button.b-button.m-outline'}
DEBUG:urllib3.connectionpool:http://localhost:57412 "POST /session/7727e31c382f20afe6ff836c89ad6cc1/element HTTP/1.1" 200 0
DEBUG:selenium.webdriver.remote.remote_connection:Remote response: status=200 | data={"value":{"element-6066-11e4-a52e-4f735466cecf":"f.DD84FF1E09DE81DB95E2E6858A4F23E5.d.81CC630BAACF52F4D268F5D07AF0ACC6.e.3174"}} | headers=HTTPHeaderDict({'Content-Length': '128', 'Content-Type': 'application/json; charset=utf-8', 'cache-control': 'no-cache'})
DEBUG:selenium.webdriver.remote.remote_connection:Finished Request
DEBUG:selenium.webdriver.remote.remote_connection:POST http://localhost:57412/session/7727e31c382f20afe6ff836c89ad6cc1/execute/sync {'script': '/* isDisplayed */return (function(){return (function(){var g=this||self;\nfunction aa(a){var b=typeof...', 'args': [{'element-6066-11e4-a52e-4f735466cecf': 'f.DD84FF1E09DE81DB95E2E6858A4F23E5.d.81CC630BAACF52F4D268F5D07AF0ACC6.e.3174'}]}
DEBUG:urllib3.connectionpool:http://localhost:57412 "POST /session/7727e31c382f20afe6ff836c89ad6cc1/execute/sync HTTP/1.1" 200 0
DEBUG:selenium.webdriver.remote.remote_connection:Remote response: status=200 | data={"value":false} | headers=HTTPHeaderDict({'Content-Length': '15', 'Content-Type': 'application/json; charset=utf-8', 'cache-control': 'no-cache'})
DEBUG:selenium.webdriver.remote.remote_connection:Finished Request
DEBUG:selenium.webdriver.remote.remote_connection:POST http://localhost:57412/session/7727e31c382f20afe6ff836c89ad6cc1/element {'using': 'css selector', 'value': 'a.b-load_more-button.b-button.m-outline'}
DEBUG:urllib3.connectionpool:http://localhost:57412 "POST /session/7727e31c382f20afe6ff836c89ad6cc1/element HTTP/1.1" 200 0
DEBUG:selenium.webdriver.remote.remote_connection:Remote response: status=200 | data={"value":{"element-6066-11e4-a52e-4f735466cecf":"f.DD84FF1E09DE81DB95E2E6858A4F23E5.d.81CC630BAACF52F4D268F5D07AF0ACC6.e.3174"}} | headers=HTTPHeaderDict({'Content-Length': '128', 'Content-Type': 'application/json; charset=utf-8', 'cache-control': 'no-cache'})
DEBUG:selenium.webdriver.remote.remote_connection:Finished Request
DEBUG:selenium.webdriver.remote.remote_connection:POST http://localhost:57412/session/7727e31c382f20afe6ff836c89ad6cc1/execute/sync {'script': '/* isDisplayed */return (function(){return (function(){var g=this||self;\nfunction aa(a){var b=typeof...', 'args': [{'element-6066-11e4-a52e-4f735466cecf': 'f.DD84FF1E09DE81DB95E2E6858A4F23E5.d.81CC630BAACF52F4D268F5D07AF0ACC6.e.3174'}]}
DEBUG:urllib3.connectionpool:http://localhost:57412 "POST /session/7727e31c382f20afe6ff836c89ad6cc1/execute/sync HTTP/1.1" 200 0
DEBUG:selenium.webdriver.remote.remote_connection:Remote response: status=200 | data={"value":false} | headers=HTTPHeaderDict({'Content-Length': '15', 'Content-Type': 'application/json; charset=utf-8', 'cache-control': 'no-cache'})
DEBUG:selenium.webdriver.remote.remote_connection:Finished Request
DEBUG:selenium.webdriver.remote.remote_connection:POST http://localhost:57412/session/7727e31c382f20afe6ff836c89ad6cc1/element {'using': 'css selector', 'value': 'a.b-load_more-button.b-button.m-outline'}
DEBUG:urllib3.connectionpool:http://localhost:57412 "POST /session/7727e31c382f20afe6ff836c89ad6cc1/element HTTP/1.1" 200 0
DEBUG:selenium.webdriver.remote.remote_connection:Remote response: status=200 | data={"value":{"element-6066-11e4-a52e-4f735466cecf":"f.DD84FF1E09DE81DB95E2E6858A4F23E5.d.81CC630BAACF52F4D268F5D07AF0ACC6.e.3174"}} | headers=HTTPHeaderDict({'Content-Length': '128', 'Content-Type': 'application/json; charset=utf-8', 'cache-control': 'no-cache'})
DEBUG:selenium.webdriver.remote.remote_connection:Finished Request
DEBUG:selenium.webdriver.remote.remote_connection:POST http://localhost:57412/session/7727e31c382f20afe6ff836c89ad6cc1/execute/sync {'script': '/* isDisplayed */return (function(){return (function(){var g=this||self;\nfunction aa(a){var b=typeof...', 'args': [{'element-6066-11e4-a52e-4f735466cecf': 'f.DD84FF1E09DE81DB95E2E6858A4F23E5.d.81CC630BAACF52F4D268F5D07AF0ACC6.e.3174'}]}
DEBUG:urllib3.connectionpool:http://localhost:57412 "POST /session/7727e31c382f20afe6ff836c89ad6cc1/execute/sync HTTP/1.1" 200 0
DEBUG:selenium.webdriver.remote.remote_connection:Remote response: status=200 | data={"value":false} | headers=HTTPHeaderDict({'Content-Length': '15', 'Content-Type': 'application/json; charset=utf-8', 'cache-control': 'no-cache'})
DEBUG:selenium.webdriver.remote.remote_connection:Finished Request
DEBUG:selenium.webdriver.remote.remote_connection:POST http://localhost:57412/session/7727e31c382f20afe6ff836c89ad6cc1/element {'using': 'css selector', 'value': 'a.b-load_more-button.b-button.m-outline'}
DEBUG:urllib3.connectionpool:http://localhost:57412 "POST /session/7727e31c382f20afe6ff836c89ad6cc1/element HTTP/1.1" 200 0
DEBUG:selenium.webdriver.remote.remote_connection:Remote response: status=200 | data={"value":{"element-6066-11e4-a52e-4f735466cecf":"f.DD84FF1E09DE81DB95E2E6858A4F23E5.d.81CC630BAACF52F4D268F5D07AF0ACC6.e.3174"}} | headers=HTTPHeaderDict({'Content-Length': '128', 'Content-Type': 'application/json; charset=utf-8', 'cache-control': 'no-cache'})
DEBUG:selenium.webdriver.remote.remote_connection:Finished Request
DEBUG:selenium.webdriver.remote.remote_connection:POST http://localhost:57412/session/7727e31c382f20afe6ff836c89ad6cc1/execute/sync {'script': '/* isDisplayed */return (function(){return (function(){var g=this||self;\nfunction aa(a){var b=typeof...', 'args': [{'element-6066-11e4-a52e-4f735466cecf': 'f.DD84FF1E09DE81DB95E2E6858A4F23E5.d.81CC630BAACF52F4D268F5D07AF0ACC6.e.3174'}]}
DEBUG:urllib3.connectionpool:http://localhost:57412 "POST /session/7727e31c382f20afe6ff836c89ad6cc1/execute/sync HTTP/1.1" 200 0
DEBUG:selenium.webdriver.remote.remote_connection:Remote response: status=200 | data={"value":false} | headers=HTTPHeaderDict({'Content-Length': '15', 'Content-Type': 'application/json; charset=utf-8', 'cache-control': 'no-cache'})
DEBUG:selenium.webdriver.remote.remote_connection:Finished Request
DEBUG:selenium.webdriver.remote.remote_connection:POST http://localhost:57412/session/7727e31c382f20afe6ff836c89ad6cc1/element {'using': 'css selector', 'value': 'a.b-load_more-button.b-button.m-outline'}
DEBUG:urllib3.connectionpool:http://localhost:57412 "POST /session/7727e31c382f20afe6ff836c89ad6cc1/element HTTP/1.1" 200 0
DEBUG:selenium.webdriver.remote.remote_connection:Remote response: status=200 | data={"value":{"element-6066-11e4-a52e-4f735466cecf":"f.DD84FF1E09DE81DB95E2E6858A4F23E5.d.81CC630BAACF52F4D268F5D07AF0ACC6.e.3174"}} | headers=HTTPHeaderDict({'Content-Length': '128', 'Content-Type': 'application/json; charset=utf-8', 'cache-control': 'no-cache'})
DEBUG:selenium.webdriver.remote.remote_connection:Finished Request
DEBUG:selenium.webdriver.remote.remote_connection:POST http://localhost:57412/session/7727e31c382f20afe6ff836c89ad6cc1/execute/sync {'script': '/* isDisplayed */return (function(){return (function(){var g=this||self;\nfunction aa(a){var b=typeof...', 'args': [{'element-6066-11e4-a52e-4f735466cecf': 'f.DD84FF1E09DE81DB95E2E6858A4F23E5.d.81CC630BAACF52F4D268F5D07AF0ACC6.e.3174'}]}
DEBUG:urllib3.connectionpool:http://localhost:57412 "POST /session/7727e31c382f20afe6ff836c89ad6cc1/execute/sync HTTP/1.1" 200 0
DEBUG:selenium.webdriver.remote.remote_connection:Remote response: status=200 | data={"value":false} | headers=HTTPHeaderDict({'Content-Length': '15', 'Content-Type': 'application/json; charset=utf-8', 'cache-control': 'no-cache'})
DEBUG:selenium.webdriver.remote.remote_connection:Finished Request
DEBUG:selenium.webdriver.remote.remote_connection:POST http://localhost:57412/session/7727e31c382f20afe6ff836c89ad6cc1/element {'using': 'css selector', 'value': 'a.b-load_more-button.b-button.m-outline'}
DEBUG:urllib3.connectionpool:http://localhost:57412 "POST /session/7727e31c382f20afe6ff836c89ad6cc1/element HTTP/1.1" 200 0
DEBUG:selenium.webdriver.remote.remote_connection:Remote response: status=200 | data={"value":{"element-6066-11e4-a52e-4f735466cecf":"f.DD84FF1E09DE81DB95E2E6858A4F23E5.d.81CC630BAACF52F4D268F5D07AF0ACC6.e.3174"}} | headers=HTTPHeaderDict({'Content-Length': '128', 'Content-Type': 'application/json; charset=utf-8', 'cache-control': 'no-cache'})
DEBUG:selenium.webdriver.remote.remote_connection:Finished Request
DEBUG:selenium.webdriver.remote.remote_connection:POST http://localhost:57412/session/7727e31c382f20afe6ff836c89ad6cc1/execute/sync {'script': '/* isDisplayed */return (function(){return (function(){var g=this||self;\nfunction aa(a){var b=typeof...', 'args': [{'element-6066-11e4-a52e-4f735466cecf': 'f.DD84FF1E09DE81DB95E2E6858A4F23E5.d.81CC630BAACF52F4D268F5D07AF0ACC6.e.3174'}]}
DEBUG:urllib3.connectionpool:http://localhost:57412 "POST /session/7727e31c382f20afe6ff836c89ad6cc1/execute/sync HTTP/1.1" 200 0
DEBUG:selenium.webdriver.remote.remote_connection:Remote response: status=200 | data={"value":false} | headers=HTTPHeaderDict({'Content-Length': '15', 'Content-Type': 'application/json; charset=utf-8', 'cache-control': 'no-cache'})
DEBUG:selenium.webdriver.remote.remote_connection:Finished Request
DEBUG:selenium.webdriver.remote.remote_connection:POST http://localhost:57412/session/7727e31c382f20afe6ff836c89ad6cc1/element {'using': 'css selector', 'value': 'a.b-load_more-button.b-button.m-outline'}
DEBUG:urllib3.connectionpool:http://localhost:57412 "POST /session/7727e31c382f20afe6ff836c89ad6cc1/element HTTP/1.1" 200 0
DEBUG:selenium.webdriver.remote.remote_connection:Remote response: status=200 | data={"value":{"element-6066-11e4-a52e-4f735466cecf":"f.DD84FF1E09DE81DB95E2E6858A4F23E5.d.81CC630BAACF52F4D268F5D07AF0ACC6.e.3174"}} | headers=HTTPHeaderDict({'Content-Length': '128', 'Content-Type': 'application/json; charset=utf-8', 'cache-control': 'no-cache'})
DEBUG:selenium.webdriver.remote.remote_connection:Finished Request
DEBUG:selenium.webdriver.remote.remote_connection:POST http://localhost:57412/session/7727e31c382f20afe6ff836c89ad6cc1/execute/sync {'script': '/* isDisplayed */return (function(){return (function(){var g=this||self;\nfunction aa(a){var b=typeof...', 'args': [{'element-6066-11e4-a52e-4f735466cecf': 'f.DD84FF1E09DE81DB95E2E6858A4F23E5.d.81CC630BAACF52F4D268F5D07AF0ACC6.e.3174'}]}
DEBUG:urllib3.connectionpool:http://localhost:57412 "POST /session/7727e31c382f20afe6ff836c89ad6cc1/execute/sync HTTP/1.1" 200 0
DEBUG:selenium.webdriver.remote.remote_connection:Remote response: status=200 | data={"value":false} | headers=HTTPHeaderDict({'Content-Length': '15', 'Content-Type': 'application/json; charset=utf-8', 'cache-control': 'no-cache'})
DEBUG:selenium.webdriver.remote.remote_connection:Finished Request
DEBUG:selenium.webdriver.remote.remote_connection:POST http://localhost:57412/session/7727e31c382f20afe6ff836c89ad6cc1/element {'using': 'css selector', 'value': 'a.b-load_more-button.b-button.m-outline'}
DEBUG:urllib3.connectionpool:http://localhost:57412 "POST /session/7727e31c382f20afe6ff836c89ad6cc1/element HTTP/1.1" 200 0
DEBUG:selenium.webdriver.remote.remote_connection:Remote response: status=200 | data={"value":{"element-6066-11e4-a52e-4f735466cecf":"f.DD84FF1E09DE81DB95E2E6858A4F23E5.d.81CC630BAACF52F4D268F5D07AF0ACC6.e.3174"}} | headers=HTTPHeaderDict({'Content-Length': '128', 'Content-Type': 'application/json; charset=utf-8', 'cache-control': 'no-cache'})
DEBUG:selenium.webdriver.remote.remote_connection:Finished Request
DEBUG:selenium.webdriver.remote.remote_connection:POST http://localhost:57412/session/7727e31c382f20afe6ff836c89ad6cc1/execute/sync {'script': '/* isDisplayed */return (function(){return (function(){var g=this||self;\nfunction aa(a){var b=typeof...', 'args': [{'element-6066-11e4-a52e-4f735466cecf': 'f.DD84FF1E09DE81DB95E2E6858A4F23E5.d.81CC630BAACF52F4D268F5D07AF0ACC6.e.3174'}]}
DEBUG:urllib3.connectionpool:http://localhost:57412 "POST /session/7727e31c382f20afe6ff836c89ad6cc1/execute/sync HTTP/1.1" 200 0
DEBUG:selenium.webdriver.remote.remote_connection:Remote response: status=200 | data={"value":false} | headers=HTTPHeaderDict({'Content-Length': '15', 'Content-Type': 'application/json; charset=utf-8', 'cache-control': 'no-cache'})
DEBUG:selenium.webdriver.remote.remote_connection:Finished Request
DEBUG:selenium.webdriver.remote.remote_connection:POST http://localhost:57412/session/7727e31c382f20afe6ff836c89ad6cc1/element {'using': 'css selector', 'value': 'a.b-load_more-button.b-button.m-outline'}
DEBUG:urllib3.connectionpool:http://localhost:57412 "POST /session/7727e31c382f20afe6ff836c89ad6cc1/element HTTP/1.1" 200 0
DEBUG:selenium.webdriver.remote.remote_connection:Remote response: status=200 | data={"value":{"element-6066-11e4-a52e-4f735466cecf":"f.DD84FF1E09DE81DB95E2E6858A4F23E5.d.81CC630BAACF52F4D268F5D07AF0ACC6.e.3174"}} | headers=HTTPHeaderDict({'Content-Length': '128', 'Content-Type': 'application/json; charset=utf-8', 'cache-control': 'no-cache'})
DEBUG:selenium.webdriver.remote.remote_connection:Finished Request
DEBUG:selenium.webdriver.remote.remote_connection:POST http://localhost:57412/session/7727e31c382f20afe6ff836c89ad6cc1/execute/sync {'script': '/* isDisplayed */return (function(){return (function(){var g=this||self;\nfunction aa(a){var b=typeof...', 'args': [{'element-6066-11e4-a52e-4f735466cecf': 'f.DD84FF1E09DE81DB95E2E6858A4F23E5.d.81CC630BAACF52F4D268F5D07AF0ACC6.e.3174'}]}
DEBUG:urllib3.connectionpool:http://localhost:57412 "POST /session/7727e31c382f20afe6ff836c89ad6cc1/execute/sync HTTP/1.1" 200 0
DEBUG:selenium.webdriver.remote.remote_connection:Remote response: status=200 | data={"value":false} | headers=HTTPHeaderDict({'Content-Length': '15', 'Content-Type': 'application/json; charset=utf-8', 'cache-control': 'no-cache'})
DEBUG:selenium.webdriver.remote.remote_connection:Finished Request
DEBUG:selenium.webdriver.remote.remote_connection:POST http://localhost:57412/session/7727e31c382f20afe6ff836c89ad6cc1/element {'using': 'css selector', 'value': 'a.b-load_more-button.b-button.m-outline'}
DEBUG:urllib3.connectionpool:http://localhost:57412 "POST /session/7727e31c382f20afe6ff836c89ad6cc1/element HTTP/1.1" 200 0
DEBUG:selenium.webdriver.remote.remote_connection:Remote response: status=200 | data={"value":{"element-6066-11e4-a52e-4f735466cecf":"f.DD84FF1E09DE81DB95E2E6858A4F23E5.d.81CC630BAACF52F4D268F5D07AF0ACC6.e.3174"}} | headers=HTTPHeaderDict({'Content-Length': '128', 'Content-Type': 'application/json; charset=utf-8', 'cache-control': 'no-cache'})
DEBUG:selenium.webdriver.remote.remote_connection:Finished Request
DEBUG:selenium.webdriver.remote.remote_connection:POST http://localhost:57412/session/7727e31c382f20afe6ff836c89ad6cc1/execute/sync {'script': '/* isDisplayed */return (function(){return (function(){var g=this||self;\nfunction aa(a){var b=typeof...', 'args': [{'element-6066-11e4-a52e-4f735466cecf': 'f.DD84FF1E09DE81DB95E2E6858A4F23E5.d.81CC630BAACF52F4D268F5D07AF0ACC6.e.3174'}]}
DEBUG:urllib3.connectionpool:http://localhost:57412 "POST /session/7727e31c382f20afe6ff836c89ad6cc1/execute/sync HTTP/1.1" 200 0
DEBUG:selenium.webdriver.remote.remote_connection:Remote response: status=200 | data={"value":false} | headers=HTTPHeaderDict({'Content-Length': '15', 'Content-Type': 'application/json; charset=utf-8', 'cache-control': 'no-cache'})
DEBUG:selenium.webdriver.remote.remote_connection:Finished Request
DEBUG:selenium.webdriver.remote.remote_connection:POST http://localhost:57412/session/7727e31c382f20afe6ff836c89ad6cc1/element {'using': 'css selector', 'value': 'a.b-load_more-button.b-button.m-outline'}
DEBUG:urllib3.connectionpool:http://localhost:57412 "POST /session/7727e31c382f20afe6ff836c89ad6cc1/element HTTP/1.1" 200 0
DEBUG:selenium.webdriver.remote.remote_connection:Remote response: status=200 | data={"value":{"element-6066-11e4-a52e-4f735466cecf":"f.DD84FF1E09DE81DB95E2E6858A4F23E5.d.81CC630BAACF52F4D268F5D07AF0ACC6.e.3174"}} | headers=HTTPHeaderDict({'Content-Length': '128', 'Content-Type': 'application/json; charset=utf-8', 'cache-control': 'no-cache'})
DEBUG:selenium.webdriver.remote.remote_connection:Finished Request
DEBUG:selenium.webdriver.remote.remote_connection:POST http://localhost:57412/session/7727e31c382f20afe6ff836c89ad6cc1/execute/sync {'script': '/* isDisplayed */return (function(){return (function(){var g=this||self;\nfunction aa(a){var b=typeof...', 'args': [{'element-6066-11e4-a52e-4f735466cecf': 'f.DD84FF1E09DE81DB95E2E6858A4F23E5.d.81CC630BAACF52F4D268F5D07AF0ACC6.e.3174'}]}
DEBUG:urllib3.connectionpool:http://localhost:57412 "POST /session/7727e31c382f20afe6ff836c89ad6cc1/execute/sync HTTP/1.1" 200 0
DEBUG:selenium.webdriver.remote.remote_connection:Remote response: status=200 | data={"value":false} | headers=HTTPHeaderDict({'Content-Length': '15', 'Content-Type': 'application/json; charset=utf-8', 'cache-control': 'no-cache'})
DEBUG:selenium.webdriver.remote.remote_connection:Finished Request
DEBUG:selenium.webdriver.remote.remote_connection:POST http://localhost:57412/session/7727e31c382f20afe6ff836c89ad6cc1/element {'using': 'css selector', 'value': 'a.b-load_more-button.b-button.m-outline'}
DEBUG:urllib3.connectionpool:http://localhost:57412 "POST /session/7727e31c382f20afe6ff836c89ad6cc1/element HTTP/1.1" 200 0
DEBUG:selenium.webdriver.remote.remote_connection:Remote response: status=200 | data={"value":{"element-6066-11e4-a52e-4f735466cecf":"f.DD84FF1E09DE81DB95E2E6858A4F23E5.d.81CC630BAACF52F4D268F5D07AF0ACC6.e.3174"}} | headers=HTTPHeaderDict({'Content-Length': '128', 'Content-Type': 'application/json; charset=utf-8', 'cache-control': 'no-cache'})
DEBUG:selenium.webdriver.remote.remote_connection:Finished Request
DEBUG:selenium.webdriver.remote.remote_connection:POST http://localhost:57412/session/7727e31c382f20afe6ff836c89ad6cc1/execute/sync {'script': '/* isDisplayed */return (function(){return (function(){var g=this||self;\nfunction aa(a){var b=typeof...', 'args': [{'element-6066-11e4-a52e-4f735466cecf': 'f.DD84FF1E09DE81DB95E2E6858A4F23E5.d.81CC630BAACF52F4D268F5D07AF0ACC6.e.3174'}]}
DEBUG:urllib3.connectionpool:http://localhost:57412 "POST /session/7727e31c382f20afe6ff836c89ad6cc1/execute/sync HTTP/1.1" 200 0
DEBUG:selenium.webdriver.remote.remote_connection:Remote response: status=200 | data={"value":false} | headers=HTTPHeaderDict({'Content-Length': '15', 'Content-Type': 'application/json; charset=utf-8', 'cache-control': 'no-cache'})
DEBUG:selenium.webdriver.remote.remote_connection:Finished Request
DEBUG:selenium.webdriver.remote.remote_connection:POST http://localhost:57412/session/7727e31c382f20afe6ff836c89ad6cc1/element {'using': 'css selector', 'value': 'a.b-load_more-button.b-button.m-outline'}
DEBUG:urllib3.connectionpool:http://localhost:57412 "POST /session/7727e31c382f20afe6ff836c89ad6cc1/element HTTP/1.1" 200 0
DEBUG:selenium.webdriver.remote.remote_connection:Remote response: status=200 | data={"value":{"element-6066-11e4-a52e-4f735466cecf":"f.DD84FF1E09DE81DB95E2E6858A4F23E5.d.81CC630BAACF52F4D268F5D07AF0ACC6.e.3174"}} | headers=HTTPHeaderDict({'Content-Length': '128', 'Content-Type': 'application/json; charset=utf-8', 'cache-control': 'no-cache'})
DEBUG:selenium.webdriver.remote.remote_connection:Finished Request
DEBUG:selenium.webdriver.remote.remote_connection:POST http://localhost:57412/session/7727e31c382f20afe6ff836c89ad6cc1/execute/sync {'script': '/* isDisplayed */return (function(){return (function(){var g=this||self;\nfunction aa(a){var b=typeof...', 'args': [{'element-6066-11e4-a52e-4f735466cecf': 'f.DD84FF1E09DE81DB95E2E6858A4F23E5.d.81CC630BAACF52F4D268F5D07AF0ACC6.e.3174'}]}
DEBUG:urllib3.connectionpool:http://localhost:57412 "POST /session/7727e31c382f20afe6ff836c89ad6cc1/execute/sync HTTP/1.1" 200 0
DEBUG:selenium.webdriver.remote.remote_connection:Remote response: status=200 | data={"value":false} | headers=HTTPHeaderDict({'Content-Length': '15', 'Content-Type': 'application/json; charset=utf-8', 'cache-control': 'no-cache'})
DEBUG:selenium.webdriver.remote.remote_connection:Finished Request
DEBUG:selenium.webdriver.remote.remote_connection:POST http://localhost:57412/session/7727e31c382f20afe6ff836c89ad6cc1/element {'using': 'css selector', 'value': 'a.b-load_more-button.b-button.m-outline'}
DEBUG:urllib3.connectionpool:http://localhost:57412 "POST /session/7727e31c382f20afe6ff836c89ad6cc1/element HTTP/1.1" 200 0
DEBUG:selenium.webdriver.remote.remote_connection:Remote response: status=200 | data={"value":{"element-6066-11e4-a52e-4f735466cecf":"f.DD84FF1E09DE81DB95E2E6858A4F23E5.d.81CC630BAACF52F4D268F5D07AF0ACC6.e.3174"}} | headers=HTTPHeaderDict({'Content-Length': '128', 'Content-Type': 'application/json; charset=utf-8', 'cache-control': 'no-cache'})
DEBUG:selenium.webdriver.remote.remote_connection:Finished Request
DEBUG:selenium.webdriver.remote.remote_connection:POST http://localhost:57412/session/7727e31c382f20afe6ff836c89ad6cc1/execute/sync {'script': '/* isDisplayed */return (function(){return (function(){var g=this||self;\nfunction aa(a){var b=typeof...', 'args': [{'element-6066-11e4-a52e-4f735466cecf': 'f.DD84FF1E09DE81DB95E2E6858A4F23E5.d.81CC630BAACF52F4D268F5D07AF0ACC6.e.3174'}]}
DEBUG:urllib3.connectionpool:http://localhost:57412 "POST /session/7727e31c382f20afe6ff836c89ad6cc1/execute/sync HTTP/1.1" 200 0
DEBUG:selenium.webdriver.remote.remote_connection:Remote response: status=200 | data={"value":false} | headers=HTTPHeaderDict({'Content-Length': '15', 'Content-Type': 'application/json; charset=utf-8', 'cache-control': 'no-cache'})
DEBUG:selenium.webdriver.remote.remote_connection:Finished Request
DEBUG:selenium.webdriver.remote.remote_connection:POST http://localhost:57412/session/7727e31c382f20afe6ff836c89ad6cc1/element {'using': 'css selector', 'value': 'a.b-load_more-button.b-button.m-outline'}
DEBUG:urllib3.connectionpool:http://localhost:57412 "POST /session/7727e31c382f20afe6ff836c89ad6cc1/element HTTP/1.1" 200 0
DEBUG:selenium.webdriver.remote.remote_connection:Remote response: status=200 | data={"value":{"element-6066-11e4-a52e-4f735466cecf":"f.DD84FF1E09DE81DB95E2E6858A4F23E5.d.81CC630BAACF52F4D268F5D07AF0ACC6.e.3174"}} | headers=HTTPHeaderDict({'Content-Length': '128', 'Content-Type': 'application/json; charset=utf-8', 'cache-control': 'no-cache'})
DEBUG:selenium.webdriver.remote.remote_connection:Finished Request
DEBUG:selenium.webdriver.remote.remote_connection:POST http://localhost:57412/session/7727e31c382f20afe6ff836c89ad6cc1/execute/sync {'script': '/* isDisplayed */return (function(){return (function(){var g=this||self;\nfunction aa(a){var b=typeof...', 'args': [{'element-6066-11e4-a52e-4f735466cecf': 'f.DD84FF1E09DE81DB95E2E6858A4F23E5.d.81CC630BAACF52F4D268F5D07AF0ACC6.e.3174'}]}
DEBUG:urllib3.connectionpool:http://localhost:57412 "POST /session/7727e31c382f20afe6ff836c89ad6cc1/execute/sync HTTP/1.1" 200 0
DEBUG:selenium.webdriver.remote.remote_connection:Remote response: status=200 | data={"value":false} | headers=HTTPHeaderDict({'Content-Length': '15', 'Content-Type': 'application/json; charset=utf-8', 'cache-control': 'no-cache'})
DEBUG:selenium.webdriver.remote.remote_connection:Finished Request
DEBUG:selenium.webdriver.remote.remote_connection:POST http://localhost:57412/session/7727e31c382f20afe6ff836c89ad6cc1/element {'using': 'css selector', 'value': 'a.b-load_more-button.b-button.m-outline'}
DEBUG:urllib3.connectionpool:http://localhost:57412 "POST /session/7727e31c382f20afe6ff836c89ad6cc1/element HTTP/1.1" 200 0
DEBUG:selenium.webdriver.remote.remote_connection:Remote response: status=200 | data={"value":{"element-6066-11e4-a52e-4f735466cecf":"f.DD84FF1E09DE81DB95E2E6858A4F23E5.d.81CC630BAACF52F4D268F5D07AF0ACC6.e.3174"}} | headers=HTTPHeaderDict({'Content-Length': '128', 'Content-Type': 'application/json; charset=utf-8', 'cache-control': 'no-cache'})
DEBUG:selenium.webdriver.remote.remote_connection:Finished Request
DEBUG:selenium.webdriver.remote.remote_connection:POST http://localhost:57412/session/7727e31c382f20afe6ff836c89ad6cc1/execute/sync {'script': '/* isDisplayed */return (function(){return (function(){var g=this||self;\nfunction aa(a){var b=typeof...', 'args': [{'element-6066-11e4-a52e-4f735466cecf': 'f.DD84FF1E09DE81DB95E2E6858A4F23E5.d.81CC630BAACF52F4D268F5D07AF0ACC6.e.3174'}]}
DEBUG:urllib3.connectionpool:http://localhost:57412 "POST /session/7727e31c382f20afe6ff836c89ad6cc1/execute/sync HTTP/1.1" 200 0
DEBUG:selenium.webdriver.remote.remote_connection:Remote response: status=200 | data={"value":false} | headers=HTTPHeaderDict({'Content-Length': '15', 'Content-Type': 'application/json; charset=utf-8', 'cache-control': 'no-cache'})
DEBUG:selenium.webdriver.remote.remote_connection:Finished Request
DEBUG:selenium.webdriver.remote.remote_connection:POST http://localhost:57412/session/7727e31c382f20afe6ff836c89ad6cc1/element {'using': 'css selector', 'value': 'a.b-load_more-button.b-button.m-outline'}
DEBUG:urllib3.connectionpool:http://localhost:57412 "POST /session/7727e31c382f20afe6ff836c89ad6cc1/element HTTP/1.1" 200 0
DEBUG:selenium.webdriver.remote.remote_connection:Remote response: status=200 | data={"value":{"element-6066-11e4-a52e-4f735466cecf":"f.DD84FF1E09DE81DB95E2E6858A4F23E5.d.81CC630BAACF52F4D268F5D07AF0ACC6.e.3174"}} | headers=HTTPHeaderDict({'Content-Length': '128', 'Content-Type': 'application/json; charset=utf-8', 'cache-control': 'no-cache'})
DEBUG:selenium.webdriver.remote.remote_connection:Finished Request
DEBUG:selenium.webdriver.remote.remote_connection:POST http://localhost:57412/session/7727e31c382f20afe6ff836c89ad6cc1/execute/sync {'script': '/* isDisplayed */return (function(){return (function(){var g=this||self;\nfunction aa(a){var b=typeof...', 'args': [{'element-6066-11e4-a52e-4f735466cecf': 'f.DD84FF1E09DE81DB95E2E6858A4F23E5.d.81CC630BAACF52F4D268F5D07AF0ACC6.e.3174'}]}
DEBUG:urllib3.connectionpool:http://localhost:57412 "POST /session/7727e31c382f20afe6ff836c89ad6cc1/execute/sync HTTP/1.1" 200 0
DEBUG:selenium.webdriver.remote.remote_connection:Remote response: status=200 | data={"value":false} | headers=HTTPHeaderDict({'Content-Length': '15', 'Content-Type': 'application/json; charset=utf-8', 'cache-control': 'no-cache'})
DEBUG:selenium.webdriver.remote.remote_connection:Finished Request
DEBUG:selenium.webdriver.remote.remote_connection:POST http://localhost:57412/session/7727e31c382f20afe6ff836c89ad6cc1/element {'using': 'css selector', 'value': 'a.b-load_more-button.b-button.m-outline'}
DEBUG:urllib3.connectionpool:http://localhost:57412 "POST /session/7727e31c382f20afe6ff836c89ad6cc1/element HTTP/1.1" 200 0
DEBUG:selenium.webdriver.remote.remote_connection:Remote response: status=200 | data={"value":{"element-6066-11e4-a52e-4f735466cecf":"f.DD84FF1E09DE81DB95E2E6858A4F23E5.d.81CC630BAACF52F4D268F5D07AF0ACC6.e.3174"}} | headers=HTTPHeaderDict({'Content-Length': '128', 'Content-Type': 'application/json; charset=utf-8', 'cache-control': 'no-cache'})
DEBUG:selenium.webdriver.remote.remote_connection:Finished Request
DEBUG:selenium.webdriver.remote.remote_connection:POST http://localhost:57412/session/7727e31c382f20afe6ff836c89ad6cc1/execute/sync {'script': '/* isDisplayed */return (function(){return (function(){var g=this||self;\nfunction aa(a){var b=typeof...', 'args': [{'element-6066-11e4-a52e-4f735466cecf': 'f.DD84FF1E09DE81DB95E2E6858A4F23E5.d.81CC630BAACF52F4D268F5D07AF0ACC6.e.3174'}]}
DEBUG:urllib3.connectionpool:http://localhost:57412 "POST /session/7727e31c382f20afe6ff836c89ad6cc1/execute/sync HTTP/1.1" 200 0
DEBUG:selenium.webdriver.remote.remote_connection:Remote response: status=200 | data={"value":false} | headers=HTTPHeaderDict({'Content-Length': '15', 'Content-Type': 'application/json; charset=utf-8', 'cache-control': 'no-cache'})
DEBUG:selenium.webdriver.remote.remote_connection:Finished Request
DEBUG:selenium.webdriver.remote.remote_connection:POST http://localhost:57412/session/7727e31c382f20afe6ff836c89ad6cc1/element {'using': 'css selector', 'value': 'a.b-load_more-button.b-button.m-outline'}
DEBUG:urllib3.connectionpool:http://localhost:57412 "POST /session/7727e31c382f20afe6ff836c89ad6cc1/element HTTP/1.1" 200 0
DEBUG:selenium.webdriver.remote.remote_connection:Remote response: status=200 | data={"value":{"element-6066-11e4-a52e-4f735466cecf":"f.DD84FF1E09DE81DB95E2E6858A4F23E5.d.81CC630BAACF52F4D268F5D07AF0ACC6.e.3174"}} | headers=HTTPHeaderDict({'Content-Length': '128', 'Content-Type': 'application/json; charset=utf-8', 'cache-control': 'no-cache'})
DEBUG:selenium.webdriver.remote.remote_connection:Finished Request
DEBUG:selenium.webdriver.remote.remote_connection:POST http://localhost:57412/session/7727e31c382f20afe6ff836c89ad6cc1/execute/sync {'script': '/* isDisplayed */return (function(){return (function(){var g=this||self;\nfunction aa(a){var b=typeof...', 'args': [{'element-6066-11e4-a52e-4f735466cecf': 'f.DD84FF1E09DE81DB95E2E6858A4F23E5.d.81CC630BAACF52F4D268F5D07AF0ACC6.e.3174'}]}
DEBUG:urllib3.connectionpool:http://localhost:57412 "POST /session/7727e31c382f20afe6ff836c89ad6cc1/execute/sync HTTP/1.1" 200 0
DEBUG:selenium.webdriver.remote.remote_connection:Remote response: status=200 | data={"value":false} | headers=HTTPHeaderDict({'Content-Length': '15', 'Content-Type': 'application/json; charset=utf-8', 'cache-control': 'no-cache'})
DEBUG:selenium.webdriver.remote.remote_connection:Finished Request
DEBUG:selenium.webdriver.remote.remote_connection:POST http://localhost:57412/session/7727e31c382f20afe6ff836c89ad6cc1/element {'using': 'css selector', 'value': 'a.b-load_more-button.b-button.m-outline'}
DEBUG:urllib3.connectionpool:http://localhost:57412 "POST /session/7727e31c382f20afe6ff836c89ad6cc1/element HTTP/1.1" 200 0
DEBUG:selenium.webdriver.remote.remote_connection:Remote response: status=200 | data={"value":{"element-6066-11e4-a52e-4f735466cecf":"f.DD84FF1E09DE81DB95E2E6858A4F23E5.d.81CC630BAACF52F4D268F5D07AF0ACC6.e.3174"}} | headers=HTTPHeaderDict({'Content-Length': '128', 'Content-Type': 'application/json; charset=utf-8', 'cache-control': 'no-cache'})
DEBUG:selenium.webdriver.remote.remote_connection:Finished Request
DEBUG:selenium.webdriver.remote.remote_connection:POST http://localhost:57412/session/7727e31c382f20afe6ff836c89ad6cc1/execute/sync {'script': '/* isDisplayed */return (function(){return (function(){var g=this||self;\nfunction aa(a){var b=typeof...', 'args': [{'element-6066-11e4-a52e-4f735466cecf': 'f.DD84FF1E09DE81DB95E2E6858A4F23E5.d.81CC630BAACF52F4D268F5D07AF0ACC6.e.3174'}]}
DEBUG:urllib3.connectionpool:http://localhost:57412 "POST /session/7727e31c382f20afe6ff836c89ad6cc1/execute/sync HTTP/1.1" 200 0
DEBUG:selenium.webdriver.remote.remote_connection:Remote response: status=200 | data={"value":false} | headers=HTTPHeaderDict({'Content-Length': '15', 'Content-Type': 'application/json; charset=utf-8', 'cache-control': 'no-cache'})
DEBUG:selenium.webdriver.remote.remote_connection:Finished Request
DEBUG:selenium.webdriver.remote.remote_connection:POST http://localhost:57412/session/7727e31c382f20afe6ff836c89ad6cc1/element {'using': 'css selector', 'value': 'a.b-load_more-button.b-button.m-outline'}
DEBUG:urllib3.connectionpool:http://localhost:57412 "POST /session/7727e31c382f20afe6ff836c89ad6cc1/element HTTP/1.1" 200 0
DEBUG:selenium.webdriver.remote.remote_connection:Remote response: status=200 | data={"value":{"element-6066-11e4-a52e-4f735466cecf":"f.DD84FF1E09DE81DB95E2E6858A4F23E5.d.81CC630BAACF52F4D268F5D07AF0ACC6.e.3174"}} | headers=HTTPHeaderDict({'Content-Length': '128', 'Content-Type': 'application/json; charset=utf-8', 'cache-control': 'no-cache'})
DEBUG:selenium.webdriver.remote.remote_connection:Finished Request
DEBUG:selenium.webdriver.remote.remote_connection:POST http://localhost:57412/session/7727e31c382f20afe6ff836c89ad6cc1/execute/sync {'script': '/* isDisplayed */return (function(){return (function(){var g=this||self;\nfunction aa(a){var b=typeof...', 'args': [{'element-6066-11e4-a52e-4f735466cecf': 'f.DD84FF1E09DE81DB95E2E6858A4F23E5.d.81CC630BAACF52F4D268F5D07AF0ACC6.e.3174'}]}
DEBUG:urllib3.connectionpool:http://localhost:57412 "POST /session/7727e31c382f20afe6ff836c89ad6cc1/execute/sync HTTP/1.1" 200 0
DEBUG:selenium.webdriver.remote.remote_connection:Remote response: status=200 | data={"value":false} | headers=HTTPHeaderDict({'Content-Length': '15', 'Content-Type': 'application/json; charset=utf-8', 'cache-control': 'no-cache'})
DEBUG:selenium.webdriver.remote.remote_connection:Finished Request
DEBUG:selenium.webdriver.remote.remote_connection:POST http://localhost:57412/session/7727e31c382f20afe6ff836c89ad6cc1/element {'using': 'css selector', 'value': 'a.b-load_more-button.b-button.m-outline'}
DEBUG:urllib3.connectionpool:http://localhost:57412 "POST /session/7727e31c382f20afe6ff836c89ad6cc1/element HTTP/1.1" 200 0
DEBUG:selenium.webdriver.remote.remote_connection:Remote response: status=200 | data={"value":{"element-6066-11e4-a52e-4f735466cecf":"f.DD84FF1E09DE81DB95E2E6858A4F23E5.d.81CC630BAACF52F4D268F5D07AF0ACC6.e.3174"}} | headers=HTTPHeaderDict({'Content-Length': '128', 'Content-Type': 'application/json; charset=utf-8', 'cache-control': 'no-cache'})
DEBUG:selenium.webdriver.remote.remote_connection:Finished Request
DEBUG:selenium.webdriver.remote.remote_connection:POST http://localhost:57412/session/7727e31c382f20afe6ff836c89ad6cc1/execute/sync {'script': '/* isDisplayed */return (function(){return (function(){var g=this||self;\nfunction aa(a){var b=typeof...', 'args': [{'element-6066-11e4-a52e-4f735466cecf': 'f.DD84FF1E09DE81DB95E2E6858A4F23E5.d.81CC630BAACF52F4D268F5D07AF0ACC6.e.3174'}]}
DEBUG:urllib3.connectionpool:http://localhost:57412 "POST /session/7727e31c382f20afe6ff836c89ad6cc1/execute/sync HTTP/1.1" 200 0
DEBUG:selenium.webdriver.remote.remote_connection:Remote response: status=200 | data={"value":false} | headers=HTTPHeaderDict({'Content-Length': '15', 'Content-Type': 'application/json; charset=utf-8', 'cache-control': 'no-cache'})
DEBUG:selenium.webdriver.remote.remote_connection:Finished Request
DEBUG:selenium.webdriver.remote.remote_connection:POST http://localhost:57412/session/7727e31c382f20afe6ff836c89ad6cc1/element {'using': 'css selector', 'value': 'a.b-load_more-button.b-button.m-outline'}
DEBUG:urllib3.connectionpool:http://localhost:57412 "POST /session/7727e31c382f20afe6ff836c89ad6cc1/element HTTP/1.1" 200 0
DEBUG:selenium.webdriver.remote.remote_connection:Remote response: status=200 | data={"value":{"element-6066-11e4-a52e-4f735466cecf":"f.DD84FF1E09DE81DB95E2E6858A4F23E5.d.81CC630BAACF52F4D268F5D07AF0ACC6.e.3174"}} | headers=HTTPHeaderDict({'Content-Length': '128', 'Content-Type': 'application/json; charset=utf-8', 'cache-control': 'no-cache'})
DEBUG:selenium.webdriver.remote.remote_connection:Finished Request
DEBUG:selenium.webdriver.remote.remote_connection:POST http://localhost:57412/session/7727e31c382f20afe6ff836c89ad6cc1/execute/sync {'script': '/* isDisplayed */return (function(){return (function(){var g=this||self;\nfunction aa(a){var b=typeof...', 'args': [{'element-6066-11e4-a52e-4f735466cecf': 'f.DD84FF1E09DE81DB95E2E6858A4F23E5.d.81CC630BAACF52F4D268F5D07AF0ACC6.e.3174'}]}
DEBUG:urllib3.connectionpool:http://localhost:57412 "POST /session/7727e31c382f20afe6ff836c89ad6cc1/execute/sync HTTP/1.1" 200 0
DEBUG:selenium.webdriver.remote.remote_connection:Remote response: status=200 | data={"value":false} | headers=HTTPHeaderDict({'Content-Length': '15', 'Content-Type': 'application/json; charset=utf-8', 'cache-control': 'no-cache'})
DEBUG:selenium.webdriver.remote.remote_connection:Finished Request
DEBUG:selenium.webdriver.remote.remote_connection:POST http://localhost:57412/session/7727e31c382f20afe6ff836c89ad6cc1/element {'using': 'css selector', 'value': 'a.b-load_more-button.b-button.m-outline'}
DEBUG:urllib3.connectionpool:http://localhost:57412 "POST /session/7727e31c382f20afe6ff836c89ad6cc1/element HTTP/1.1" 200 0
DEBUG:selenium.webdriver.remote.remote_connection:Remote response: status=200 | data={"value":{"element-6066-11e4-a52e-4f735466cecf":"f.DD84FF1E09DE81DB95E2E6858A4F23E5.d.81CC630BAACF52F4D268F5D07AF0ACC6.e.3174"}} | headers=HTTPHeaderDict({'Content-Length': '128', 'Content-Type': 'application/json; charset=utf-8', 'cache-control': 'no-cache'})
DEBUG:selenium.webdriver.remote.remote_connection:Finished Request
DEBUG:selenium.webdriver.remote.remote_connection:POST http://localhost:57412/session/7727e31c382f20afe6ff836c89ad6cc1/execute/sync {'script': '/* isDisplayed */return (function(){return (function(){var g=this||self;\nfunction aa(a){var b=typeof...', 'args': [{'element-6066-11e4-a52e-4f735466cecf': 'f.DD84FF1E09DE81DB95E2E6858A4F23E5.d.81CC630BAACF52F4D268F5D07AF0ACC6.e.3174'}]}
DEBUG:urllib3.connectionpool:http://localhost:57412 "POST /session/7727e31c382f20afe6ff836c89ad6cc1/execute/sync HTTP/1.1" 200 0
DEBUG:selenium.webdriver.remote.remote_connection:Remote response: status=200 | data={"value":false} | headers=HTTPHeaderDict({'Content-Length': '15', 'Content-Type': 'application/json; charset=utf-8', 'cache-control': 'no-cache'})
DEBUG:selenium.webdriver.remote.remote_connection:Finished Request
DEBUG:selenium.webdriver.remote.remote_connection:POST http://localhost:57412/session/7727e31c382f20afe6ff836c89ad6cc1/element {'using': 'css selector', 'value': 'a.b-load_more-button.b-button.m-outline'}
DEBUG:urllib3.connectionpool:http://localhost:57412 "POST /session/7727e31c382f20afe6ff836c89ad6cc1/element HTTP/1.1" 200 0
DEBUG:selenium.webdriver.remote.remote_connection:Remote response: status=200 | data={"value":{"element-6066-11e4-a52e-4f735466cecf":"f.DD84FF1E09DE81DB95E2E6858A4F23E5.d.81CC630BAACF52F4D268F5D07AF0ACC6.e.3174"}} | headers=HTTPHeaderDict({'Content-Length': '128', 'Content-Type': 'application/json; charset=utf-8', 'cache-control': 'no-cache'})
DEBUG:selenium.webdriver.remote.remote_connection:Finished Request
DEBUG:selenium.webdriver.remote.remote_connection:POST http://localhost:57412/session/7727e31c382f20afe6ff836c89ad6cc1/execute/sync {'script': '/* isDisplayed */return (function(){return (function(){var g=this||self;\nfunction aa(a){var b=typeof...', 'args': [{'element-6066-11e4-a52e-4f735466cecf': 'f.DD84FF1E09DE81DB95E2E6858A4F23E5.d.81CC630BAACF52F4D268F5D07AF0ACC6.e.3174'}]}
DEBUG:urllib3.connectionpool:http://localhost:57412 "POST /session/7727e31c382f20afe6ff836c89ad6cc1/execute/sync HTTP/1.1" 200 0
DEBUG:selenium.webdriver.remote.remote_connection:Remote response: status=200 | data={"value":false} | headers=HTTPHeaderDict({'Content-Length': '15', 'Content-Type': 'application/json; charset=utf-8', 'cache-control': 'no-cache'})
DEBUG:selenium.webdriver.remote.remote_connection:Finished Request
DEBUG:selenium.webdriver.remote.remote_connection:POST http://localhost:57412/session/7727e31c382f20afe6ff836c89ad6cc1/element {'using': 'css selector', 'value': 'a.b-load_more-button.b-button.m-outline'}
DEBUG:urllib3.connectionpool:http://localhost:57412 "POST /session/7727e31c382f20afe6ff836c89ad6cc1/element HTTP/1.1" 200 0
DEBUG:selenium.webdriver.remote.remote_connection:Remote response: status=200 | data={"value":{"element-6066-11e4-a52e-4f735466cecf":"f.DD84FF1E09DE81DB95E2E6858A4F23E5.d.81CC630BAACF52F4D268F5D07AF0ACC6.e.3174"}} | headers=HTTPHeaderDict({'Content-Length': '128', 'Content-Type': 'application/json; charset=utf-8', 'cache-control': 'no-cache'})
DEBUG:selenium.webdriver.remote.remote_connection:Finished Request
DEBUG:selenium.webdriver.remote.remote_connection:POST http://localhost:57412/session/7727e31c382f20afe6ff836c89ad6cc1/execute/sync {'script': '/* isDisplayed */return (function(){return (function(){var g=this||self;\nfunction aa(a){var b=typeof...', 'args': [{'element-6066-11e4-a52e-4f735466cecf': 'f.DD84FF1E09DE81DB95E2E6858A4F23E5.d.81CC630BAACF52F4D268F5D07AF0ACC6.e.3174'}]}
DEBUG:urllib3.connectionpool:http://localhost:57412 "POST /session/7727e31c382f20afe6ff836c89ad6cc1/execute/sync HTTP/1.1" 200 0
DEBUG:selenium.webdriver.remote.remote_connection:Remote response: status=200 | data={"value":false} | headers=HTTPHeaderDict({'Content-Length': '15', 'Content-Type': 'application/json; charset=utf-8', 'cache-control': 'no-cache'})
DEBUG:selenium.webdriver.remote.remote_connection:Finished Request
DEBUG:selenium.webdriver.remote.remote_connection:POST http://localhost:57412/session/7727e31c382f20afe6ff836c89ad6cc1/element {'using': 'css selector', 'value': 'a.b-load_more-button.b-button.m-outline'}
DEBUG:urllib3.connectionpool:http://localhost:57412 "POST /session/7727e31c382f20afe6ff836c89ad6cc1/element HTTP/1.1" 200 0
DEBUG:selenium.webdriver.remote.remote_connection:Remote response: status=200 | data={"value":{"element-6066-11e4-a52e-4f735466cecf":"f.DD84FF1E09DE81DB95E2E6858A4F23E5.d.81CC630BAACF52F4D268F5D07AF0ACC6.e.3174"}} | headers=HTTPHeaderDict({'Content-Length': '128', 'Content-Type': 'application/json; charset=utf-8', 'cache-control': 'no-cache'})
DEBUG:selenium.webdriver.remote.remote_connection:Finished Request
DEBUG:selenium.webdriver.remote.remote_connection:POST http://localhost:57412/session/7727e31c382f20afe6ff836c89ad6cc1/execute/sync {'script': '/* isDisplayed */return (function(){return (function(){var g=this||self;\nfunction aa(a){var b=typeof...', 'args': [{'element-6066-11e4-a52e-4f735466cecf': 'f.DD84FF1E09DE81DB95E2E6858A4F23E5.d.81CC630BAACF52F4D268F5D07AF0ACC6.e.3174'}]}
DEBUG:urllib3.connectionpool:http://localhost:57412 "POST /session/7727e31c382f20afe6ff836c89ad6cc1/execute/sync HTTP/1.1" 200 0
DEBUG:selenium.webdriver.remote.remote_connection:Remote response: status=200 | data={"value":false} | headers=HTTPHeaderDict({'Content-Length': '15', 'Content-Type': 'application/json; charset=utf-8', 'cache-control': 'no-cache'})
DEBUG:selenium.webdriver.remote.remote_connection:Finished Request
DEBUG:selenium.webdriver.remote.remote_connection:POST http://localhost:57412/session/7727e31c382f20afe6ff836c89ad6cc1/element {'using': 'css selector', 'value': 'a.b-load_more-button.b-button.m-outline'}
DEBUG:urllib3.connectionpool:http://localhost:57412 "POST /session/7727e31c382f20afe6ff836c89ad6cc1/element HTTP/1.1" 200 0
DEBUG:selenium.webdriver.remote.remote_connection:Remote response: status=200 | data={"value":{"element-6066-11e4-a52e-4f735466cecf":"f.DD84FF1E09DE81DB95E2E6858A4F23E5.d.81CC630BAACF52F4D268F5D07AF0ACC6.e.3174"}} | headers=HTTPHeaderDict({'Content-Length': '128', 'Content-Type': 'application/json; charset=utf-8', 'cache-control': 'no-cache'})
DEBUG:selenium.webdriver.remote.remote_connection:Finished Request
DEBUG:selenium.webdriver.remote.remote_connection:POST http://localhost:57412/session/7727e31c382f20afe6ff836c89ad6cc1/execute/sync {'script': '/* isDisplayed */return (function(){return (function(){var g=this||self;\nfunction aa(a){var b=typeof...', 'args': [{'element-6066-11e4-a52e-4f735466cecf': 'f.DD84FF1E09DE81DB95E2E6858A4F23E5.d.81CC630BAACF52F4D268F5D07AF0ACC6.e.3174'}]}
DEBUG:urllib3.connectionpool:http://localhost:57412 "POST /session/7727e31c382f20afe6ff836c89ad6cc1/execute/sync HTTP/1.1" 200 0
DEBUG:selenium.webdriver.remote.remote_connection:Remote response: status=200 | data={"value":false} | headers=HTTPHeaderDict({'Content-Length': '15', 'Content-Type': 'application/json; charset=utf-8', 'cache-control': 'no-cache'})
DEBUG:selenium.webdriver.remote.remote_connection:Finished Request
DEBUG:selenium.webdriver.remote.remote_connection:POST http://localhost:57412/session/7727e31c382f20afe6ff836c89ad6cc1/element {'using': 'css selector', 'value': 'a.b-load_more-button.b-button.m-outline'}
DEBUG:urllib3.connectionpool:http://localhost:57412 "POST /session/7727e31c382f20afe6ff836c89ad6cc1/element HTTP/1.1" 200 0
DEBUG:selenium.webdriver.remote.remote_connection:Remote response: status=200 | data={"value":{"element-6066-11e4-a52e-4f735466cecf":"f.DD84FF1E09DE81DB95E2E6858A4F23E5.d.81CC630BAACF52F4D268F5D07AF0ACC6.e.3174"}} | headers=HTTPHeaderDict({'Content-Length': '128', 'Content-Type': 'application/json; charset=utf-8', 'cache-control': 'no-cache'})
DEBUG:selenium.webdriver.remote.remote_connection:Finished Request
DEBUG:selenium.webdriver.remote.remote_connection:POST http://localhost:57412/session/7727e31c382f20afe6ff836c89ad6cc1/execute/sync {'script': '/* isDisplayed */return (function(){return (function(){var g=this||self;\nfunction aa(a){var b=typeof...', 'args': [{'element-6066-11e4-a52e-4f735466cecf': 'f.DD84FF1E09DE81DB95E2E6858A4F23E5.d.81CC630BAACF52F4D268F5D07AF0ACC6.e.3174'}]}
DEBUG:urllib3.connectionpool:http://localhost:57412 "POST /session/7727e31c382f20afe6ff836c89ad6cc1/execute/sync HTTP/1.1" 200 0
DEBUG:selenium.webdriver.remote.remote_connection:Remote response: status=200 | data={"value":false} | headers=HTTPHeaderDict({'Content-Length': '15', 'Content-Type': 'application/json; charset=utf-8', 'cache-control': 'no-cache'})
DEBUG:selenium.webdriver.remote.remote_connection:Finished Request
DEBUG:selenium.webdriver.remote.remote_connection:POST http://localhost:57412/session/7727e31c382f20afe6ff836c89ad6cc1/element {'using': 'css selector', 'value': 'a.b-load_more-button.b-button.m-outline'}
DEBUG:urllib3.connectionpool:http://localhost:57412 "POST /session/7727e31c382f20afe6ff836c89ad6cc1/element HTTP/1.1" 200 0
DEBUG:selenium.webdriver.remote.remote_connection:Remote response: status=200 | data={"value":{"element-6066-11e4-a52e-4f735466cecf":"f.DD84FF1E09DE81DB95E2E6858A4F23E5.d.81CC630BAACF52F4D268F5D07AF0ACC6.e.3174"}} | headers=HTTPHeaderDict({'Content-Length': '128', 'Content-Type': 'application/json; charset=utf-8', 'cache-control': 'no-cache'})
DEBUG:selenium.webdriver.remote.remote_connection:Finished Request
DEBUG:selenium.webdriver.remote.remote_connection:POST http://localhost:57412/session/7727e31c382f20afe6ff836c89ad6cc1/execute/sync {'script': '/* isDisplayed */return (function(){return (function(){var g=this||self;\nfunction aa(a){var b=typeof...', 'args': [{'element-6066-11e4-a52e-4f735466cecf': 'f.DD84FF1E09DE81DB95E2E6858A4F23E5.d.81CC630BAACF52F4D268F5D07AF0ACC6.e.3174'}]}
DEBUG:urllib3.connectionpool:http://localhost:57412 "POST /session/7727e31c382f20afe6ff836c89ad6cc1/execute/sync HTTP/1.1" 200 0
DEBUG:selenium.webdriver.remote.remote_connection:Remote response: status=200 | data={"value":false} | headers=HTTPHeaderDict({'Content-Length': '15', 'Content-Type': 'application/json; charset=utf-8', 'cache-control': 'no-cache'})
DEBUG:selenium.webdriver.remote.remote_connection:Finished Request
DEBUG:selenium.webdriver.remote.remote_connection:POST http://localhost:57412/session/7727e31c382f20afe6ff836c89ad6cc1/element {'using': 'css selector', 'value': 'a.b-load_more-button.b-button.m-outline'}
DEBUG:urllib3.connectionpool:http://localhost:57412 "POST /session/7727e31c382f20afe6ff836c89ad6cc1/element HTTP/1.1" 500 0
DEBUG:selenium.webdriver.remote.remote_connection:Remote response: status=500 | data={"value":{"error":"unknown error","message":"unknown error: cannot determine loading status\nfrom unknown error: cannot determine loading status\nfrom target frame detached\n  (Session info: chrome=131.0.6778.205)","stacktrace":"0   chromedriver                        0x000000010314e138 cxxbridge1$str$ptr + 3653888\n1   chromedriver                        0x0000000103146988 cxxbridge1$str$ptr + 3623248\n2   chromedriver                        0x0000000102bac7d8 cxxbridge1$string$len + 88828\n3   chromedriver                        0x0000000102b9798c cxxbridge1$string$len + 3248\n4   chromedriver                        0x0000000102b9578c core::str::slice_error_fail::ha0e52dbcb60e6bae + 59404\n5   chromedriver                        0x0000000102b963f8 core::str::slice_error_fail::ha0e52dbcb60e6bae + 62584\n6   chromedriver                        0x0000000102bbc354 cxxbridge1$string$len + 153208\n7   chromedriver                        0x0000000102bb34c0 cxxbridge1$string$len + 116708\n8   chromedriver                        0x0000000102bb33c0 cxxbridge1$string$len + 116452\n9   chromedriver                        0x0000000102ba4d98 cxxbridge1$string$len + 57532\n10  chromedriver                        0x0000000102ba48b4 cxxbridge1$string$len + 56280\n11  chromedriver                        0x0000000102bb7b28 cxxbridge1$string$len + 134732\n12  chromedriver                        0x0000000102b96a24 core::str::slice_error_fail::ha0e52dbcb60e6bae + 64164\n13  chromedriver                        0x0000000102bb77c4 cxxbridge1$string$len + 133864\n14  chromedriver                        0x0000000102c2a434 cxxbridge1$string$len + 603992\n15  chromedriver                        0x0000000102be5564 cxxbridge1$string$len + 321672\n16  chromedriver                        0x0000000102be61b4 cxxbridge1$string$len + 324824\n17  chromedriver                        0x0000000103118fc0 cxxbridge1$str$ptr + 3436424\n18  chromedriver                        0x000000010311c2dc cxxbridge1$str$ptr + 3449508\n19  chromedriver                        0x00000001030ffe60 cxxbridge1$str$ptr + 3333672\n20  chromedriver                        0x000000010311cb9c cxxbridge1$str$ptr + 3451748\n21  chromedriver                        0x00000001030f1678 cxxbridge1$str$ptr + 3274304\n22  chromedriver                        0x00000001031372b4 cxxbridge1$str$ptr + 3560060\n23  chromedriver                        0x0000000103137430 cxxbridge1$str$ptr + 3560440\n24  chromedriver                        0x00000001031465fc cxxbridge1$str$ptr + 3622340\n25  libsystem_pthread.dylib             0x000000018893ef94 _pthread_start + 136\n26  libsystem_pthread.dylib             0x0000000188939d34 thread_start + 8\n"}} | headers=HTTPHeaderDict({'Content-Length': '2712', 'Content-Type': 'application/json; charset=utf-8', 'cache-control': 'no-cache'})
DEBUG:selenium.webdriver.remote.remote_connection:Finished Request
DEBUG:selenium.webdriver.remote.remote_connection:POST http://localhost:57412/session/7727e31c382f20afe6ff836c89ad6cc1/element {'using': 'css selector', 'value': 'a.b-load_more-button.b-button.m-outline'}
DEBUG:urllib3.connectionpool:http://localhost:57412 "POST /session/7727e31c382f20afe6ff836c89ad6cc1/element HTTP/1.1" 200 0
DEBUG:selenium.webdriver.remote.remote_connection:Remote response: status=200 | data={"value":null} | headers=HTTPHeaderDict({'Content-Length': '14', 'Content-Type': 'application/json; charset=utf-8', 'cache-control': 'no-cache'})
DEBUG:selenium.webdriver.remote.remote_connection:Finished Request
