DEBUG:selenium.webdriver.remote.remote_connection:POST http://localhost:58264/session/94a0c8ff5250e8da3dd8c3167c3fcf26/url {'url': 'https://www.tomfordfashion.com/en-us/men/ready-to-wear/'}
DEBUG:urllib3.connectionpool:http://localhost:58264 "POST /session/94a0c8ff5250e8da3dd8c3167c3fcf26/url HTTP/1.1" 200 0
DEBUG:selenium.webdriver.remote.remote_connection:Remote response: status=200 | data={"value":null} | headers=HTTPHeaderDict({'Content-Length': '14', 'Content-Type': 'application/json; charset=utf-8', 'cache-control': 'no-cache'})
DEBUG:selenium.webdriver.remote.remote_connection:Finished Request
DEBUG:selenium.webdriver.remote.remote_connection:POST http://localhost:58264/session/94a0c8ff5250e8da3dd8c3167c3fcf26/element {'using': 'tag name', 'value': 'body'}
DEBUG:urllib3.connectionpool:http://localhost:58264 "POST /session/94a0c8ff5250e8da3dd8c3167c3fcf26/element HTTP/1.1" 200 0
DEBUG:selenium.webdriver.remote.remote_connection:Remote response: status=200 | data={"value":{"element-6066-11e4-a52e-4f735466cecf":"f.51B587561AE5CFE2F8C8C2E3E2FE6782.d.2BC51C62377BC43C25029B0780737D6C.e.20"}} | headers=HTTPHeaderDict({'Content-Length': '126', 'Content-Type': 'application/json; charset=utf-8', 'cache-control': 'no-cache'})
DEBUG:selenium.webdriver.remote.remote_connection:Finished Request
DEBUG:selenium.webdriver.remote.remote_connection:POST http://localhost:58264/session/94a0c8ff5250e8da3dd8c3167c3fcf26/element {'using': 'css selector', 'value': 'div.show-more div.text-center button.btn.btn-outline-primary.more'}
DEBUG:urllib3.connectionpool:http://localhost:58264 "POST /session/94a0c8ff5250e8da3dd8c3167c3fcf26/element HTTP/1.1" 200 0
DEBUG:selenium.webdriver.remote.remote_connection:Remote response: status=200 | data={"value":{"element-6066-11e4-a52e-4f735466cecf":"f.51B587561AE5CFE2F8C8C2E3E2FE6782.d.2BC51C62377BC43C25029B0780737D6C.e.2201"}} | headers=HTTPHeaderDict({'Content-Length': '128', 'Content-Type': 'application/json; charset=utf-8', 'cache-control': 'no-cache'})
DEBUG:selenium.webdriver.remote.remote_connection:Finished Request
DEBUG:selenium.webdriver.remote.remote_connection:POST http://localhost:58264/session/94a0c8ff5250e8da3dd8c3167c3fcf26/execute/sync {'script': '/* isDisplayed */return (function(){return (function(){var g=this||self;\nfunction aa(a){var b=typeof...', 'args': [{'element-6066-11e4-a52e-4f735466cecf': 'f.51B587561AE5CFE2F8C8C2E3E2FE6782.d.2BC51C62377BC43C25029B0780737D6C.e.2201'}]}
DEBUG:urllib3.connectionpool:http://localhost:58264 "POST /session/94a0c8ff5250e8da3dd8c3167c3fcf26/execute/sync HTTP/1.1" 200 0
DEBUG:selenium.webdriver.remote.remote_connection:Remote response: status=200 | data={"value":true} | headers=HTTPHeaderDict({'Content-Length': '14', 'Content-Type': 'application/json; charset=utf-8', 'cache-control': 'no-cache'})
DEBUG:selenium.webdriver.remote.remote_connection:Finished Request
DEBUG:selenium.webdriver.remote.remote_connection:GET http://localhost:58264/session/94a0c8ff5250e8da3dd8c3167c3fcf26/element/f.51B587561AE5CFE2F8C8C2E3E2FE6782.d.2BC51C62377BC43C25029B0780737D6C.e.2201/enabled {}
DEBUG:urllib3.connectionpool:http://localhost:58264 "GET /session/94a0c8ff5250e8da3dd8c3167c3fcf26/element/f.51B587561AE5CFE2F8C8C2E3E2FE6782.d.2BC51C62377BC43C25029B0780737D6C.e.2201/enabled HTTP/1.1" 200 0
DEBUG:selenium.webdriver.remote.remote_connection:Remote response: status=200 | data={"value":true} | headers=HTTPHeaderDict({'Content-Length': '14', 'Content-Type': 'application/json; charset=utf-8', 'cache-control': 'no-cache'})
DEBUG:selenium.webdriver.remote.remote_connection:Finished Request
DEBUG:selenium.webdriver.remote.remote_connection:POST http://localhost:58264/session/94a0c8ff5250e8da3dd8c3167c3fcf26/execute/sync {'script': 'arguments[0].scrollIntoView(true);', 'args': [{'element-6066-11e4-a52e-4f735466cecf': 'f.51B587561AE5CFE2F8C8C2E3E2FE6782.d.2BC51C62377BC43C25029B0780737D6C.e.2201'}]}
DEBUG:urllib3.connectionpool:http://localhost:58264 "POST /session/94a0c8ff5250e8da3dd8c3167c3fcf26/execute/sync HTTP/1.1" 200 0
DEBUG:selenium.webdriver.remote.remote_connection:Remote response: status=200 | data={"value":null} | headers=HTTPHeaderDict({'Content-Length': '14', 'Content-Type': 'application/json; charset=utf-8', 'cache-control': 'no-cache'})
DEBUG:selenium.webdriver.remote.remote_connection:Finished Request
DEBUG:selenium.webdriver.remote.remote_connection:POST http://localhost:58264/session/94a0c8ff5250e8da3dd8c3167c3fcf26/execute/sync {'script': 'arguments[0].click();', 'args': [{'element-6066-11e4-a52e-4f735466cecf': 'f.51B587561AE5CFE2F8C8C2E3E2FE6782.d.2BC51C62377BC43C25029B0780737D6C.e.2201'}]}
DEBUG:urllib3.connectionpool:http://localhost:58264 "POST /session/94a0c8ff5250e8da3dd8c3167c3fcf26/execute/sync HTTP/1.1" 200 0
DEBUG:selenium.webdriver.remote.remote_connection:Remote response: status=200 | data={"value":null} | headers=HTTPHeaderDict({'Content-Length': '14', 'Content-Type': 'application/json; charset=utf-8', 'cache-control': 'no-cache'})
DEBUG:selenium.webdriver.remote.remote_connection:Finished Request
DEBUG:selenium.webdriver.remote.remote_connection:POST http://localhost:58264/session/94a0c8ff5250e8da3dd8c3167c3fcf26/element {'using': 'css selector', 'value': 'div.show-more div.text-center button.btn.btn-outline-primary.more'}
DEBUG:urllib3.connectionpool:http://localhost:58264 "POST /session/94a0c8ff5250e8da3dd8c3167c3fcf26/element HTTP/1.1" 404 0
DEBUG:selenium.webdriver.remote.remote_connection:Remote response: status=404 | data={"value":{"error":"no such window","message":"no such window: target window already closed\nfrom unknown error: web view not found\n  (Session info: chrome=131.0.6778.206)","stacktrace":"0   chromedriver                        0x000000010317a138 cxxbridge1$str$ptr + 3653888\n1   chromedriver                        0x0000000103172988 cxxbridge1$str$ptr + 3623248\n2   chromedriver                        0x0000000102bd8968 cxxbridge1$string$len + 89228\n3   chromedriver                        0x0000000102bb3e44 core::str::slice_error_fail::ha0e52dbcb60e6bae + 3780\n4   chromedriver                        0x0000000102c42c84 cxxbridge1$string$len + 524200\n5   chromedriver                        0x0000000102c55b60 cxxbridge1$string$len + 601732\n6   chromedriver                        0x0000000102c11564 cxxbridge1$string$len + 321672\n7   chromedriver                        0x0000000102c121b4 cxxbridge1$string$len + 324824\n8   chromedriver                        0x0000000103144fc0 cxxbridge1$str$ptr + 3436424\n9   chromedriver                        0x00000001031482dc cxxbridge1$str$ptr + 3449508\n10  chromedriver                        0x000000010312be60 cxxbridge1$str$ptr + 3333672\n11  chromedriver                        0x0000000103148b9c cxxbridge1$str$ptr + 3451748\n12  chromedriver                        0x000000010311d678 cxxbridge1$str$ptr + 3274304\n13  chromedriver                        0x00000001031632b4 cxxbridge1$str$ptr + 3560060\n14  chromedriver                        0x0000000103163430 cxxbridge1$str$ptr + 3560440\n15  chromedriver                        0x00000001031725fc cxxbridge1$str$ptr + 3622340\n16  libsystem_pthread.dylib             0x000000018893ef94 _pthread_start + 136\n17  libsystem_pthread.dylib             0x0000000188939d34 thread_start + 8\n"}} | headers=HTTPHeaderDict({'Content-Length': '1806', 'Content-Type': 'application/json; charset=utf-8', 'cache-control': 'no-cache'})
DEBUG:selenium.webdriver.remote.remote_connection:Finished Request
DEBUG:selenium.webdriver.remote.remote_connection:POST http://localhost:58264/session/94a0c8ff5250e8da3dd8c3167c3fcf26/element {'using': 'css selector', 'value': 'div.show-more div.text-center button.btn.btn-outline-primary.more'}
DEBUG:urllib3.connectionpool:http://localhost:58264 "POST /session/94a0c8ff5250e8da3dd8c3167c3fcf26/element HTTP/1.1" 404 0
DEBUG:selenium.webdriver.remote.remote_connection:Remote response: status=404 | data={"value":{"error":"no such window","message":"no such window: target window already closed\nfrom unknown error: web view not found\n  (Session info: chrome=131.0.6778.206)","stacktrace":"0   chromedriver                        0x000000010317a138 cxxbridge1$str$ptr + 3653888\n1   chromedriver                        0x0000000103172988 cxxbridge1$str$ptr + 3623248\n2   chromedriver                        0x0000000102bd8968 cxxbridge1$string$len + 89228\n3   chromedriver                        0x0000000102bb3e44 core::str::slice_error_fail::ha0e52dbcb60e6bae + 3780\n4   chromedriver                        0x0000000102c42c84 cxxbridge1$string$len + 524200\n5   chromedriver                        0x0000000102c55b60 cxxbridge1$string$len + 601732\n6   chromedriver                        0x0000000102c11564 cxxbridge1$string$len + 321672\n7   chromedriver                        0x0000000102c121b4 cxxbridge1$string$len + 324824\n8   chromedriver                        0x0000000103144fc0 cxxbridge1$str$ptr + 3436424\n9   chromedriver                        0x00000001031482dc cxxbridge1$str$ptr + 3449508\n10  chromedriver                        0x000000010312be60 cxxbridge1$str$ptr + 3333672\n11  chromedriver                        0x0000000103148b9c cxxbridge1$str$ptr + 3451748\n12  chromedriver                        0x000000010311d678 cxxbridge1$str$ptr + 3274304\n13  chromedriver                        0x00000001031632b4 cxxbridge1$str$ptr + 3560060\n14  chromedriver                        0x0000000103163430 cxxbridge1$str$ptr + 3560440\n15  chromedriver                        0x00000001031725fc cxxbridge1$str$ptr + 3622340\n16  libsystem_pthread.dylib             0x000000018893ef94 _pthread_start + 136\n17  libsystem_pthread.dylib             0x0000000188939d34 thread_start + 8\n"}} | headers=HTTPHeaderDict({'Content-Length': '1806', 'Content-Type': 'application/json; charset=utf-8', 'cache-control': 'no-cache'})
DEBUG:selenium.webdriver.remote.remote_connection:Finished Request
