INFO:root:The click method is being used
DEBUG:selenium.webdriver.remote.remote_connection:POST http://localhost:60831/session/052562b64e2bcbb82f2a0d6656fbdc7c/url {'url': 'https://www.aquazzura.com/us_en/jewelry.html'}
DEBUG:urllib3.connectionpool:http://localhost:60831 "POST /session/052562b64e2bcbb82f2a0d6656fbdc7c/url HTTP/1.1" 200 0
DEBUG:selenium.webdriver.remote.remote_connection:Remote response: status=200 | data={"value":null} | headers=HTTPHeaderDict({'Content-Length': '14', 'Content-Type': 'application/json; charset=utf-8', 'cache-control': 'no-cache'})
DEBUG:selenium.webdriver.remote.remote_connection:Finished Request
DEBUG:selenium.webdriver.remote.remote_connection:POST http://localhost:60831/session/052562b64e2bcbb82f2a0d6656fbdc7c/element {'using': 'tag name', 'value': 'body'}
DEBUG:urllib3.connectionpool:http://localhost:60831 "POST /session/052562b64e2bcbb82f2a0d6656fbdc7c/element HTTP/1.1" 200 0
DEBUG:selenium.webdriver.remote.remote_connection:Remote response: status=200 | data={"value":{"element-6066-11e4-a52e-4f735466cecf":"f.98635749DADAB02017369184AD520359.d.D4FDC0A81E54E7C6166CFB3460CA9D47.e.30"}} | headers=HTTPHeaderDict({'Content-Length': '126', 'Content-Type': 'application/json; charset=utf-8', 'cache-control': 'no-cache'})
DEBUG:selenium.webdriver.remote.remote_connection:Finished Request
INFO:root:Reject (x),CybotCookiebotDialogBodyButtonDecline, None, None
DEBUG:selenium.webdriver.remote.remote_connection:POST http://localhost:60831/session/052562b64e2bcbb82f2a0d6656fbdc7c/element {'using': 'xpath', 'value': '//button[contains(text(), "Reject (x)")]'}
DEBUG:urllib3.connectionpool:http://localhost:60831 "POST /session/052562b64e2bcbb82f2a0d6656fbdc7c/element HTTP/1.1" 200 0
DEBUG:selenium.webdriver.remote.remote_connection:Remote response: status=200 | data={"value":{"element-6066-11e4-a52e-4f735466cecf":"f.98635749DADAB02017369184AD520359.d.D4FDC0A81E54E7C6166CFB3460CA9D47.e.8614"}} | headers=HTTPHeaderDict({'Content-Length': '128', 'Content-Type': 'application/json; charset=utf-8', 'cache-control': 'no-cache'})
DEBUG:selenium.webdriver.remote.remote_connection:Finished Request
DEBUG:selenium.webdriver.remote.remote_connection:POST http://localhost:60831/session/052562b64e2bcbb82f2a0d6656fbdc7c/execute/sync {'script': '/* isDisplayed */return (function(){return (function(){var g=this||self;\nfunction aa(a){var b=typeof...', 'args': [{'element-6066-11e4-a52e-4f735466cecf': 'f.98635749DADAB02017369184AD520359.d.D4FDC0A81E54E7C6166CFB3460CA9D47.e.8614'}]}
DEBUG:urllib3.connectionpool:http://localhost:60831 "POST /session/052562b64e2bcbb82f2a0d6656fbdc7c/execute/sync HTTP/1.1" 200 0
DEBUG:selenium.webdriver.remote.remote_connection:Remote response: status=200 | data={"value":true} | headers=HTTPHeaderDict({'Content-Length': '14', 'Content-Type': 'application/json; charset=utf-8', 'cache-control': 'no-cache'})
DEBUG:selenium.webdriver.remote.remote_connection:Finished Request
DEBUG:selenium.webdriver.remote.remote_connection:GET http://localhost:60831/session/052562b64e2bcbb82f2a0d6656fbdc7c/element/f.98635749DADAB02017369184AD520359.d.D4FDC0A81E54E7C6166CFB3460CA9D47.e.8614/enabled {}
DEBUG:urllib3.connectionpool:http://localhost:60831 "GET /session/052562b64e2bcbb82f2a0d6656fbdc7c/element/f.98635749DADAB02017369184AD520359.d.D4FDC0A81E54E7C6166CFB3460CA9D47.e.8614/enabled HTTP/1.1" 200 0
DEBUG:selenium.webdriver.remote.remote_connection:Remote response: status=200 | data={"value":true} | headers=HTTPHeaderDict({'Content-Length': '14', 'Content-Type': 'application/json; charset=utf-8', 'cache-control': 'no-cache'})
DEBUG:selenium.webdriver.remote.remote_connection:Finished Request
DEBUG:selenium.webdriver.remote.remote_connection:POST http://localhost:60831/session/052562b64e2bcbb82f2a0d6656fbdc7c/element {'using': 'css selector', 'value': '[id="CybotCookiebotDialogBodyButtonDecline"]'}
DEBUG:urllib3.connectionpool:http://localhost:60831 "POST /session/052562b64e2bcbb82f2a0d6656fbdc7c/element HTTP/1.1" 200 0
DEBUG:selenium.webdriver.remote.remote_connection:Remote response: status=200 | data={"value":{"element-6066-11e4-a52e-4f735466cecf":"f.98635749DADAB02017369184AD520359.d.D4FDC0A81E54E7C6166CFB3460CA9D47.e.8614"}} | headers=HTTPHeaderDict({'Content-Length': '128', 'Content-Type': 'application/json; charset=utf-8', 'cache-control': 'no-cache'})
DEBUG:selenium.webdriver.remote.remote_connection:Finished Request
DEBUG:selenium.webdriver.remote.remote_connection:POST http://localhost:60831/session/052562b64e2bcbb82f2a0d6656fbdc7c/execute/sync {'script': '/* isDisplayed */return (function(){return (function(){var g=this||self;\nfunction aa(a){var b=typeof...', 'args': [{'element-6066-11e4-a52e-4f735466cecf': 'f.98635749DADAB02017369184AD520359.d.D4FDC0A81E54E7C6166CFB3460CA9D47.e.8614'}]}
DEBUG:urllib3.connectionpool:http://localhost:60831 "POST /session/052562b64e2bcbb82f2a0d6656fbdc7c/execute/sync HTTP/1.1" 200 0
DEBUG:selenium.webdriver.remote.remote_connection:Remote response: status=200 | data={"value":true} | headers=HTTPHeaderDict({'Content-Length': '14', 'Content-Type': 'application/json; charset=utf-8', 'cache-control': 'no-cache'})
DEBUG:selenium.webdriver.remote.remote_connection:Finished Request
DEBUG:selenium.webdriver.remote.remote_connection:GET http://localhost:60831/session/052562b64e2bcbb82f2a0d6656fbdc7c/element/f.98635749DADAB02017369184AD520359.d.D4FDC0A81E54E7C6166CFB3460CA9D47.e.8614/enabled {}
DEBUG:urllib3.connectionpool:http://localhost:60831 "GET /session/052562b64e2bcbb82f2a0d6656fbdc7c/element/f.98635749DADAB02017369184AD520359.d.D4FDC0A81E54E7C6166CFB3460CA9D47.e.8614/enabled HTTP/1.1" 200 0
DEBUG:selenium.webdriver.remote.remote_connection:Remote response: status=200 | data={"value":true} | headers=HTTPHeaderDict({'Content-Length': '14', 'Content-Type': 'application/json; charset=utf-8', 'cache-control': 'no-cache'})
DEBUG:selenium.webdriver.remote.remote_connection:Finished Request
DEBUG:selenium.webdriver.remote.remote_connection:POST http://localhost:60831/session/052562b64e2bcbb82f2a0d6656fbdc7c/execute/sync {'script': 'arguments[0].scrollIntoView(true);', 'args': [{'element-6066-11e4-a52e-4f735466cecf': 'f.98635749DADAB02017369184AD520359.d.D4FDC0A81E54E7C6166CFB3460CA9D47.e.8614'}]}
DEBUG:urllib3.connectionpool:http://localhost:60831 "POST /session/052562b64e2bcbb82f2a0d6656fbdc7c/execute/sync HTTP/1.1" 200 0
DEBUG:selenium.webdriver.remote.remote_connection:Remote response: status=200 | data={"value":null} | headers=HTTPHeaderDict({'Content-Length': '14', 'Content-Type': 'application/json; charset=utf-8', 'cache-control': 'no-cache'})
DEBUG:selenium.webdriver.remote.remote_connection:Finished Request
DEBUG:selenium.webdriver.remote.remote_connection:POST http://localhost:60831/session/052562b64e2bcbb82f2a0d6656fbdc7c/element/f.98635749DADAB02017369184AD520359.d.D4FDC0A81E54E7C6166CFB3460CA9D47.e.8614/click {}
DEBUG:urllib3.connectionpool:http://localhost:60831 "POST /session/052562b64e2bcbb82f2a0d6656fbdc7c/element/f.98635749DADAB02017369184AD520359.d.D4FDC0A81E54E7C6166CFB3460CA9D47.e.8614/click HTTP/1.1" 200 0
DEBUG:selenium.webdriver.remote.remote_connection:Remote response: status=200 | data={"value":null} | headers=HTTPHeaderDict({'Content-Length': '14', 'Content-Type': 'application/json; charset=utf-8', 'cache-control': 'no-cache'})
DEBUG:selenium.webdriver.remote.remote_connection:Finished Request
DEBUG:selenium.webdriver.remote.remote_connection:POST http://localhost:60831/session/052562b64e2bcbb82f2a0d6656fbdc7c/element {'using': 'css selector', 'value': 'div.load-more-items button.btn.btn-primary'}
DEBUG:urllib3.connectionpool:http://localhost:60831 "POST /session/052562b64e2bcbb82f2a0d6656fbdc7c/element HTTP/1.1" 404 0
DEBUG:selenium.webdriver.remote.remote_connection:Remote response: status=404 | data={"value":{"error":"no such element","message":"no such element: Unable to locate element: {\"method\":\"css selector\",\"selector\":\"div.load-more-items button.btn.btn-primary\"}\n  (Session info: chrome=131.0.6778.205)","stacktrace":"0   chromedriver                        0x000000010523b184 cxxbridge1$str$ptr + 3626716\n1   chromedriver                        0x00000001052339d4 cxxbridge1$str$ptr + 3596076\n2   chromedriver                        0x0000000104ca0968 cxxbridge1$string$len + 89228\n3   chromedriver                        0x0000000104ce4d50 cxxbridge1$string$len + 368756\n4   chromedriver                        0x0000000104d1e5b4 cxxbridge1$string$len + 604376\n5   chromedriver                        0x0000000104cd9568 cxxbridge1$string$len + 321676\n6   chromedriver                        0x0000000104cda1b8 cxxbridge1$string$len + 324828\n7   chromedriver                        0x00000001052069ac cxxbridge1$str$ptr + 3411716\n8   chromedriver                        0x0000000105209ccc cxxbridge1$str$ptr + 3424804\n9   chromedriver                        0x00000001051ed86c cxxbridge1$str$ptr + 3308996\n10  chromedriver                        0x000000010520a58c cxxbridge1$str$ptr + 3427044\n11  chromedriver                        0x00000001051df09c cxxbridge1$str$ptr + 3249652\n12  chromedriver                        0x00000001052244b8 cxxbridge1$str$ptr + 3533328\n13  chromedriver                        0x0000000105224634 cxxbridge1$str$ptr + 3533708\n14  chromedriver                        0x0000000105233648 cxxbridge1$str$ptr + 3595168\n15  libsystem_pthread.dylib             0x000000018893ef94 _pthread_start + 136\n16  libsystem_pthread.dylib             0x0000000188939d34 thread_start + 8\n"}} | headers=HTTPHeaderDict({'Content-Length': '1741', 'Content-Type': 'application/json; charset=utf-8', 'cache-control': 'no-cache'})
DEBUG:selenium.webdriver.remote.remote_connection:Finished Request
DEBUG:selenium.webdriver.remote.remote_connection:POST http://localhost:60831/session/052562b64e2bcbb82f2a0d6656fbdc7c/element {'using': 'css selector', 'value': 'div.load-more-items button.btn.btn-primary'}
DEBUG:urllib3.connectionpool:http://localhost:60831 "POST /session/052562b64e2bcbb82f2a0d6656fbdc7c/element HTTP/1.1" 404 0
DEBUG:selenium.webdriver.remote.remote_connection:Remote response: status=404 | data={"value":{"error":"no such element","message":"no such element: Unable to locate element: {\"method\":\"css selector\",\"selector\":\"div.load-more-items button.btn.btn-primary\"}\n  (Session info: chrome=131.0.6778.205)","stacktrace":"0   chromedriver                        0x000000010523b184 cxxbridge1$str$ptr + 3626716\n1   chromedriver                        0x00000001052339d4 cxxbridge1$str$ptr + 3596076\n2   chromedriver                        0x0000000104ca0968 cxxbridge1$string$len + 89228\n3   chromedriver                        0x0000000104ce4d50 cxxbridge1$string$len + 368756\n4   chromedriver                        0x0000000104d1e5b4 cxxbridge1$string$len + 604376\n5   chromedriver                        0x0000000104cd9568 cxxbridge1$string$len + 321676\n6   chromedriver                        0x0000000104cda1b8 cxxbridge1$string$len + 324828\n7   chromedriver                        0x00000001052069ac cxxbridge1$str$ptr + 3411716\n8   chromedriver                        0x0000000105209ccc cxxbridge1$str$ptr + 3424804\n9   chromedriver                        0x00000001051ed86c cxxbridge1$str$ptr + 3308996\n10  chromedriver                        0x000000010520a58c cxxbridge1$str$ptr + 3427044\n11  chromedriver                        0x00000001051df09c cxxbridge1$str$ptr + 3249652\n12  chromedriver                        0x00000001052244b8 cxxbridge1$str$ptr + 3533328\n13  chromedriver                        0x0000000105224634 cxxbridge1$str$ptr + 3533708\n14  chromedriver                        0x0000000105233648 cxxbridge1$str$ptr + 3595168\n15  libsystem_pthread.dylib             0x000000018893ef94 _pthread_start + 136\n16  libsystem_pthread.dylib             0x0000000188939d34 thread_start + 8\n"}} | headers=HTTPHeaderDict({'Content-Length': '1741', 'Content-Type': 'application/json; charset=utf-8', 'cache-control': 'no-cache'})
DEBUG:selenium.webdriver.remote.remote_connection:Finished Request
DEBUG:selenium.webdriver.remote.remote_connection:POST http://localhost:60831/session/052562b64e2bcbb82f2a0d6656fbdc7c/element {'using': 'css selector', 'value': 'div.load-more-items button.btn.btn-primary'}
DEBUG:urllib3.connectionpool:http://localhost:60831 "POST /session/052562b64e2bcbb82f2a0d6656fbdc7c/element HTTP/1.1" 404 0
DEBUG:selenium.webdriver.remote.remote_connection:Remote response: status=404 | data={"value":{"error":"no such element","message":"no such element: Unable to locate element: {\"method\":\"css selector\",\"selector\":\"div.load-more-items button.btn.btn-primary\"}\n  (Session info: chrome=131.0.6778.205)","stacktrace":"0   chromedriver                        0x000000010523b184 cxxbridge1$str$ptr + 3626716\n1   chromedriver                        0x00000001052339d4 cxxbridge1$str$ptr + 3596076\n2   chromedriver                        0x0000000104ca0968 cxxbridge1$string$len + 89228\n3   chromedriver                        0x0000000104ce4d50 cxxbridge1$string$len + 368756\n4   chromedriver                        0x0000000104d1e5b4 cxxbridge1$string$len + 604376\n5   chromedriver                        0x0000000104cd9568 cxxbridge1$string$len + 321676\n6   chromedriver                        0x0000000104cda1b8 cxxbridge1$string$len + 324828\n7   chromedriver                        0x00000001052069ac cxxbridge1$str$ptr + 3411716\n8   chromedriver                        0x0000000105209ccc cxxbridge1$str$ptr + 3424804\n9   chromedriver                        0x00000001051ed86c cxxbridge1$str$ptr + 3308996\n10  chromedriver                        0x000000010520a58c cxxbridge1$str$ptr + 3427044\n11  chromedriver                        0x00000001051df09c cxxbridge1$str$ptr + 3249652\n12  chromedriver                        0x00000001052244b8 cxxbridge1$str$ptr + 3533328\n13  chromedriver                        0x0000000105224634 cxxbridge1$str$ptr + 3533708\n14  chromedriver                        0x0000000105233648 cxxbridge1$str$ptr + 3595168\n15  libsystem_pthread.dylib             0x000000018893ef94 _pthread_start + 136\n16  libsystem_pthread.dylib             0x0000000188939d34 thread_start + 8\n"}} | headers=HTTPHeaderDict({'Content-Length': '1741', 'Content-Type': 'application/json; charset=utf-8', 'cache-control': 'no-cache'})
DEBUG:selenium.webdriver.remote.remote_connection:Finished Request
DEBUG:selenium.webdriver.remote.remote_connection:POST http://localhost:60831/session/052562b64e2bcbb82f2a0d6656fbdc7c/element {'using': 'css selector', 'value': 'div.load-more-items button.btn.btn-primary'}
DEBUG:urllib3.connectionpool:http://localhost:60831 "POST /session/052562b64e2bcbb82f2a0d6656fbdc7c/element HTTP/1.1" 404 0
DEBUG:selenium.webdriver.remote.remote_connection:Remote response: status=404 | data={"value":{"error":"no such element","message":"no such element: Unable to locate element: {\"method\":\"css selector\",\"selector\":\"div.load-more-items button.btn.btn-primary\"}\n  (Session info: chrome=131.0.6778.205)","stacktrace":"0   chromedriver                        0x000000010523b184 cxxbridge1$str$ptr + 3626716\n1   chromedriver                        0x00000001052339d4 cxxbridge1$str$ptr + 3596076\n2   chromedriver                        0x0000000104ca0968 cxxbridge1$string$len + 89228\n3   chromedriver                        0x0000000104ce4d50 cxxbridge1$string$len + 368756\n4   chromedriver                        0x0000000104d1e5b4 cxxbridge1$string$len + 604376\n5   chromedriver                        0x0000000104cd9568 cxxbridge1$string$len + 321676\n6   chromedriver                        0x0000000104cda1b8 cxxbridge1$string$len + 324828\n7   chromedriver                        0x00000001052069ac cxxbridge1$str$ptr + 3411716\n8   chromedriver                        0x0000000105209ccc cxxbridge1$str$ptr + 3424804\n9   chromedriver                        0x00000001051ed86c cxxbridge1$str$ptr + 3308996\n10  chromedriver                        0x000000010520a58c cxxbridge1$str$ptr + 3427044\n11  chromedriver                        0x00000001051df09c cxxbridge1$str$ptr + 3249652\n12  chromedriver                        0x00000001052244b8 cxxbridge1$str$ptr + 3533328\n13  chromedriver                        0x0000000105224634 cxxbridge1$str$ptr + 3533708\n14  chromedriver                        0x0000000105233648 cxxbridge1$str$ptr + 3595168\n15  libsystem_pthread.dylib             0x000000018893ef94 _pthread_start + 136\n16  libsystem_pthread.dylib             0x0000000188939d34 thread_start + 8\n"}} | headers=HTTPHeaderDict({'Content-Length': '1741', 'Content-Type': 'application/json; charset=utf-8', 'cache-control': 'no-cache'})
DEBUG:selenium.webdriver.remote.remote_connection:Finished Request
DEBUG:selenium.webdriver.remote.remote_connection:POST http://localhost:60831/session/052562b64e2bcbb82f2a0d6656fbdc7c/element {'using': 'css selector', 'value': 'div.load-more-items button.btn.btn-primary'}
DEBUG:urllib3.connectionpool:http://localhost:60831 "POST /session/052562b64e2bcbb82f2a0d6656fbdc7c/element HTTP/1.1" 404 0
DEBUG:selenium.webdriver.remote.remote_connection:Remote response: status=404 | data={"value":{"error":"no such element","message":"no such element: Unable to locate element: {\"method\":\"css selector\",\"selector\":\"div.load-more-items button.btn.btn-primary\"}\n  (Session info: chrome=131.0.6778.205)","stacktrace":"0   chromedriver                        0x000000010523b184 cxxbridge1$str$ptr + 3626716\n1   chromedriver                        0x00000001052339d4 cxxbridge1$str$ptr + 3596076\n2   chromedriver                        0x0000000104ca0968 cxxbridge1$string$len + 89228\n3   chromedriver                        0x0000000104ce4d50 cxxbridge1$string$len + 368756\n4   chromedriver                        0x0000000104d1e5b4 cxxbridge1$string$len + 604376\n5   chromedriver                        0x0000000104cd9568 cxxbridge1$string$len + 321676\n6   chromedriver                        0x0000000104cda1b8 cxxbridge1$string$len + 324828\n7   chromedriver                        0x00000001052069ac cxxbridge1$str$ptr + 3411716\n8   chromedriver                        0x0000000105209ccc cxxbridge1$str$ptr + 3424804\n9   chromedriver                        0x00000001051ed86c cxxbridge1$str$ptr + 3308996\n10  chromedriver                        0x000000010520a58c cxxbridge1$str$ptr + 3427044\n11  chromedriver                        0x00000001051df09c cxxbridge1$str$ptr + 3249652\n12  chromedriver                        0x00000001052244b8 cxxbridge1$str$ptr + 3533328\n13  chromedriver                        0x0000000105224634 cxxbridge1$str$ptr + 3533708\n14  chromedriver                        0x0000000105233648 cxxbridge1$str$ptr + 3595168\n15  libsystem_pthread.dylib             0x000000018893ef94 _pthread_start + 136\n16  libsystem_pthread.dylib             0x0000000188939d34 thread_start + 8\n"}} | headers=HTTPHeaderDict({'Content-Length': '1741', 'Content-Type': 'application/json; charset=utf-8', 'cache-control': 'no-cache'})
DEBUG:selenium.webdriver.remote.remote_connection:Finished Request
DEBUG:selenium.webdriver.remote.remote_connection:POST http://localhost:60831/session/052562b64e2bcbb82f2a0d6656fbdc7c/element {'using': 'css selector', 'value': 'div.load-more-items button.btn.btn-primary'}
DEBUG:urllib3.connectionpool:http://localhost:60831 "POST /session/052562b64e2bcbb82f2a0d6656fbdc7c/element HTTP/1.1" 404 0
DEBUG:selenium.webdriver.remote.remote_connection:Remote response: status=404 | data={"value":{"error":"no such element","message":"no such element: Unable to locate element: {\"method\":\"css selector\",\"selector\":\"div.load-more-items button.btn.btn-primary\"}\n  (Session info: chrome=131.0.6778.205)","stacktrace":"0   chromedriver                        0x000000010523b184 cxxbridge1$str$ptr + 3626716\n1   chromedriver                        0x00000001052339d4 cxxbridge1$str$ptr + 3596076\n2   chromedriver                        0x0000000104ca0968 cxxbridge1$string$len + 89228\n3   chromedriver                        0x0000000104ce4d50 cxxbridge1$string$len + 368756\n4   chromedriver                        0x0000000104d1e5b4 cxxbridge1$string$len + 604376\n5   chromedriver                        0x0000000104cd9568 cxxbridge1$string$len + 321676\n6   chromedriver                        0x0000000104cda1b8 cxxbridge1$string$len + 324828\n7   chromedriver                        0x00000001052069ac cxxbridge1$str$ptr + 3411716\n8   chromedriver                        0x0000000105209ccc cxxbridge1$str$ptr + 3424804\n9   chromedriver                        0x00000001051ed86c cxxbridge1$str$ptr + 3308996\n10  chromedriver                        0x000000010520a58c cxxbridge1$str$ptr + 3427044\n11  chromedriver                        0x00000001051df09c cxxbridge1$str$ptr + 3249652\n12  chromedriver                        0x00000001052244b8 cxxbridge1$str$ptr + 3533328\n13  chromedriver                        0x0000000105224634 cxxbridge1$str$ptr + 3533708\n14  chromedriver                        0x0000000105233648 cxxbridge1$str$ptr + 3595168\n15  libsystem_pthread.dylib             0x000000018893ef94 _pthread_start + 136\n16  libsystem_pthread.dylib             0x0000000188939d34 thread_start + 8\n"}} | headers=HTTPHeaderDict({'Content-Length': '1741', 'Content-Type': 'application/json; charset=utf-8', 'cache-control': 'no-cache'})
DEBUG:selenium.webdriver.remote.remote_connection:Finished Request
DEBUG:selenium.webdriver.remote.remote_connection:POST http://localhost:60831/session/052562b64e2bcbb82f2a0d6656fbdc7c/element {'using': 'css selector', 'value': 'div.load-more-items button.btn.btn-primary'}
DEBUG:urllib3.connectionpool:http://localhost:60831 "POST /session/052562b64e2bcbb82f2a0d6656fbdc7c/element HTTP/1.1" 404 0
DEBUG:selenium.webdriver.remote.remote_connection:Remote response: status=404 | data={"value":{"error":"no such element","message":"no such element: Unable to locate element: {\"method\":\"css selector\",\"selector\":\"div.load-more-items button.btn.btn-primary\"}\n  (Session info: chrome=131.0.6778.205)","stacktrace":"0   chromedriver                        0x000000010523b184 cxxbridge1$str$ptr + 3626716\n1   chromedriver                        0x00000001052339d4 cxxbridge1$str$ptr + 3596076\n2   chromedriver                        0x0000000104ca0968 cxxbridge1$string$len + 89228\n3   chromedriver                        0x0000000104ce4d50 cxxbridge1$string$len + 368756\n4   chromedriver                        0x0000000104d1e5b4 cxxbridge1$string$len + 604376\n5   chromedriver                        0x0000000104cd9568 cxxbridge1$string$len + 321676\n6   chromedriver                        0x0000000104cda1b8 cxxbridge1$string$len + 324828\n7   chromedriver                        0x00000001052069ac cxxbridge1$str$ptr + 3411716\n8   chromedriver                        0x0000000105209ccc cxxbridge1$str$ptr + 3424804\n9   chromedriver                        0x00000001051ed86c cxxbridge1$str$ptr + 3308996\n10  chromedriver                        0x000000010520a58c cxxbridge1$str$ptr + 3427044\n11  chromedriver                        0x00000001051df09c cxxbridge1$str$ptr + 3249652\n12  chromedriver                        0x00000001052244b8 cxxbridge1$str$ptr + 3533328\n13  chromedriver                        0x0000000105224634 cxxbridge1$str$ptr + 3533708\n14  chromedriver                        0x0000000105233648 cxxbridge1$str$ptr + 3595168\n15  libsystem_pthread.dylib             0x000000018893ef94 _pthread_start + 136\n16  libsystem_pthread.dylib             0x0000000188939d34 thread_start + 8\n"}} | headers=HTTPHeaderDict({'Content-Length': '1741', 'Content-Type': 'application/json; charset=utf-8', 'cache-control': 'no-cache'})
DEBUG:selenium.webdriver.remote.remote_connection:Finished Request
DEBUG:selenium.webdriver.remote.remote_connection:POST http://localhost:60831/session/052562b64e2bcbb82f2a0d6656fbdc7c/element {'using': 'css selector', 'value': 'div.load-more-items button.btn.btn-primary'}
DEBUG:urllib3.connectionpool:http://localhost:60831 "POST /session/052562b64e2bcbb82f2a0d6656fbdc7c/element HTTP/1.1" 404 0
DEBUG:selenium.webdriver.remote.remote_connection:Remote response: status=404 | data={"value":{"error":"no such element","message":"no such element: Unable to locate element: {\"method\":\"css selector\",\"selector\":\"div.load-more-items button.btn.btn-primary\"}\n  (Session info: chrome=131.0.6778.205)","stacktrace":"0   chromedriver                        0x000000010523b184 cxxbridge1$str$ptr + 3626716\n1   chromedriver                        0x00000001052339d4 cxxbridge1$str$ptr + 3596076\n2   chromedriver                        0x0000000104ca0968 cxxbridge1$string$len + 89228\n3   chromedriver                        0x0000000104ce4d50 cxxbridge1$string$len + 368756\n4   chromedriver                        0x0000000104d1e5b4 cxxbridge1$string$len + 604376\n5   chromedriver                        0x0000000104cd9568 cxxbridge1$string$len + 321676\n6   chromedriver                        0x0000000104cda1b8 cxxbridge1$string$len + 324828\n7   chromedriver                        0x00000001052069ac cxxbridge1$str$ptr + 3411716\n8   chromedriver                        0x0000000105209ccc cxxbridge1$str$ptr + 3424804\n9   chromedriver                        0x00000001051ed86c cxxbridge1$str$ptr + 3308996\n10  chromedriver                        0x000000010520a58c cxxbridge1$str$ptr + 3427044\n11  chromedriver                        0x00000001051df09c cxxbridge1$str$ptr + 3249652\n12  chromedriver                        0x00000001052244b8 cxxbridge1$str$ptr + 3533328\n13  chromedriver                        0x0000000105224634 cxxbridge1$str$ptr + 3533708\n14  chromedriver                        0x0000000105233648 cxxbridge1$str$ptr + 3595168\n15  libsystem_pthread.dylib             0x000000018893ef94 _pthread_start + 136\n16  libsystem_pthread.dylib             0x0000000188939d34 thread_start + 8\n"}} | headers=HTTPHeaderDict({'Content-Length': '1741', 'Content-Type': 'application/json; charset=utf-8', 'cache-control': 'no-cache'})
DEBUG:selenium.webdriver.remote.remote_connection:Finished Request
DEBUG:selenium.webdriver.remote.remote_connection:POST http://localhost:60831/session/052562b64e2bcbb82f2a0d6656fbdc7c/element {'using': 'css selector', 'value': 'div.load-more-items button.btn.btn-primary'}
DEBUG:urllib3.connectionpool:http://localhost:60831 "POST /session/052562b64e2bcbb82f2a0d6656fbdc7c/element HTTP/1.1" 404 0
DEBUG:selenium.webdriver.remote.remote_connection:Remote response: status=404 | data={"value":{"error":"no such window","message":"no such window: target window already closed\nfrom unknown error: web view not found\n  (Session info: chrome=131.0.6778.205)","stacktrace":"0   chromedriver                        0x000000010523b184 cxxbridge1$str$ptr + 3626716\n1   chromedriver                        0x00000001052339d4 cxxbridge1$str$ptr + 3596076\n2   chromedriver                        0x0000000104ca0968 cxxbridge1$string$len + 89228\n3   chromedriver                        0x0000000104c7be44 core::str::slice_error_fail::ha0e52dbcb60e6bae + 3780\n4   chromedriver                        0x0000000104d0ad48 cxxbridge1$string$len + 524396\n5   chromedriver                        0x0000000104d1dc24 cxxbridge1$string$len + 601928\n6   chromedriver                        0x0000000104cd9568 cxxbridge1$string$len + 321676\n7   chromedriver                        0x0000000104cda1b8 cxxbridge1$string$len + 324828\n8   chromedriver                        0x00000001052069ac cxxbridge1$str$ptr + 3411716\n9   chromedriver                        0x0000000105209ccc cxxbridge1$str$ptr + 3424804\n10  chromedriver                        0x00000001051ed86c cxxbridge1$str$ptr + 3308996\n11  chromedriver                        0x000000010520a58c cxxbridge1$str$ptr + 3427044\n12  chromedriver                        0x00000001051df09c cxxbridge1$str$ptr + 3249652\n13  chromedriver                        0x00000001052244b8 cxxbridge1$str$ptr + 3533328\n14  chromedriver                        0x0000000105224634 cxxbridge1$str$ptr + 3533708\n15  chromedriver                        0x0000000105233648 cxxbridge1$str$ptr + 3595168\n16  libsystem_pthread.dylib             0x000000018893ef94 _pthread_start + 136\n17  libsystem_pthread.dylib             0x0000000188939d34 thread_start + 8\n"}} | headers=HTTPHeaderDict({'Content-Length': '1806', 'Content-Type': 'application/json; charset=utf-8', 'cache-control': 'no-cache'})
DEBUG:selenium.webdriver.remote.remote_connection:Finished Request
INFO:root:Aquazzura: Error occurred:
Message: no such window: target window already closed
from unknown error: web view not found
  (Session info: chrome=131.0.6778.205)
Stacktrace:
0   chromedriver                        0x000000010523b184 cxxbridge1$str$ptr + 3626716
1   chromedriver                        0x00000001052339d4 cxxbridge1$str$ptr + 3596076
2   chromedriver                        0x0000000104ca0968 cxxbridge1$string$len + 89228
3   chromedriver                        0x0000000104c7be44 core::str::slice_error_fail::ha0e52dbcb60e6bae + 3780
4   chromedriver                        0x0000000104d0ad48 cxxbridge1$string$len + 524396
5   chromedriver                        0x0000000104d1dc24 cxxbridge1$string$len + 601928
6   chromedriver                        0x0000000104cd9568 cxxbridge1$string$len + 321676
7   chromedriver                        0x0000000104cda1b8 cxxbridge1$string$len + 324828
8   chromedriver                        0x00000001052069ac cxxbridge1$str$ptr + 3411716
9   chromedriver                        0x0000000105209ccc cxxbridge1$str$ptr + 3424804
10  chromedriver                        0x00000001051ed86c cxxbridge1$str$ptr + 3308996
11  chromedriver                        0x000000010520a58c cxxbridge1$str$ptr + 3427044
12  chromedriver                        0x00000001051df09c cxxbridge1$str$ptr + 3249652
13  chromedriver                        0x00000001052244b8 cxxbridge1$str$ptr + 3533328
14  chromedriver                        0x0000000105224634 cxxbridge1$str$ptr + 3533708
15  chromedriver                        0x0000000105233648 cxxbridge1$str$ptr + 3595168
16  libsystem_pthread.dylib             0x000000018893ef94 _pthread_start + 136
17  libsystem_pthread.dylib             0x0000000188939d34 thread_start + 8

INFO:root:Aquazzura Attempt 1/5
DEBUG:selenium.webdriver.remote.remote_connection:POST http://localhost:60831/session/052562b64e2bcbb82f2a0d6656fbdc7c/element {'using': 'css selector', 'value': 'div.load-more-items button.btn.btn-primary'}
DEBUG:urllib3.connectionpool:http://localhost:60831 "POST /session/052562b64e2bcbb82f2a0d6656fbdc7c/element HTTP/1.1" 404 0
DEBUG:selenium.webdriver.remote.remote_connection:Remote response: status=404 | data={"value":{"error":"no such window","message":"no such window: target window already closed\nfrom unknown error: web view not found\n  (Session info: chrome=131.0.6778.205)","stacktrace":"0   chromedriver                        0x000000010523b184 cxxbridge1$str$ptr + 3626716\n1   chromedriver                        0x00000001052339d4 cxxbridge1$str$ptr + 3596076\n2   chromedriver                        0x0000000104ca0968 cxxbridge1$string$len + 89228\n3   chromedriver                        0x0000000104c7be44 core::str::slice_error_fail::ha0e52dbcb60e6bae + 3780\n4   chromedriver                        0x0000000104d0ad48 cxxbridge1$string$len + 524396\n5   chromedriver                        0x0000000104d1dc24 cxxbridge1$string$len + 601928\n6   chromedriver                        0x0000000104cd9568 cxxbridge1$string$len + 321676\n7   chromedriver                        0x0000000104cda1b8 cxxbridge1$string$len + 324828\n8   chromedriver                        0x00000001052069ac cxxbridge1$str$ptr + 3411716\n9   chromedriver                        0x0000000105209ccc cxxbridge1$str$ptr + 3424804\n10  chromedriver                        0x00000001051ed86c cxxbridge1$str$ptr + 3308996\n11  chromedriver                        0x000000010520a58c cxxbridge1$str$ptr + 3427044\n12  chromedriver                        0x00000001051df09c cxxbridge1$str$ptr + 3249652\n13  chromedriver                        0x00000001052244b8 cxxbridge1$str$ptr + 3533328\n14  chromedriver                        0x0000000105224634 cxxbridge1$str$ptr + 3533708\n15  chromedriver                        0x0000000105233648 cxxbridge1$str$ptr + 3595168\n16  libsystem_pthread.dylib             0x000000018893ef94 _pthread_start + 136\n17  libsystem_pthread.dylib             0x0000000188939d34 thread_start + 8\n"}} | headers=HTTPHeaderDict({'Content-Length': '1806', 'Content-Type': 'application/json; charset=utf-8', 'cache-control': 'no-cache'})
DEBUG:selenium.webdriver.remote.remote_connection:Finished Request
INFO:root:Aquazzura: Error occurred:
Message: no such window: target window already closed
from unknown error: web view not found
  (Session info: chrome=131.0.6778.205)
Stacktrace:
0   chromedriver                        0x000000010523b184 cxxbridge1$str$ptr + 3626716
1   chromedriver                        0x00000001052339d4 cxxbridge1$str$ptr + 3596076
2   chromedriver                        0x0000000104ca0968 cxxbridge1$string$len + 89228
3   chromedriver                        0x0000000104c7be44 core::str::slice_error_fail::ha0e52dbcb60e6bae + 3780
4   chromedriver                        0x0000000104d0ad48 cxxbridge1$string$len + 524396
5   chromedriver                        0x0000000104d1dc24 cxxbridge1$string$len + 601928
6   chromedriver                        0x0000000104cd9568 cxxbridge1$string$len + 321676
7   chromedriver                        0x0000000104cda1b8 cxxbridge1$string$len + 324828
8   chromedriver                        0x00000001052069ac cxxbridge1$str$ptr + 3411716
9   chromedriver                        0x0000000105209ccc cxxbridge1$str$ptr + 3424804
10  chromedriver                        0x00000001051ed86c cxxbridge1$str$ptr + 3308996
11  chromedriver                        0x000000010520a58c cxxbridge1$str$ptr + 3427044
12  chromedriver                        0x00000001051df09c cxxbridge1$str$ptr + 3249652
13  chromedriver                        0x00000001052244b8 cxxbridge1$str$ptr + 3533328
14  chromedriver                        0x0000000105224634 cxxbridge1$str$ptr + 3533708
15  chromedriver                        0x0000000105233648 cxxbridge1$str$ptr + 3595168
16  libsystem_pthread.dylib             0x000000018893ef94 _pthread_start + 136
17  libsystem_pthread.dylib             0x0000000188939d34 thread_start + 8

INFO:root:Aquazzura Attempt 2/5
DEBUG:selenium.webdriver.remote.remote_connection:POST http://localhost:60831/session/052562b64e2bcbb82f2a0d6656fbdc7c/element {'using': 'css selector', 'value': 'div.load-more-items button.btn.btn-primary'}
DEBUG:urllib3.connectionpool:http://localhost:60831 "POST /session/052562b64e2bcbb82f2a0d6656fbdc7c/element HTTP/1.1" 404 0
DEBUG:selenium.webdriver.remote.remote_connection:Remote response: status=404 | data={"value":{"error":"no such window","message":"no such window: target window already closed\nfrom unknown error: web view not found\n  (Session info: chrome=131.0.6778.205)","stacktrace":"0   chromedriver                        0x000000010523b184 cxxbridge1$str$ptr + 3626716\n1   chromedriver                        0x00000001052339d4 cxxbridge1$str$ptr + 3596076\n2   chromedriver                        0x0000000104ca0968 cxxbridge1$string$len + 89228\n3   chromedriver                        0x0000000104c7be44 core::str::slice_error_fail::ha0e52dbcb60e6bae + 3780\n4   chromedriver                        0x0000000104d0ad48 cxxbridge1$string$len + 524396\n5   chromedriver                        0x0000000104d1dc24 cxxbridge1$string$len + 601928\n6   chromedriver                        0x0000000104cd9568 cxxbridge1$string$len + 321676\n7   chromedriver                        0x0000000104cda1b8 cxxbridge1$string$len + 324828\n8   chromedriver                        0x00000001052069ac cxxbridge1$str$ptr + 3411716\n9   chromedriver                        0x0000000105209ccc cxxbridge1$str$ptr + 3424804\n10  chromedriver                        0x00000001051ed86c cxxbridge1$str$ptr + 3308996\n11  chromedriver                        0x000000010520a58c cxxbridge1$str$ptr + 3427044\n12  chromedriver                        0x00000001051df09c cxxbridge1$str$ptr + 3249652\n13  chromedriver                        0x00000001052244b8 cxxbridge1$str$ptr + 3533328\n14  chromedriver                        0x0000000105224634 cxxbridge1$str$ptr + 3533708\n15  chromedriver                        0x0000000105233648 cxxbridge1$str$ptr + 3595168\n16  libsystem_pthread.dylib             0x000000018893ef94 _pthread_start + 136\n17  libsystem_pthread.dylib             0x0000000188939d34 thread_start + 8\n"}} | headers=HTTPHeaderDict({'Content-Length': '1806', 'Content-Type': 'application/json; charset=utf-8', 'cache-control': 'no-cache'})
DEBUG:selenium.webdriver.remote.remote_connection:Finished Request
INFO:root:Aquazzura: Error occurred:
Message: no such window: target window already closed
from unknown error: web view not found
  (Session info: chrome=131.0.6778.205)
Stacktrace:
0   chromedriver                        0x000000010523b184 cxxbridge1$str$ptr + 3626716
1   chromedriver                        0x00000001052339d4 cxxbridge1$str$ptr + 3596076
2   chromedriver                        0x0000000104ca0968 cxxbridge1$string$len + 89228
3   chromedriver                        0x0000000104c7be44 core::str::slice_error_fail::ha0e52dbcb60e6bae + 3780
4   chromedriver                        0x0000000104d0ad48 cxxbridge1$string$len + 524396
5   chromedriver                        0x0000000104d1dc24 cxxbridge1$string$len + 601928
6   chromedriver                        0x0000000104cd9568 cxxbridge1$string$len + 321676
7   chromedriver                        0x0000000104cda1b8 cxxbridge1$string$len + 324828
8   chromedriver                        0x00000001052069ac cxxbridge1$str$ptr + 3411716
9   chromedriver                        0x0000000105209ccc cxxbridge1$str$ptr + 3424804
10  chromedriver                        0x00000001051ed86c cxxbridge1$str$ptr + 3308996
11  chromedriver                        0x000000010520a58c cxxbridge1$str$ptr + 3427044
12  chromedriver                        0x00000001051df09c cxxbridge1$str$ptr + 3249652
13  chromedriver                        0x00000001052244b8 cxxbridge1$str$ptr + 3533328
14  chromedriver                        0x0000000105224634 cxxbridge1$str$ptr + 3533708
15  chromedriver                        0x0000000105233648 cxxbridge1$str$ptr + 3595168
16  libsystem_pthread.dylib             0x000000018893ef94 _pthread_start + 136
17  libsystem_pthread.dylib             0x0000000188939d34 thread_start + 8

INFO:root:Aquazzura Attempt 3/5
DEBUG:selenium.webdriver.remote.remote_connection:POST http://localhost:60831/session/052562b64e2bcbb82f2a0d6656fbdc7c/element {'using': 'css selector', 'value': 'div.load-more-items button.btn.btn-primary'}
DEBUG:urllib3.connectionpool:http://localhost:60831 "POST /session/052562b64e2bcbb82f2a0d6656fbdc7c/element HTTP/1.1" 404 0
DEBUG:selenium.webdriver.remote.remote_connection:Remote response: status=404 | data={"value":{"error":"no such window","message":"no such window: target window already closed\nfrom unknown error: web view not found\n  (Session info: chrome=131.0.6778.205)","stacktrace":"0   chromedriver                        0x000000010523b184 cxxbridge1$str$ptr + 3626716\n1   chromedriver                        0x00000001052339d4 cxxbridge1$str$ptr + 3596076\n2   chromedriver                        0x0000000104ca0968 cxxbridge1$string$len + 89228\n3   chromedriver                        0x0000000104c7be44 core::str::slice_error_fail::ha0e52dbcb60e6bae + 3780\n4   chromedriver                        0x0000000104d0ad48 cxxbridge1$string$len + 524396\n5   chromedriver                        0x0000000104d1dc24 cxxbridge1$string$len + 601928\n6   chromedriver                        0x0000000104cd9568 cxxbridge1$string$len + 321676\n7   chromedriver                        0x0000000104cda1b8 cxxbridge1$string$len + 324828\n8   chromedriver                        0x00000001052069ac cxxbridge1$str$ptr + 3411716\n9   chromedriver                        0x0000000105209ccc cxxbridge1$str$ptr + 3424804\n10  chromedriver                        0x00000001051ed86c cxxbridge1$str$ptr + 3308996\n11  chromedriver                        0x000000010520a58c cxxbridge1$str$ptr + 3427044\n12  chromedriver                        0x00000001051df09c cxxbridge1$str$ptr + 3249652\n13  chromedriver                        0x00000001052244b8 cxxbridge1$str$ptr + 3533328\n14  chromedriver                        0x0000000105224634 cxxbridge1$str$ptr + 3533708\n15  chromedriver                        0x0000000105233648 cxxbridge1$str$ptr + 3595168\n16  libsystem_pthread.dylib             0x000000018893ef94 _pthread_start + 136\n17  libsystem_pthread.dylib             0x0000000188939d34 thread_start + 8\n"}} | headers=HTTPHeaderDict({'Content-Length': '1806', 'Content-Type': 'application/json; charset=utf-8', 'cache-control': 'no-cache'})
DEBUG:selenium.webdriver.remote.remote_connection:Finished Request
INFO:root:Aquazzura: Error occurred:
Message: no such window: target window already closed
from unknown error: web view not found
  (Session info: chrome=131.0.6778.205)
Stacktrace:
0   chromedriver                        0x000000010523b184 cxxbridge1$str$ptr + 3626716
1   chromedriver                        0x00000001052339d4 cxxbridge1$str$ptr + 3596076
2   chromedriver                        0x0000000104ca0968 cxxbridge1$string$len + 89228
3   chromedriver                        0x0000000104c7be44 core::str::slice_error_fail::ha0e52dbcb60e6bae + 3780
4   chromedriver                        0x0000000104d0ad48 cxxbridge1$string$len + 524396
5   chromedriver                        0x0000000104d1dc24 cxxbridge1$string$len + 601928
6   chromedriver                        0x0000000104cd9568 cxxbridge1$string$len + 321676
7   chromedriver                        0x0000000104cda1b8 cxxbridge1$string$len + 324828
8   chromedriver                        0x00000001052069ac cxxbridge1$str$ptr + 3411716
9   chromedriver                        0x0000000105209ccc cxxbridge1$str$ptr + 3424804
10  chromedriver                        0x00000001051ed86c cxxbridge1$str$ptr + 3308996
11  chromedriver                        0x000000010520a58c cxxbridge1$str$ptr + 3427044
12  chromedriver                        0x00000001051df09c cxxbridge1$str$ptr + 3249652
13  chromedriver                        0x00000001052244b8 cxxbridge1$str$ptr + 3533328
14  chromedriver                        0x0000000105224634 cxxbridge1$str$ptr + 3533708
15  chromedriver                        0x0000000105233648 cxxbridge1$str$ptr + 3595168
16  libsystem_pthread.dylib             0x000000018893ef94 _pthread_start + 136
17  libsystem_pthread.dylib             0x0000000188939d34 thread_start + 8

