DEBUG:selenium.webdriver.remote.remote_connection:POST http://localhost:63763/session/3335633a676e267246f4ff667a37b67d/url {'url': 'https://www.manoloblahnik.com/int/women.html'}
DEBUG:urllib3.connectionpool:http://localhost:63763 "POST /session/3335633a676e267246f4ff667a37b67d/url HTTP/1.1" 200 0
DEBUG:selenium.webdriver.remote.remote_connection:Remote response: status=200 | data={"value":null} | headers=HTTPHeaderDict({'Content-Length': '14', 'Content-Type': 'application/json; charset=utf-8', 'cache-control': 'no-cache'})
DEBUG:selenium.webdriver.remote.remote_connection:Finished Request
DEBUG:selenium.webdriver.remote.remote_connection:POST http://localhost:63763/session/3335633a676e267246f4ff667a37b67d/element {'using': 'tag name', 'value': 'body'}
DEBUG:urllib3.connectionpool:http://localhost:63763 "POST /session/3335633a676e267246f4ff667a37b67d/element HTTP/1.1" 200 0
DEBUG:selenium.webdriver.remote.remote_connection:Remote response: status=200 | data={"value":{"element-6066-11e4-a52e-4f735466cecf":"f.8DFEA679DAED39CD45071EA87AB94BA5.d.AD21A7EFE680A08E9DC5086BF9AAA602.e.5"}} | headers=HTTPHeaderDict({'Content-Length': '125', 'Content-Type': 'application/json; charset=utf-8', 'cache-control': 'no-cache'})
DEBUG:selenium.webdriver.remote.remote_connection:Finished Request
DEBUG:selenium.webdriver.remote.remote_connection:POST http://localhost:63763/session/3335633a676e267246f4ff667a37b67d/element {'using': 'css selector', 'value': '[id="gle_selectedCountry"]'}
DEBUG:urllib3.connectionpool:http://localhost:63763 "POST /session/3335633a676e267246f4ff667a37b67d/element HTTP/1.1" 200 0
DEBUG:selenium.webdriver.remote.remote_connection:Remote response: status=200 | data={"value":{"element-6066-11e4-a52e-4f735466cecf":"f.8DFEA679DAED39CD45071EA87AB94BA5.d.AD21A7EFE680A08E9DC5086BF9AAA602.e.4537"}} | headers=HTTPHeaderDict({'Content-Length': '128', 'Content-Type': 'application/json; charset=utf-8', 'cache-control': 'no-cache'})
DEBUG:selenium.webdriver.remote.remote_connection:Finished Request
DEBUG:selenium.webdriver.remote.remote_connection:POST http://localhost:63763/session/3335633a676e267246f4ff667a37b67d/execute/sync {'script': '/* isDisplayed */return (function(){return (function(){var g=this||self;\nfunction aa(a){var b=typeof...', 'args': [{'element-6066-11e4-a52e-4f735466cecf': 'f.8DFEA679DAED39CD45071EA87AB94BA5.d.AD21A7EFE680A08E9DC5086BF9AAA602.e.4537'}]}
DEBUG:urllib3.connectionpool:http://localhost:63763 "POST /session/3335633a676e267246f4ff667a37b67d/execute/sync HTTP/1.1" 200 0
DEBUG:selenium.webdriver.remote.remote_connection:Remote response: status=200 | data={"value":true} | headers=HTTPHeaderDict({'Content-Length': '14', 'Content-Type': 'application/json; charset=utf-8', 'cache-control': 'no-cache'})
DEBUG:selenium.webdriver.remote.remote_connection:Finished Request
DEBUG:selenium.webdriver.remote.remote_connection:GET http://localhost:63763/session/3335633a676e267246f4ff667a37b67d/element/f.8DFEA679DAED39CD45071EA87AB94BA5.d.AD21A7EFE680A08E9DC5086BF9AAA602.e.4537/enabled {}
DEBUG:urllib3.connectionpool:http://localhost:63763 "GET /session/3335633a676e267246f4ff667a37b67d/element/f.8DFEA679DAED39CD45071EA87AB94BA5.d.AD21A7EFE680A08E9DC5086BF9AAA602.e.4537/enabled HTTP/1.1" 200 0
DEBUG:selenium.webdriver.remote.remote_connection:Remote response: status=200 | data={"value":true} | headers=HTTPHeaderDict({'Content-Length': '14', 'Content-Type': 'application/json; charset=utf-8', 'cache-control': 'no-cache'})
DEBUG:selenium.webdriver.remote.remote_connection:Finished Request
DEBUG:selenium.webdriver.remote.remote_connection:POST http://localhost:63763/session/3335633a676e267246f4ff667a37b67d/element {'using': 'xpath', 'value': '//*[@id="gle_selectedCountry"]'}
DEBUG:urllib3.connectionpool:http://localhost:63763 "POST /session/3335633a676e267246f4ff667a37b67d/element HTTP/1.1" 200 0
DEBUG:selenium.webdriver.remote.remote_connection:Remote response: status=200 | data={"value":{"element-6066-11e4-a52e-4f735466cecf":"f.8DFEA679DAED39CD45071EA87AB94BA5.d.AD21A7EFE680A08E9DC5086BF9AAA602.e.4537"}} | headers=HTTPHeaderDict({'Content-Length': '128', 'Content-Type': 'application/json; charset=utf-8', 'cache-control': 'no-cache'})
DEBUG:selenium.webdriver.remote.remote_connection:Finished Request
DEBUG:selenium.webdriver.remote.remote_connection:POST http://localhost:63763/session/3335633a676e267246f4ff667a37b67d/execute/sync {'script': '/* isDisplayed */return (function(){return (function(){var g=this||self;\nfunction aa(a){var b=typeof...', 'args': [{'element-6066-11e4-a52e-4f735466cecf': 'f.8DFEA679DAED39CD45071EA87AB94BA5.d.AD21A7EFE680A08E9DC5086BF9AAA602.e.4537'}]}
DEBUG:urllib3.connectionpool:http://localhost:63763 "POST /session/3335633a676e267246f4ff667a37b67d/execute/sync HTTP/1.1" 200 0
DEBUG:selenium.webdriver.remote.remote_connection:Remote response: status=200 | data={"value":true} | headers=HTTPHeaderDict({'Content-Length': '14', 'Content-Type': 'application/json; charset=utf-8', 'cache-control': 'no-cache'})
DEBUG:selenium.webdriver.remote.remote_connection:Finished Request
DEBUG:selenium.webdriver.remote.remote_connection:GET http://localhost:63763/session/3335633a676e267246f4ff667a37b67d/element/f.8DFEA679DAED39CD45071EA87AB94BA5.d.AD21A7EFE680A08E9DC5086BF9AAA602.e.4537/enabled {}
DEBUG:urllib3.connectionpool:http://localhost:63763 "GET /session/3335633a676e267246f4ff667a37b67d/element/f.8DFEA679DAED39CD45071EA87AB94BA5.d.AD21A7EFE680A08E9DC5086BF9AAA602.e.4537/enabled HTTP/1.1" 200 0
DEBUG:selenium.webdriver.remote.remote_connection:Remote response: status=200 | data={"value":true} | headers=HTTPHeaderDict({'Content-Length': '14', 'Content-Type': 'application/json; charset=utf-8', 'cache-control': 'no-cache'})
DEBUG:selenium.webdriver.remote.remote_connection:Finished Request
DEBUG:selenium.webdriver.remote.remote_connection:POST http://localhost:63763/session/3335633a676e267246f4ff667a37b67d/execute/sync {'script': 'arguments[0].scrollIntoView(true);', 'args': [{'element-6066-11e4-a52e-4f735466cecf': 'f.8DFEA679DAED39CD45071EA87AB94BA5.d.AD21A7EFE680A08E9DC5086BF9AAA602.e.4537'}]}
DEBUG:urllib3.connectionpool:http://localhost:63763 "POST /session/3335633a676e267246f4ff667a37b67d/execute/sync HTTP/1.1" 200 0
DEBUG:selenium.webdriver.remote.remote_connection:Remote response: status=200 | data={"value":null} | headers=HTTPHeaderDict({'Content-Length': '14', 'Content-Type': 'application/json; charset=utf-8', 'cache-control': 'no-cache'})
DEBUG:selenium.webdriver.remote.remote_connection:Finished Request
DEBUG:selenium.webdriver.remote.remote_connection:POST http://localhost:63763/session/3335633a676e267246f4ff667a37b67d/element/f.8DFEA679DAED39CD45071EA87AB94BA5.d.AD21A7EFE680A08E9DC5086BF9AAA602.e.4537/click {}
DEBUG:urllib3.connectionpool:http://localhost:63763 "POST /session/3335633a676e267246f4ff667a37b67d/element/f.8DFEA679DAED39CD45071EA87AB94BA5.d.AD21A7EFE680A08E9DC5086BF9AAA602.e.4537/click HTTP/1.1" 200 0
DEBUG:selenium.webdriver.remote.remote_connection:Remote response: status=200 | data={"value":null} | headers=HTTPHeaderDict({'Content-Length': '14', 'Content-Type': 'application/json; charset=utf-8', 'cache-control': 'no-cache'})
DEBUG:selenium.webdriver.remote.remote_connection:Finished Request
DEBUG:selenium.webdriver.remote.remote_connection:POST http://localhost:63763/session/3335633a676e267246f4ff667a37b67d/element {'using': 'xpath', 'value': '//*[@id="gle_selectedCountry"]/option[79]'}
DEBUG:urllib3.connectionpool:http://localhost:63763 "POST /session/3335633a676e267246f4ff667a37b67d/element HTTP/1.1" 200 0
DEBUG:selenium.webdriver.remote.remote_connection:Remote response: status=200 | data={"value":{"element-6066-11e4-a52e-4f735466cecf":"f.8DFEA679DAED39CD45071EA87AB94BA5.d.AD21A7EFE680A08E9DC5086BF9AAA602.e.4616"}} | headers=HTTPHeaderDict({'Content-Length': '128', 'Content-Type': 'application/json; charset=utf-8', 'cache-control': 'no-cache'})
DEBUG:selenium.webdriver.remote.remote_connection:Finished Request
DEBUG:selenium.webdriver.remote.remote_connection:POST http://localhost:63763/session/3335633a676e267246f4ff667a37b67d/execute/sync {'script': '/* isDisplayed */return (function(){return (function(){var g=this||self;\nfunction aa(a){var b=typeof...', 'args': [{'element-6066-11e4-a52e-4f735466cecf': 'f.8DFEA679DAED39CD45071EA87AB94BA5.d.AD21A7EFE680A08E9DC5086BF9AAA602.e.4616'}]}
DEBUG:urllib3.connectionpool:http://localhost:63763 "POST /session/3335633a676e267246f4ff667a37b67d/execute/sync HTTP/1.1" 200 0
DEBUG:selenium.webdriver.remote.remote_connection:Remote response: status=200 | data={"value":true} | headers=HTTPHeaderDict({'Content-Length': '14', 'Content-Type': 'application/json; charset=utf-8', 'cache-control': 'no-cache'})
DEBUG:selenium.webdriver.remote.remote_connection:Finished Request
DEBUG:selenium.webdriver.remote.remote_connection:GET http://localhost:63763/session/3335633a676e267246f4ff667a37b67d/element/f.8DFEA679DAED39CD45071EA87AB94BA5.d.AD21A7EFE680A08E9DC5086BF9AAA602.e.4616/enabled {}
DEBUG:urllib3.connectionpool:http://localhost:63763 "GET /session/3335633a676e267246f4ff667a37b67d/element/f.8DFEA679DAED39CD45071EA87AB94BA5.d.AD21A7EFE680A08E9DC5086BF9AAA602.e.4616/enabled HTTP/1.1" 200 0
DEBUG:selenium.webdriver.remote.remote_connection:Remote response: status=200 | data={"value":true} | headers=HTTPHeaderDict({'Content-Length': '14', 'Content-Type': 'application/json; charset=utf-8', 'cache-control': 'no-cache'})
DEBUG:selenium.webdriver.remote.remote_connection:Finished Request
DEBUG:selenium.webdriver.remote.remote_connection:POST http://localhost:63763/session/3335633a676e267246f4ff667a37b67d/execute/sync {'script': 'arguments[0].scrollIntoView(true);', 'args': [{'element-6066-11e4-a52e-4f735466cecf': 'f.8DFEA679DAED39CD45071EA87AB94BA5.d.AD21A7EFE680A08E9DC5086BF9AAA602.e.4616'}]}
DEBUG:urllib3.connectionpool:http://localhost:63763 "POST /session/3335633a676e267246f4ff667a37b67d/execute/sync HTTP/1.1" 200 0
DEBUG:selenium.webdriver.remote.remote_connection:Remote response: status=200 | data={"value":null} | headers=HTTPHeaderDict({'Content-Length': '14', 'Content-Type': 'application/json; charset=utf-8', 'cache-control': 'no-cache'})
DEBUG:selenium.webdriver.remote.remote_connection:Finished Request
DEBUG:selenium.webdriver.remote.remote_connection:POST http://localhost:63763/session/3335633a676e267246f4ff667a37b67d/element/f.8DFEA679DAED39CD45071EA87AB94BA5.d.AD21A7EFE680A08E9DC5086BF9AAA602.e.4616/click {}
DEBUG:urllib3.connectionpool:http://localhost:63763 "POST /session/3335633a676e267246f4ff667a37b67d/element/f.8DFEA679DAED39CD45071EA87AB94BA5.d.AD21A7EFE680A08E9DC5086BF9AAA602.e.4616/click HTTP/1.1" 200 0
DEBUG:selenium.webdriver.remote.remote_connection:Remote response: status=200 | data={"value":null} | headers=HTTPHeaderDict({'Content-Length': '14', 'Content-Type': 'application/json; charset=utf-8', 'cache-control': 'no-cache'})
DEBUG:selenium.webdriver.remote.remote_connection:Finished Request
DEBUG:selenium.webdriver.remote.remote_connection:POST http://localhost:63763/session/3335633a676e267246f4ff667a37b67d/element {'using': 'css selector', 'value': '.saveBtn'}
DEBUG:urllib3.connectionpool:http://localhost:63763 "POST /session/3335633a676e267246f4ff667a37b67d/element HTTP/1.1" 200 0
DEBUG:selenium.webdriver.remote.remote_connection:Remote response: status=200 | data={"value":{"element-6066-11e4-a52e-4f735466cecf":"f.8DFEA679DAED39CD45071EA87AB94BA5.d.AD21A7EFE680A08E9DC5086BF9AAA602.e.4790"}} | headers=HTTPHeaderDict({'Content-Length': '128', 'Content-Type': 'application/json; charset=utf-8', 'cache-control': 'no-cache'})
DEBUG:selenium.webdriver.remote.remote_connection:Finished Request
DEBUG:selenium.webdriver.remote.remote_connection:POST http://localhost:63763/session/3335633a676e267246f4ff667a37b67d/execute/sync {'script': '/* isDisplayed */return (function(){return (function(){var g=this||self;\nfunction aa(a){var b=typeof...', 'args': [{'element-6066-11e4-a52e-4f735466cecf': 'f.8DFEA679DAED39CD45071EA87AB94BA5.d.AD21A7EFE680A08E9DC5086BF9AAA602.e.4790'}]}
DEBUG:urllib3.connectionpool:http://localhost:63763 "POST /session/3335633a676e267246f4ff667a37b67d/execute/sync HTTP/1.1" 200 0
DEBUG:selenium.webdriver.remote.remote_connection:Remote response: status=200 | data={"value":true} | headers=HTTPHeaderDict({'Content-Length': '14', 'Content-Type': 'application/json; charset=utf-8', 'cache-control': 'no-cache'})
DEBUG:selenium.webdriver.remote.remote_connection:Finished Request
DEBUG:selenium.webdriver.remote.remote_connection:GET http://localhost:63763/session/3335633a676e267246f4ff667a37b67d/element/f.8DFEA679DAED39CD45071EA87AB94BA5.d.AD21A7EFE680A08E9DC5086BF9AAA602.e.4790/enabled {}
DEBUG:urllib3.connectionpool:http://localhost:63763 "GET /session/3335633a676e267246f4ff667a37b67d/element/f.8DFEA679DAED39CD45071EA87AB94BA5.d.AD21A7EFE680A08E9DC5086BF9AAA602.e.4790/enabled HTTP/1.1" 200 0
DEBUG:selenium.webdriver.remote.remote_connection:Remote response: status=200 | data={"value":true} | headers=HTTPHeaderDict({'Content-Length': '14', 'Content-Type': 'application/json; charset=utf-8', 'cache-control': 'no-cache'})
DEBUG:selenium.webdriver.remote.remote_connection:Finished Request
DEBUG:selenium.webdriver.remote.remote_connection:POST http://localhost:63763/session/3335633a676e267246f4ff667a37b67d/execute/sync {'script': 'arguments[0].scrollIntoView(true);', 'args': [{'element-6066-11e4-a52e-4f735466cecf': 'f.8DFEA679DAED39CD45071EA87AB94BA5.d.AD21A7EFE680A08E9DC5086BF9AAA602.e.4790'}]}
DEBUG:urllib3.connectionpool:http://localhost:63763 "POST /session/3335633a676e267246f4ff667a37b67d/execute/sync HTTP/1.1" 200 0
DEBUG:selenium.webdriver.remote.remote_connection:Remote response: status=200 | data={"value":null} | headers=HTTPHeaderDict({'Content-Length': '14', 'Content-Type': 'application/json; charset=utf-8', 'cache-control': 'no-cache'})
DEBUG:selenium.webdriver.remote.remote_connection:Finished Request
DEBUG:selenium.webdriver.remote.remote_connection:POST http://localhost:63763/session/3335633a676e267246f4ff667a37b67d/element/f.8DFEA679DAED39CD45071EA87AB94BA5.d.AD21A7EFE680A08E9DC5086BF9AAA602.e.4790/click {}
DEBUG:urllib3.connectionpool:http://localhost:63763 "POST /session/3335633a676e267246f4ff667a37b67d/element/f.8DFEA679DAED39CD45071EA87AB94BA5.d.AD21A7EFE680A08E9DC5086BF9AAA602.e.4790/click HTTP/1.1" 200 0
DEBUG:selenium.webdriver.remote.remote_connection:Remote response: status=200 | data={"value":null} | headers=HTTPHeaderDict({'Content-Length': '14', 'Content-Type': 'application/json; charset=utf-8', 'cache-control': 'no-cache'})
DEBUG:selenium.webdriver.remote.remote_connection:Finished Request
DEBUG:selenium.webdriver.remote.remote_connection:POST http://localhost:63763/session/3335633a676e267246f4ff667a37b67d/element {'using': 'css selector', 'value': '.backToShop'}
DEBUG:urllib3.connectionpool:http://localhost:63763 "POST /session/3335633a676e267246f4ff667a37b67d/element HTTP/1.1" 200 0
DEBUG:selenium.webdriver.remote.remote_connection:Remote response: status=200 | data={"value":{"element-6066-11e4-a52e-4f735466cecf":"f.8DFEA679DAED39CD45071EA87AB94BA5.d.989D413A75A80F78601DB47C27E90A58.e.10110"}} | headers=HTTPHeaderDict({'Content-Length': '129', 'Content-Type': 'application/json; charset=utf-8', 'cache-control': 'no-cache'})
DEBUG:selenium.webdriver.remote.remote_connection:Finished Request
DEBUG:selenium.webdriver.remote.remote_connection:POST http://localhost:63763/session/3335633a676e267246f4ff667a37b67d/execute/sync {'script': '/* isDisplayed */return (function(){return (function(){var g=this||self;\nfunction aa(a){var b=typeof...', 'args': [{'element-6066-11e4-a52e-4f735466cecf': 'f.8DFEA679DAED39CD45071EA87AB94BA5.d.989D413A75A80F78601DB47C27E90A58.e.10110'}]}
DEBUG:urllib3.connectionpool:http://localhost:63763 "POST /session/3335633a676e267246f4ff667a37b67d/execute/sync HTTP/1.1" 200 0
DEBUG:selenium.webdriver.remote.remote_connection:Remote response: status=200 | data={"value":true} | headers=HTTPHeaderDict({'Content-Length': '14', 'Content-Type': 'application/json; charset=utf-8', 'cache-control': 'no-cache'})
DEBUG:selenium.webdriver.remote.remote_connection:Finished Request
DEBUG:selenium.webdriver.remote.remote_connection:GET http://localhost:63763/session/3335633a676e267246f4ff667a37b67d/element/f.8DFEA679DAED39CD45071EA87AB94BA5.d.989D413A75A80F78601DB47C27E90A58.e.10110/enabled {}
DEBUG:urllib3.connectionpool:http://localhost:63763 "GET /session/3335633a676e267246f4ff667a37b67d/element/f.8DFEA679DAED39CD45071EA87AB94BA5.d.989D413A75A80F78601DB47C27E90A58.e.10110/enabled HTTP/1.1" 200 0
DEBUG:selenium.webdriver.remote.remote_connection:Remote response: status=200 | data={"value":true} | headers=HTTPHeaderDict({'Content-Length': '14', 'Content-Type': 'application/json; charset=utf-8', 'cache-control': 'no-cache'})
DEBUG:selenium.webdriver.remote.remote_connection:Finished Request
DEBUG:selenium.webdriver.remote.remote_connection:POST http://localhost:63763/session/3335633a676e267246f4ff667a37b67d/element {'using': 'xpath', 'value': '//*[@id="globale_csc_popup"]/div/div/div/div/div[3]/input[1]'}
DEBUG:urllib3.connectionpool:http://localhost:63763 "POST /session/3335633a676e267246f4ff667a37b67d/element HTTP/1.1" 404 0
DEBUG:selenium.webdriver.remote.remote_connection:Remote response: status=404 | data={"value":{"error":"no such element","message":"no such element: Unable to locate element: {\"method\":\"xpath\",\"selector\":\"//*[@id=\"globale_csc_popup\"]/div/div/div/div/div[3]/input[1]\"}\n  (Session info: chrome=131.0.6778.205)","stacktrace":"0   chromedriver                        0x000000010154f184 cxxbridge1$str$ptr + 3626716\n1   chromedriver                        0x00000001015479d4 cxxbridge1$str$ptr + 3596076\n2   chromedriver                        0x0000000100fb4968 cxxbridge1$string$len + 89228\n3   chromedriver                        0x0000000100ff8d50 cxxbridge1$string$len + 368756\n4   chromedriver                        0x00000001010325b4 cxxbridge1$string$len + 604376\n5   chromedriver                        0x0000000100fed568 cxxbridge1$string$len + 321676\n6   chromedriver                        0x0000000100fee1b8 cxxbridge1$string$len + 324828\n7   chromedriver                        0x000000010151a9ac cxxbridge1$str$ptr + 3411716\n8   chromedriver                        0x000000010151dccc cxxbridge1$str$ptr + 3424804\n9   chromedriver                        0x000000010150186c cxxbridge1$str$ptr + 3308996\n10  chromedriver                        0x000000010151e58c cxxbridge1$str$ptr + 3427044\n11  chromedriver                        0x00000001014f309c cxxbridge1$str$ptr + 3249652\n12  chromedriver                        0x00000001015384b8 cxxbridge1$str$ptr + 3533328\n13  chromedriver                        0x0000000101538634 cxxbridge1$str$ptr + 3533708\n14  chromedriver                        0x0000000101547648 cxxbridge1$str$ptr + 3595168\n15  libsystem_pthread.dylib             0x000000018893ef94 _pthread_start + 136\n16  libsystem_pthread.dylib             0x0000000188939d34 thread_start + 8\n"}} | headers=HTTPHeaderDict({'Content-Length': '1754', 'Content-Type': 'application/json; charset=utf-8', 'cache-control': 'no-cache'})
DEBUG:selenium.webdriver.remote.remote_connection:Finished Request
DEBUG:selenium.webdriver.remote.remote_connection:POST http://localhost:63763/session/3335633a676e267246f4ff667a37b67d/element {'using': 'xpath', 'value': '//*[@id="globale_csc_popup"]/div/div/div/div/div[3]/input[1]'}
DEBUG:urllib3.connectionpool:http://localhost:63763 "POST /session/3335633a676e267246f4ff667a37b67d/element HTTP/1.1" 404 0
DEBUG:selenium.webdriver.remote.remote_connection:Remote response: status=404 | data={"value":{"error":"no such element","message":"no such element: Unable to locate element: {\"method\":\"xpath\",\"selector\":\"//*[@id=\"globale_csc_popup\"]/div/div/div/div/div[3]/input[1]\"}\n  (Session info: chrome=131.0.6778.205)","stacktrace":"0   chromedriver                        0x000000010154f184 cxxbridge1$str$ptr + 3626716\n1   chromedriver                        0x00000001015479d4 cxxbridge1$str$ptr + 3596076\n2   chromedriver                        0x0000000100fb4968 cxxbridge1$string$len + 89228\n3   chromedriver                        0x0000000100ff8d50 cxxbridge1$string$len + 368756\n4   chromedriver                        0x00000001010325b4 cxxbridge1$string$len + 604376\n5   chromedriver                        0x0000000100fed568 cxxbridge1$string$len + 321676\n6   chromedriver                        0x0000000100fee1b8 cxxbridge1$string$len + 324828\n7   chromedriver                        0x000000010151a9ac cxxbridge1$str$ptr + 3411716\n8   chromedriver                        0x000000010151dccc cxxbridge1$str$ptr + 3424804\n9   chromedriver                        0x000000010150186c cxxbridge1$str$ptr + 3308996\n10  chromedriver                        0x000000010151e58c cxxbridge1$str$ptr + 3427044\n11  chromedriver                        0x00000001014f309c cxxbridge1$str$ptr + 3249652\n12  chromedriver                        0x00000001015384b8 cxxbridge1$str$ptr + 3533328\n13  chromedriver                        0x0000000101538634 cxxbridge1$str$ptr + 3533708\n14  chromedriver                        0x0000000101547648 cxxbridge1$str$ptr + 3595168\n15  libsystem_pthread.dylib             0x000000018893ef94 _pthread_start + 136\n16  libsystem_pthread.dylib             0x0000000188939d34 thread_start + 8\n"}} | headers=HTTPHeaderDict({'Content-Length': '1754', 'Content-Type': 'application/json; charset=utf-8', 'cache-control': 'no-cache'})
DEBUG:selenium.webdriver.remote.remote_connection:Finished Request
DEBUG:selenium.webdriver.remote.remote_connection:POST http://localhost:63763/session/3335633a676e267246f4ff667a37b67d/element {'using': 'xpath', 'value': '//*[@id="globale_csc_popup"]/div/div/div/div/div[3]/input[1]'}
DEBUG:urllib3.connectionpool:http://localhost:63763 "POST /session/3335633a676e267246f4ff667a37b67d/element HTTP/1.1" 404 0
DEBUG:selenium.webdriver.remote.remote_connection:Remote response: status=404 | data={"value":{"error":"no such element","message":"no such element: Unable to locate element: {\"method\":\"xpath\",\"selector\":\"//*[@id=\"globale_csc_popup\"]/div/div/div/div/div[3]/input[1]\"}\n  (Session info: chrome=131.0.6778.205)","stacktrace":"0   chromedriver                        0x000000010154f184 cxxbridge1$str$ptr + 3626716\n1   chromedriver                        0x00000001015479d4 cxxbridge1$str$ptr + 3596076\n2   chromedriver                        0x0000000100fb4968 cxxbridge1$string$len + 89228\n3   chromedriver                        0x0000000100ff8d50 cxxbridge1$string$len + 368756\n4   chromedriver                        0x00000001010325b4 cxxbridge1$string$len + 604376\n5   chromedriver                        0x0000000100fed568 cxxbridge1$string$len + 321676\n6   chromedriver                        0x0000000100fee1b8 cxxbridge1$string$len + 324828\n7   chromedriver                        0x000000010151a9ac cxxbridge1$str$ptr + 3411716\n8   chromedriver                        0x000000010151dccc cxxbridge1$str$ptr + 3424804\n9   chromedriver                        0x000000010150186c cxxbridge1$str$ptr + 3308996\n10  chromedriver                        0x000000010151e58c cxxbridge1$str$ptr + 3427044\n11  chromedriver                        0x00000001014f309c cxxbridge1$str$ptr + 3249652\n12  chromedriver                        0x00000001015384b8 cxxbridge1$str$ptr + 3533328\n13  chromedriver                        0x0000000101538634 cxxbridge1$str$ptr + 3533708\n14  chromedriver                        0x0000000101547648 cxxbridge1$str$ptr + 3595168\n15  libsystem_pthread.dylib             0x000000018893ef94 _pthread_start + 136\n16  libsystem_pthread.dylib             0x0000000188939d34 thread_start + 8\n"}} | headers=HTTPHeaderDict({'Content-Length': '1754', 'Content-Type': 'application/json; charset=utf-8', 'cache-control': 'no-cache'})
DEBUG:selenium.webdriver.remote.remote_connection:Finished Request
DEBUG:selenium.webdriver.remote.remote_connection:POST http://localhost:63763/session/3335633a676e267246f4ff667a37b67d/element {'using': 'xpath', 'value': '//*[@id="globale_csc_popup"]/div/div/div/div/div[3]/input[1]'}
DEBUG:urllib3.connectionpool:http://localhost:63763 "POST /session/3335633a676e267246f4ff667a37b67d/element HTTP/1.1" 404 0
DEBUG:selenium.webdriver.remote.remote_connection:Remote response: status=404 | data={"value":{"error":"no such element","message":"no such element: Unable to locate element: {\"method\":\"xpath\",\"selector\":\"//*[@id=\"globale_csc_popup\"]/div/div/div/div/div[3]/input[1]\"}\n  (Session info: chrome=131.0.6778.205)","stacktrace":"0   chromedriver                        0x000000010154f184 cxxbridge1$str$ptr + 3626716\n1   chromedriver                        0x00000001015479d4 cxxbridge1$str$ptr + 3596076\n2   chromedriver                        0x0000000100fb4968 cxxbridge1$string$len + 89228\n3   chromedriver                        0x0000000100ff8d50 cxxbridge1$string$len + 368756\n4   chromedriver                        0x00000001010325b4 cxxbridge1$string$len + 604376\n5   chromedriver                        0x0000000100fed568 cxxbridge1$string$len + 321676\n6   chromedriver                        0x0000000100fee1b8 cxxbridge1$string$len + 324828\n7   chromedriver                        0x000000010151a9ac cxxbridge1$str$ptr + 3411716\n8   chromedriver                        0x000000010151dccc cxxbridge1$str$ptr + 3424804\n9   chromedriver                        0x000000010150186c cxxbridge1$str$ptr + 3308996\n10  chromedriver                        0x000000010151e58c cxxbridge1$str$ptr + 3427044\n11  chromedriver                        0x00000001014f309c cxxbridge1$str$ptr + 3249652\n12  chromedriver                        0x00000001015384b8 cxxbridge1$str$ptr + 3533328\n13  chromedriver                        0x0000000101538634 cxxbridge1$str$ptr + 3533708\n14  chromedriver                        0x0000000101547648 cxxbridge1$str$ptr + 3595168\n15  libsystem_pthread.dylib             0x000000018893ef94 _pthread_start + 136\n16  libsystem_pthread.dylib             0x0000000188939d34 thread_start + 8\n"}} | headers=HTTPHeaderDict({'Content-Length': '1754', 'Content-Type': 'application/json; charset=utf-8', 'cache-control': 'no-cache'})
DEBUG:selenium.webdriver.remote.remote_connection:Finished Request
DEBUG:selenium.webdriver.remote.remote_connection:POST http://localhost:63763/session/3335633a676e267246f4ff667a37b67d/element {'using': 'xpath', 'value': '//*[@id="globale_csc_popup"]/div/div/div/div/div[3]/input[1]'}
DEBUG:urllib3.connectionpool:http://localhost:63763 "POST /session/3335633a676e267246f4ff667a37b67d/element HTTP/1.1" 404 0
DEBUG:selenium.webdriver.remote.remote_connection:Remote response: status=404 | data={"value":{"error":"no such element","message":"no such element: Unable to locate element: {\"method\":\"xpath\",\"selector\":\"//*[@id=\"globale_csc_popup\"]/div/div/div/div/div[3]/input[1]\"}\n  (Session info: chrome=131.0.6778.205)","stacktrace":"0   chromedriver                        0x000000010154f184 cxxbridge1$str$ptr + 3626716\n1   chromedriver                        0x00000001015479d4 cxxbridge1$str$ptr + 3596076\n2   chromedriver                        0x0000000100fb4968 cxxbridge1$string$len + 89228\n3   chromedriver                        0x0000000100ff8d50 cxxbridge1$string$len + 368756\n4   chromedriver                        0x00000001010325b4 cxxbridge1$string$len + 604376\n5   chromedriver                        0x0000000100fed568 cxxbridge1$string$len + 321676\n6   chromedriver                        0x0000000100fee1b8 cxxbridge1$string$len + 324828\n7   chromedriver                        0x000000010151a9ac cxxbridge1$str$ptr + 3411716\n8   chromedriver                        0x000000010151dccc cxxbridge1$str$ptr + 3424804\n9   chromedriver                        0x000000010150186c cxxbridge1$str$ptr + 3308996\n10  chromedriver                        0x000000010151e58c cxxbridge1$str$ptr + 3427044\n11  chromedriver                        0x00000001014f309c cxxbridge1$str$ptr + 3249652\n12  chromedriver                        0x00000001015384b8 cxxbridge1$str$ptr + 3533328\n13  chromedriver                        0x0000000101538634 cxxbridge1$str$ptr + 3533708\n14  chromedriver                        0x0000000101547648 cxxbridge1$str$ptr + 3595168\n15  libsystem_pthread.dylib             0x000000018893ef94 _pthread_start + 136\n16  libsystem_pthread.dylib             0x0000000188939d34 thread_start + 8\n"}} | headers=HTTPHeaderDict({'Content-Length': '1754', 'Content-Type': 'application/json; charset=utf-8', 'cache-control': 'no-cache'})
DEBUG:selenium.webdriver.remote.remote_connection:Finished Request
DEBUG:selenium.webdriver.remote.remote_connection:POST http://localhost:63763/session/3335633a676e267246f4ff667a37b67d/element {'using': 'xpath', 'value': '//*[@id="globale_csc_popup"]/div/div/div/div/div[3]/input[1]'}
DEBUG:urllib3.connectionpool:http://localhost:63763 "POST /session/3335633a676e267246f4ff667a37b67d/element HTTP/1.1" 404 0
DEBUG:selenium.webdriver.remote.remote_connection:Remote response: status=404 | data={"value":{"error":"no such element","message":"no such element: Unable to locate element: {\"method\":\"xpath\",\"selector\":\"//*[@id=\"globale_csc_popup\"]/div/div/div/div/div[3]/input[1]\"}\n  (Session info: chrome=131.0.6778.205)","stacktrace":"0   chromedriver                        0x000000010154f184 cxxbridge1$str$ptr + 3626716\n1   chromedriver                        0x00000001015479d4 cxxbridge1$str$ptr + 3596076\n2   chromedriver                        0x0000000100fb4968 cxxbridge1$string$len + 89228\n3   chromedriver                        0x0000000100ff8d50 cxxbridge1$string$len + 368756\n4   chromedriver                        0x00000001010325b4 cxxbridge1$string$len + 604376\n5   chromedriver                        0x0000000100fed568 cxxbridge1$string$len + 321676\n6   chromedriver                        0x0000000100fee1b8 cxxbridge1$string$len + 324828\n7   chromedriver                        0x000000010151a9ac cxxbridge1$str$ptr + 3411716\n8   chromedriver                        0x000000010151dccc cxxbridge1$str$ptr + 3424804\n9   chromedriver                        0x000000010150186c cxxbridge1$str$ptr + 3308996\n10  chromedriver                        0x000000010151e58c cxxbridge1$str$ptr + 3427044\n11  chromedriver                        0x00000001014f309c cxxbridge1$str$ptr + 3249652\n12  chromedriver                        0x00000001015384b8 cxxbridge1$str$ptr + 3533328\n13  chromedriver                        0x0000000101538634 cxxbridge1$str$ptr + 3533708\n14  chromedriver                        0x0000000101547648 cxxbridge1$str$ptr + 3595168\n15  libsystem_pthread.dylib             0x000000018893ef94 _pthread_start + 136\n16  libsystem_pthread.dylib             0x0000000188939d34 thread_start + 8\n"}} | headers=HTTPHeaderDict({'Content-Length': '1754', 'Content-Type': 'application/json; charset=utf-8', 'cache-control': 'no-cache'})
DEBUG:selenium.webdriver.remote.remote_connection:Finished Request
DEBUG:selenium.webdriver.remote.remote_connection:POST http://localhost:63763/session/3335633a676e267246f4ff667a37b67d/element {'using': 'css selector', 'value': '.backToShop'}
DEBUG:urllib3.connectionpool:http://localhost:63763 "POST /session/3335633a676e267246f4ff667a37b67d/element HTTP/1.1" 200 0
DEBUG:selenium.webdriver.remote.remote_connection:Remote response: status=200 | data={"value":{"element-6066-11e4-a52e-4f735466cecf":"f.8DFEA679DAED39CD45071EA87AB94BA5.d.989D413A75A80F78601DB47C27E90A58.e.10110"}} | headers=HTTPHeaderDict({'Content-Length': '129', 'Content-Type': 'application/json; charset=utf-8', 'cache-control': 'no-cache'})
DEBUG:selenium.webdriver.remote.remote_connection:Finished Request
DEBUG:selenium.webdriver.remote.remote_connection:POST http://localhost:63763/session/3335633a676e267246f4ff667a37b67d/execute/sync {'script': '/* isDisplayed */return (function(){return (function(){var g=this||self;\nfunction aa(a){var b=typeof...', 'args': [{'element-6066-11e4-a52e-4f735466cecf': 'f.8DFEA679DAED39CD45071EA87AB94BA5.d.989D413A75A80F78601DB47C27E90A58.e.10110'}]}
DEBUG:urllib3.connectionpool:http://localhost:63763 "POST /session/3335633a676e267246f4ff667a37b67d/execute/sync HTTP/1.1" 200 0
DEBUG:selenium.webdriver.remote.remote_connection:Remote response: status=200 | data={"value":true} | headers=HTTPHeaderDict({'Content-Length': '14', 'Content-Type': 'application/json; charset=utf-8', 'cache-control': 'no-cache'})
DEBUG:selenium.webdriver.remote.remote_connection:Finished Request
DEBUG:selenium.webdriver.remote.remote_connection:GET http://localhost:63763/session/3335633a676e267246f4ff667a37b67d/element/f.8DFEA679DAED39CD45071EA87AB94BA5.d.989D413A75A80F78601DB47C27E90A58.e.10110/enabled {}
DEBUG:urllib3.connectionpool:http://localhost:63763 "GET /session/3335633a676e267246f4ff667a37b67d/element/f.8DFEA679DAED39CD45071EA87AB94BA5.d.989D413A75A80F78601DB47C27E90A58.e.10110/enabled HTTP/1.1" 200 0
DEBUG:selenium.webdriver.remote.remote_connection:Remote response: status=200 | data={"value":true} | headers=HTTPHeaderDict({'Content-Length': '14', 'Content-Type': 'application/json; charset=utf-8', 'cache-control': 'no-cache'})
DEBUG:selenium.webdriver.remote.remote_connection:Finished Request
DEBUG:selenium.webdriver.remote.remote_connection:POST http://localhost:63763/session/3335633a676e267246f4ff667a37b67d/element {'using': 'xpath', 'value': '//*[@id="globale_csc_popup"]/div/div/div/div/div[3]/input[1]'}
DEBUG:urllib3.connectionpool:http://localhost:63763 "POST /session/3335633a676e267246f4ff667a37b67d/element HTTP/1.1" 404 0
DEBUG:selenium.webdriver.remote.remote_connection:Remote response: status=404 | data={"value":{"error":"no such element","message":"no such element: Unable to locate element: {\"method\":\"xpath\",\"selector\":\"//*[@id=\"globale_csc_popup\"]/div/div/div/div/div[3]/input[1]\"}\n  (Session info: chrome=131.0.6778.205)","stacktrace":"0   chromedriver                        0x000000010154f184 cxxbridge1$str$ptr + 3626716\n1   chromedriver                        0x00000001015479d4 cxxbridge1$str$ptr + 3596076\n2   chromedriver                        0x0000000100fb4968 cxxbridge1$string$len + 89228\n3   chromedriver                        0x0000000100ff8d50 cxxbridge1$string$len + 368756\n4   chromedriver                        0x00000001010325b4 cxxbridge1$string$len + 604376\n5   chromedriver                        0x0000000100fed568 cxxbridge1$string$len + 321676\n6   chromedriver                        0x0000000100fee1b8 cxxbridge1$string$len + 324828\n7   chromedriver                        0x000000010151a9ac cxxbridge1$str$ptr + 3411716\n8   chromedriver                        0x000000010151dccc cxxbridge1$str$ptr + 3424804\n9   chromedriver                        0x000000010150186c cxxbridge1$str$ptr + 3308996\n10  chromedriver                        0x000000010151e58c cxxbridge1$str$ptr + 3427044\n11  chromedriver                        0x00000001014f309c cxxbridge1$str$ptr + 3249652\n12  chromedriver                        0x00000001015384b8 cxxbridge1$str$ptr + 3533328\n13  chromedriver                        0x0000000101538634 cxxbridge1$str$ptr + 3533708\n14  chromedriver                        0x0000000101547648 cxxbridge1$str$ptr + 3595168\n15  libsystem_pthread.dylib             0x000000018893ef94 _pthread_start + 136\n16  libsystem_pthread.dylib             0x0000000188939d34 thread_start + 8\n"}} | headers=HTTPHeaderDict({'Content-Length': '1754', 'Content-Type': 'application/json; charset=utf-8', 'cache-control': 'no-cache'})
DEBUG:selenium.webdriver.remote.remote_connection:Finished Request
DEBUG:selenium.webdriver.remote.remote_connection:POST http://localhost:63763/session/3335633a676e267246f4ff667a37b67d/element {'using': 'xpath', 'value': '//*[@id="globale_csc_popup"]/div/div/div/div/div[3]/input[1]'}
DEBUG:urllib3.connectionpool:http://localhost:63763 "POST /session/3335633a676e267246f4ff667a37b67d/element HTTP/1.1" 404 0
DEBUG:selenium.webdriver.remote.remote_connection:Remote response: status=404 | data={"value":{"error":"no such element","message":"no such element: Unable to locate element: {\"method\":\"xpath\",\"selector\":\"//*[@id=\"globale_csc_popup\"]/div/div/div/div/div[3]/input[1]\"}\n  (Session info: chrome=131.0.6778.205)","stacktrace":"0   chromedriver                        0x000000010154f184 cxxbridge1$str$ptr + 3626716\n1   chromedriver                        0x00000001015479d4 cxxbridge1$str$ptr + 3596076\n2   chromedriver                        0x0000000100fb4968 cxxbridge1$string$len + 89228\n3   chromedriver                        0x0000000100ff8d50 cxxbridge1$string$len + 368756\n4   chromedriver                        0x00000001010325b4 cxxbridge1$string$len + 604376\n5   chromedriver                        0x0000000100fed568 cxxbridge1$string$len + 321676\n6   chromedriver                        0x0000000100fee1b8 cxxbridge1$string$len + 324828\n7   chromedriver                        0x000000010151a9ac cxxbridge1$str$ptr + 3411716\n8   chromedriver                        0x000000010151dccc cxxbridge1$str$ptr + 3424804\n9   chromedriver                        0x000000010150186c cxxbridge1$str$ptr + 3308996\n10  chromedriver                        0x000000010151e58c cxxbridge1$str$ptr + 3427044\n11  chromedriver                        0x00000001014f309c cxxbridge1$str$ptr + 3249652\n12  chromedriver                        0x00000001015384b8 cxxbridge1$str$ptr + 3533328\n13  chromedriver                        0x0000000101538634 cxxbridge1$str$ptr + 3533708\n14  chromedriver                        0x0000000101547648 cxxbridge1$str$ptr + 3595168\n15  libsystem_pthread.dylib             0x000000018893ef94 _pthread_start + 136\n16  libsystem_pthread.dylib             0x0000000188939d34 thread_start + 8\n"}} | headers=HTTPHeaderDict({'Content-Length': '1754', 'Content-Type': 'application/json; charset=utf-8', 'cache-control': 'no-cache'})
DEBUG:selenium.webdriver.remote.remote_connection:Finished Request
DEBUG:selenium.webdriver.remote.remote_connection:POST http://localhost:63763/session/3335633a676e267246f4ff667a37b67d/element {'using': 'xpath', 'value': '//*[@id="globale_csc_popup"]/div/div/div/div/div[3]/input[1]'}
DEBUG:urllib3.connectionpool:http://localhost:63763 "POST /session/3335633a676e267246f4ff667a37b67d/element HTTP/1.1" 404 0
DEBUG:selenium.webdriver.remote.remote_connection:Remote response: status=404 | data={"value":{"error":"no such element","message":"no such element: Unable to locate element: {\"method\":\"xpath\",\"selector\":\"//*[@id=\"globale_csc_popup\"]/div/div/div/div/div[3]/input[1]\"}\n  (Session info: chrome=131.0.6778.205)","stacktrace":"0   chromedriver                        0x000000010154f184 cxxbridge1$str$ptr + 3626716\n1   chromedriver                        0x00000001015479d4 cxxbridge1$str$ptr + 3596076\n2   chromedriver                        0x0000000100fb4968 cxxbridge1$string$len + 89228\n3   chromedriver                        0x0000000100ff8d50 cxxbridge1$string$len + 368756\n4   chromedriver                        0x00000001010325b4 cxxbridge1$string$len + 604376\n5   chromedriver                        0x0000000100fed568 cxxbridge1$string$len + 321676\n6   chromedriver                        0x0000000100fee1b8 cxxbridge1$string$len + 324828\n7   chromedriver                        0x000000010151a9ac cxxbridge1$str$ptr + 3411716\n8   chromedriver                        0x000000010151dccc cxxbridge1$str$ptr + 3424804\n9   chromedriver                        0x000000010150186c cxxbridge1$str$ptr + 3308996\n10  chromedriver                        0x000000010151e58c cxxbridge1$str$ptr + 3427044\n11  chromedriver                        0x00000001014f309c cxxbridge1$str$ptr + 3249652\n12  chromedriver                        0x00000001015384b8 cxxbridge1$str$ptr + 3533328\n13  chromedriver                        0x0000000101538634 cxxbridge1$str$ptr + 3533708\n14  chromedriver                        0x0000000101547648 cxxbridge1$str$ptr + 3595168\n15  libsystem_pthread.dylib             0x000000018893ef94 _pthread_start + 136\n16  libsystem_pthread.dylib             0x0000000188939d34 thread_start + 8\n"}} | headers=HTTPHeaderDict({'Content-Length': '1754', 'Content-Type': 'application/json; charset=utf-8', 'cache-control': 'no-cache'})
DEBUG:selenium.webdriver.remote.remote_connection:Finished Request
DEBUG:selenium.webdriver.remote.remote_connection:POST http://localhost:63763/session/3335633a676e267246f4ff667a37b67d/element {'using': 'xpath', 'value': '//*[@id="globale_csc_popup"]/div/div/div/div/div[3]/input[1]'}
DEBUG:urllib3.connectionpool:http://localhost:63763 "POST /session/3335633a676e267246f4ff667a37b67d/element HTTP/1.1" 404 0
DEBUG:selenium.webdriver.remote.remote_connection:Remote response: status=404 | data={"value":{"error":"no such element","message":"no such element: Unable to locate element: {\"method\":\"xpath\",\"selector\":\"//*[@id=\"globale_csc_popup\"]/div/div/div/div/div[3]/input[1]\"}\n  (Session info: chrome=131.0.6778.205)","stacktrace":"0   chromedriver                        0x000000010154f184 cxxbridge1$str$ptr + 3626716\n1   chromedriver                        0x00000001015479d4 cxxbridge1$str$ptr + 3596076\n2   chromedriver                        0x0000000100fb4968 cxxbridge1$string$len + 89228\n3   chromedriver                        0x0000000100ff8d50 cxxbridge1$string$len + 368756\n4   chromedriver                        0x00000001010325b4 cxxbridge1$string$len + 604376\n5   chromedriver                        0x0000000100fed568 cxxbridge1$string$len + 321676\n6   chromedriver                        0x0000000100fee1b8 cxxbridge1$string$len + 324828\n7   chromedriver                        0x000000010151a9ac cxxbridge1$str$ptr + 3411716\n8   chromedriver                        0x000000010151dccc cxxbridge1$str$ptr + 3424804\n9   chromedriver                        0x000000010150186c cxxbridge1$str$ptr + 3308996\n10  chromedriver                        0x000000010151e58c cxxbridge1$str$ptr + 3427044\n11  chromedriver                        0x00000001014f309c cxxbridge1$str$ptr + 3249652\n12  chromedriver                        0x00000001015384b8 cxxbridge1$str$ptr + 3533328\n13  chromedriver                        0x0000000101538634 cxxbridge1$str$ptr + 3533708\n14  chromedriver                        0x0000000101547648 cxxbridge1$str$ptr + 3595168\n15  libsystem_pthread.dylib             0x000000018893ef94 _pthread_start + 136\n16  libsystem_pthread.dylib             0x0000000188939d34 thread_start + 8\n"}} | headers=HTTPHeaderDict({'Content-Length': '1754', 'Content-Type': 'application/json; charset=utf-8', 'cache-control': 'no-cache'})
DEBUG:selenium.webdriver.remote.remote_connection:Finished Request
DEBUG:selenium.webdriver.remote.remote_connection:POST http://localhost:63763/session/3335633a676e267246f4ff667a37b67d/element {'using': 'xpath', 'value': '//*[@id="globale_csc_popup"]/div/div/div/div/div[3]/input[1]'}
DEBUG:urllib3.connectionpool:http://localhost:63763 "POST /session/3335633a676e267246f4ff667a37b67d/element HTTP/1.1" 404 0
DEBUG:selenium.webdriver.remote.remote_connection:Remote response: status=404 | data={"value":{"error":"no such element","message":"no such element: Unable to locate element: {\"method\":\"xpath\",\"selector\":\"//*[@id=\"globale_csc_popup\"]/div/div/div/div/div[3]/input[1]\"}\n  (Session info: chrome=131.0.6778.205)","stacktrace":"0   chromedriver                        0x000000010154f184 cxxbridge1$str$ptr + 3626716\n1   chromedriver                        0x00000001015479d4 cxxbridge1$str$ptr + 3596076\n2   chromedriver                        0x0000000100fb4968 cxxbridge1$string$len + 89228\n3   chromedriver                        0x0000000100ff8d50 cxxbridge1$string$len + 368756\n4   chromedriver                        0x00000001010325b4 cxxbridge1$string$len + 604376\n5   chromedriver                        0x0000000100fed568 cxxbridge1$string$len + 321676\n6   chromedriver                        0x0000000100fee1b8 cxxbridge1$string$len + 324828\n7   chromedriver                        0x000000010151a9ac cxxbridge1$str$ptr + 3411716\n8   chromedriver                        0x000000010151dccc cxxbridge1$str$ptr + 3424804\n9   chromedriver                        0x000000010150186c cxxbridge1$str$ptr + 3308996\n10  chromedriver                        0x000000010151e58c cxxbridge1$str$ptr + 3427044\n11  chromedriver                        0x00000001014f309c cxxbridge1$str$ptr + 3249652\n12  chromedriver                        0x00000001015384b8 cxxbridge1$str$ptr + 3533328\n13  chromedriver                        0x0000000101538634 cxxbridge1$str$ptr + 3533708\n14  chromedriver                        0x0000000101547648 cxxbridge1$str$ptr + 3595168\n15  libsystem_pthread.dylib             0x000000018893ef94 _pthread_start + 136\n16  libsystem_pthread.dylib             0x0000000188939d34 thread_start + 8\n"}} | headers=HTTPHeaderDict({'Content-Length': '1754', 'Content-Type': 'application/json; charset=utf-8', 'cache-control': 'no-cache'})
DEBUG:selenium.webdriver.remote.remote_connection:Finished Request
DEBUG:selenium.webdriver.remote.remote_connection:POST http://localhost:63763/session/3335633a676e267246f4ff667a37b67d/element {'using': 'xpath', 'value': '//*[@id="globale_csc_popup"]/div/div/div/div/div[3]/input[1]'}
DEBUG:urllib3.connectionpool:http://localhost:63763 "POST /session/3335633a676e267246f4ff667a37b67d/element HTTP/1.1" 404 0
DEBUG:selenium.webdriver.remote.remote_connection:Remote response: status=404 | data={"value":{"error":"no such element","message":"no such element: Unable to locate element: {\"method\":\"xpath\",\"selector\":\"//*[@id=\"globale_csc_popup\"]/div/div/div/div/div[3]/input[1]\"}\n  (Session info: chrome=131.0.6778.205)","stacktrace":"0   chromedriver                        0x000000010154f184 cxxbridge1$str$ptr + 3626716\n1   chromedriver                        0x00000001015479d4 cxxbridge1$str$ptr + 3596076\n2   chromedriver                        0x0000000100fb4968 cxxbridge1$string$len + 89228\n3   chromedriver                        0x0000000100ff8d50 cxxbridge1$string$len + 368756\n4   chromedriver                        0x00000001010325b4 cxxbridge1$string$len + 604376\n5   chromedriver                        0x0000000100fed568 cxxbridge1$string$len + 321676\n6   chromedriver                        0x0000000100fee1b8 cxxbridge1$string$len + 324828\n7   chromedriver                        0x000000010151a9ac cxxbridge1$str$ptr + 3411716\n8   chromedriver                        0x000000010151dccc cxxbridge1$str$ptr + 3424804\n9   chromedriver                        0x000000010150186c cxxbridge1$str$ptr + 3308996\n10  chromedriver                        0x000000010151e58c cxxbridge1$str$ptr + 3427044\n11  chromedriver                        0x00000001014f309c cxxbridge1$str$ptr + 3249652\n12  chromedriver                        0x00000001015384b8 cxxbridge1$str$ptr + 3533328\n13  chromedriver                        0x0000000101538634 cxxbridge1$str$ptr + 3533708\n14  chromedriver                        0x0000000101547648 cxxbridge1$str$ptr + 3595168\n15  libsystem_pthread.dylib             0x000000018893ef94 _pthread_start + 136\n16  libsystem_pthread.dylib             0x0000000188939d34 thread_start + 8\n"}} | headers=HTTPHeaderDict({'Content-Length': '1754', 'Content-Type': 'application/json; charset=utf-8', 'cache-control': 'no-cache'})
DEBUG:selenium.webdriver.remote.remote_connection:Finished Request
DEBUG:selenium.webdriver.remote.remote_connection:POST http://localhost:63763/session/3335633a676e267246f4ff667a37b67d/element {'using': 'css selector', 'value': '.backToShop'}
DEBUG:urllib3.connectionpool:http://localhost:63763 "POST /session/3335633a676e267246f4ff667a37b67d/element HTTP/1.1" 200 0
DEBUG:selenium.webdriver.remote.remote_connection:Remote response: status=200 | data={"value":{"element-6066-11e4-a52e-4f735466cecf":"f.8DFEA679DAED39CD45071EA87AB94BA5.d.989D413A75A80F78601DB47C27E90A58.e.10110"}} | headers=HTTPHeaderDict({'Content-Length': '129', 'Content-Type': 'application/json; charset=utf-8', 'cache-control': 'no-cache'})
DEBUG:selenium.webdriver.remote.remote_connection:Finished Request
DEBUG:selenium.webdriver.remote.remote_connection:POST http://localhost:63763/session/3335633a676e267246f4ff667a37b67d/execute/sync {'script': '/* isDisplayed */return (function(){return (function(){var g=this||self;\nfunction aa(a){var b=typeof...', 'args': [{'element-6066-11e4-a52e-4f735466cecf': 'f.8DFEA679DAED39CD45071EA87AB94BA5.d.989D413A75A80F78601DB47C27E90A58.e.10110'}]}
DEBUG:urllib3.connectionpool:http://localhost:63763 "POST /session/3335633a676e267246f4ff667a37b67d/execute/sync HTTP/1.1" 200 0
DEBUG:selenium.webdriver.remote.remote_connection:Remote response: status=200 | data={"value":true} | headers=HTTPHeaderDict({'Content-Length': '14', 'Content-Type': 'application/json; charset=utf-8', 'cache-control': 'no-cache'})
DEBUG:selenium.webdriver.remote.remote_connection:Finished Request
DEBUG:selenium.webdriver.remote.remote_connection:GET http://localhost:63763/session/3335633a676e267246f4ff667a37b67d/element/f.8DFEA679DAED39CD45071EA87AB94BA5.d.989D413A75A80F78601DB47C27E90A58.e.10110/enabled {}
DEBUG:urllib3.connectionpool:http://localhost:63763 "GET /session/3335633a676e267246f4ff667a37b67d/element/f.8DFEA679DAED39CD45071EA87AB94BA5.d.989D413A75A80F78601DB47C27E90A58.e.10110/enabled HTTP/1.1" 200 0
DEBUG:selenium.webdriver.remote.remote_connection:Remote response: status=200 | data={"value":true} | headers=HTTPHeaderDict({'Content-Length': '14', 'Content-Type': 'application/json; charset=utf-8', 'cache-control': 'no-cache'})
DEBUG:selenium.webdriver.remote.remote_connection:Finished Request
DEBUG:selenium.webdriver.remote.remote_connection:POST http://localhost:63763/session/3335633a676e267246f4ff667a37b67d/element {'using': 'xpath', 'value': '//*[@id="globale_csc_popup"]/div/div/div/div/div[3]/input[1]'}
DEBUG:urllib3.connectionpool:http://localhost:63763 "POST /session/3335633a676e267246f4ff667a37b67d/element HTTP/1.1" 404 0
DEBUG:selenium.webdriver.remote.remote_connection:Remote response: status=404 | data={"value":{"error":"no such element","message":"no such element: Unable to locate element: {\"method\":\"xpath\",\"selector\":\"//*[@id=\"globale_csc_popup\"]/div/div/div/div/div[3]/input[1]\"}\n  (Session info: chrome=131.0.6778.205)","stacktrace":"0   chromedriver                        0x000000010154f184 cxxbridge1$str$ptr + 3626716\n1   chromedriver                        0x00000001015479d4 cxxbridge1$str$ptr + 3596076\n2   chromedriver                        0x0000000100fb4968 cxxbridge1$string$len + 89228\n3   chromedriver                        0x0000000100ff8d50 cxxbridge1$string$len + 368756\n4   chromedriver                        0x00000001010325b4 cxxbridge1$string$len + 604376\n5   chromedriver                        0x0000000100fed568 cxxbridge1$string$len + 321676\n6   chromedriver                        0x0000000100fee1b8 cxxbridge1$string$len + 324828\n7   chromedriver                        0x000000010151a9ac cxxbridge1$str$ptr + 3411716\n8   chromedriver                        0x000000010151dccc cxxbridge1$str$ptr + 3424804\n9   chromedriver                        0x000000010150186c cxxbridge1$str$ptr + 3308996\n10  chromedriver                        0x000000010151e58c cxxbridge1$str$ptr + 3427044\n11  chromedriver                        0x00000001014f309c cxxbridge1$str$ptr + 3249652\n12  chromedriver                        0x00000001015384b8 cxxbridge1$str$ptr + 3533328\n13  chromedriver                        0x0000000101538634 cxxbridge1$str$ptr + 3533708\n14  chromedriver                        0x0000000101547648 cxxbridge1$str$ptr + 3595168\n15  libsystem_pthread.dylib             0x000000018893ef94 _pthread_start + 136\n16  libsystem_pthread.dylib             0x0000000188939d34 thread_start + 8\n"}} | headers=HTTPHeaderDict({'Content-Length': '1754', 'Content-Type': 'application/json; charset=utf-8', 'cache-control': 'no-cache'})
DEBUG:selenium.webdriver.remote.remote_connection:Finished Request
DEBUG:selenium.webdriver.remote.remote_connection:POST http://localhost:63763/session/3335633a676e267246f4ff667a37b67d/element {'using': 'xpath', 'value': '//*[@id="globale_csc_popup"]/div/div/div/div/div[3]/input[1]'}
DEBUG:urllib3.connectionpool:http://localhost:63763 "POST /session/3335633a676e267246f4ff667a37b67d/element HTTP/1.1" 404 0
DEBUG:selenium.webdriver.remote.remote_connection:Remote response: status=404 | data={"value":{"error":"no such element","message":"no such element: Unable to locate element: {\"method\":\"xpath\",\"selector\":\"//*[@id=\"globale_csc_popup\"]/div/div/div/div/div[3]/input[1]\"}\n  (Session info: chrome=131.0.6778.205)","stacktrace":"0   chromedriver                        0x000000010154f184 cxxbridge1$str$ptr + 3626716\n1   chromedriver                        0x00000001015479d4 cxxbridge1$str$ptr + 3596076\n2   chromedriver                        0x0000000100fb4968 cxxbridge1$string$len + 89228\n3   chromedriver                        0x0000000100ff8d50 cxxbridge1$string$len + 368756\n4   chromedriver                        0x00000001010325b4 cxxbridge1$string$len + 604376\n5   chromedriver                        0x0000000100fed568 cxxbridge1$string$len + 321676\n6   chromedriver                        0x0000000100fee1b8 cxxbridge1$string$len + 324828\n7   chromedriver                        0x000000010151a9ac cxxbridge1$str$ptr + 3411716\n8   chromedriver                        0x000000010151dccc cxxbridge1$str$ptr + 3424804\n9   chromedriver                        0x000000010150186c cxxbridge1$str$ptr + 3308996\n10  chromedriver                        0x000000010151e58c cxxbridge1$str$ptr + 3427044\n11  chromedriver                        0x00000001014f309c cxxbridge1$str$ptr + 3249652\n12  chromedriver                        0x00000001015384b8 cxxbridge1$str$ptr + 3533328\n13  chromedriver                        0x0000000101538634 cxxbridge1$str$ptr + 3533708\n14  chromedriver                        0x0000000101547648 cxxbridge1$str$ptr + 3595168\n15  libsystem_pthread.dylib             0x000000018893ef94 _pthread_start + 136\n16  libsystem_pthread.dylib             0x0000000188939d34 thread_start + 8\n"}} | headers=HTTPHeaderDict({'Content-Length': '1754', 'Content-Type': 'application/json; charset=utf-8', 'cache-control': 'no-cache'})
DEBUG:selenium.webdriver.remote.remote_connection:Finished Request
DEBUG:selenium.webdriver.remote.remote_connection:POST http://localhost:63763/session/3335633a676e267246f4ff667a37b67d/element {'using': 'xpath', 'value': '//*[@id="globale_csc_popup"]/div/div/div/div/div[3]/input[1]'}
DEBUG:urllib3.connectionpool:http://localhost:63763 "POST /session/3335633a676e267246f4ff667a37b67d/element HTTP/1.1" 404 0
DEBUG:selenium.webdriver.remote.remote_connection:Remote response: status=404 | data={"value":{"error":"no such element","message":"no such element: Unable to locate element: {\"method\":\"xpath\",\"selector\":\"//*[@id=\"globale_csc_popup\"]/div/div/div/div/div[3]/input[1]\"}\n  (Session info: chrome=131.0.6778.205)","stacktrace":"0   chromedriver                        0x000000010154f184 cxxbridge1$str$ptr + 3626716\n1   chromedriver                        0x00000001015479d4 cxxbridge1$str$ptr + 3596076\n2   chromedriver                        0x0000000100fb4968 cxxbridge1$string$len + 89228\n3   chromedriver                        0x0000000100ff8d50 cxxbridge1$string$len + 368756\n4   chromedriver                        0x00000001010325b4 cxxbridge1$string$len + 604376\n5   chromedriver                        0x0000000100fed568 cxxbridge1$string$len + 321676\n6   chromedriver                        0x0000000100fee1b8 cxxbridge1$string$len + 324828\n7   chromedriver                        0x000000010151a9ac cxxbridge1$str$ptr + 3411716\n8   chromedriver                        0x000000010151dccc cxxbridge1$str$ptr + 3424804\n9   chromedriver                        0x000000010150186c cxxbridge1$str$ptr + 3308996\n10  chromedriver                        0x000000010151e58c cxxbridge1$str$ptr + 3427044\n11  chromedriver                        0x00000001014f309c cxxbridge1$str$ptr + 3249652\n12  chromedriver                        0x00000001015384b8 cxxbridge1$str$ptr + 3533328\n13  chromedriver                        0x0000000101538634 cxxbridge1$str$ptr + 3533708\n14  chromedriver                        0x0000000101547648 cxxbridge1$str$ptr + 3595168\n15  libsystem_pthread.dylib             0x000000018893ef94 _pthread_start + 136\n16  libsystem_pthread.dylib             0x0000000188939d34 thread_start + 8\n"}} | headers=HTTPHeaderDict({'Content-Length': '1754', 'Content-Type': 'application/json; charset=utf-8', 'cache-control': 'no-cache'})
DEBUG:selenium.webdriver.remote.remote_connection:Finished Request
DEBUG:selenium.webdriver.remote.remote_connection:POST http://localhost:63763/session/3335633a676e267246f4ff667a37b67d/element {'using': 'xpath', 'value': '//*[@id="globale_csc_popup"]/div/div/div/div/div[3]/input[1]'}
DEBUG:urllib3.connectionpool:http://localhost:63763 "POST /session/3335633a676e267246f4ff667a37b67d/element HTTP/1.1" 404 0
DEBUG:selenium.webdriver.remote.remote_connection:Remote response: status=404 | data={"value":{"error":"no such element","message":"no such element: Unable to locate element: {\"method\":\"xpath\",\"selector\":\"//*[@id=\"globale_csc_popup\"]/div/div/div/div/div[3]/input[1]\"}\n  (Session info: chrome=131.0.6778.205)","stacktrace":"0   chromedriver                        0x000000010154f184 cxxbridge1$str$ptr + 3626716\n1   chromedriver                        0x00000001015479d4 cxxbridge1$str$ptr + 3596076\n2   chromedriver                        0x0000000100fb4968 cxxbridge1$string$len + 89228\n3   chromedriver                        0x0000000100ff8d50 cxxbridge1$string$len + 368756\n4   chromedriver                        0x00000001010325b4 cxxbridge1$string$len + 604376\n5   chromedriver                        0x0000000100fed568 cxxbridge1$string$len + 321676\n6   chromedriver                        0x0000000100fee1b8 cxxbridge1$string$len + 324828\n7   chromedriver                        0x000000010151a9ac cxxbridge1$str$ptr + 3411716\n8   chromedriver                        0x000000010151dccc cxxbridge1$str$ptr + 3424804\n9   chromedriver                        0x000000010150186c cxxbridge1$str$ptr + 3308996\n10  chromedriver                        0x000000010151e58c cxxbridge1$str$ptr + 3427044\n11  chromedriver                        0x00000001014f309c cxxbridge1$str$ptr + 3249652\n12  chromedriver                        0x00000001015384b8 cxxbridge1$str$ptr + 3533328\n13  chromedriver                        0x0000000101538634 cxxbridge1$str$ptr + 3533708\n14  chromedriver                        0x0000000101547648 cxxbridge1$str$ptr + 3595168\n15  libsystem_pthread.dylib             0x000000018893ef94 _pthread_start + 136\n16  libsystem_pthread.dylib             0x0000000188939d34 thread_start + 8\n"}} | headers=HTTPHeaderDict({'Content-Length': '1754', 'Content-Type': 'application/json; charset=utf-8', 'cache-control': 'no-cache'})
DEBUG:selenium.webdriver.remote.remote_connection:Finished Request
DEBUG:selenium.webdriver.remote.remote_connection:POST http://localhost:63763/session/3335633a676e267246f4ff667a37b67d/element {'using': 'xpath', 'value': '//*[@id="globale_csc_popup"]/div/div/div/div/div[3]/input[1]'}
DEBUG:urllib3.connectionpool:http://localhost:63763 "POST /session/3335633a676e267246f4ff667a37b67d/element HTTP/1.1" 404 0
DEBUG:selenium.webdriver.remote.remote_connection:Remote response: status=404 | data={"value":{"error":"no such element","message":"no such element: Unable to locate element: {\"method\":\"xpath\",\"selector\":\"//*[@id=\"globale_csc_popup\"]/div/div/div/div/div[3]/input[1]\"}\n  (Session info: chrome=131.0.6778.205)","stacktrace":"0   chromedriver                        0x000000010154f184 cxxbridge1$str$ptr + 3626716\n1   chromedriver                        0x00000001015479d4 cxxbridge1$str$ptr + 3596076\n2   chromedriver                        0x0000000100fb4968 cxxbridge1$string$len + 89228\n3   chromedriver                        0x0000000100ff8d50 cxxbridge1$string$len + 368756\n4   chromedriver                        0x00000001010325b4 cxxbridge1$string$len + 604376\n5   chromedriver                        0x0000000100fed568 cxxbridge1$string$len + 321676\n6   chromedriver                        0x0000000100fee1b8 cxxbridge1$string$len + 324828\n7   chromedriver                        0x000000010151a9ac cxxbridge1$str$ptr + 3411716\n8   chromedriver                        0x000000010151dccc cxxbridge1$str$ptr + 3424804\n9   chromedriver                        0x000000010150186c cxxbridge1$str$ptr + 3308996\n10  chromedriver                        0x000000010151e58c cxxbridge1$str$ptr + 3427044\n11  chromedriver                        0x00000001014f309c cxxbridge1$str$ptr + 3249652\n12  chromedriver                        0x00000001015384b8 cxxbridge1$str$ptr + 3533328\n13  chromedriver                        0x0000000101538634 cxxbridge1$str$ptr + 3533708\n14  chromedriver                        0x0000000101547648 cxxbridge1$str$ptr + 3595168\n15  libsystem_pthread.dylib             0x000000018893ef94 _pthread_start + 136\n16  libsystem_pthread.dylib             0x0000000188939d34 thread_start + 8\n"}} | headers=HTTPHeaderDict({'Content-Length': '1754', 'Content-Type': 'application/json; charset=utf-8', 'cache-control': 'no-cache'})
DEBUG:selenium.webdriver.remote.remote_connection:Finished Request
DEBUG:selenium.webdriver.remote.remote_connection:POST http://localhost:63763/session/3335633a676e267246f4ff667a37b67d/element {'using': 'xpath', 'value': '//*[@id="globale_csc_popup"]/div/div/div/div/div[3]/input[1]'}
DEBUG:urllib3.connectionpool:http://localhost:63763 "POST /session/3335633a676e267246f4ff667a37b67d/element HTTP/1.1" 404 0
DEBUG:selenium.webdriver.remote.remote_connection:Remote response: status=404 | data={"value":{"error":"no such element","message":"no such element: Unable to locate element: {\"method\":\"xpath\",\"selector\":\"//*[@id=\"globale_csc_popup\"]/div/div/div/div/div[3]/input[1]\"}\n  (Session info: chrome=131.0.6778.205)","stacktrace":"0   chromedriver                        0x000000010154f184 cxxbridge1$str$ptr + 3626716\n1   chromedriver                        0x00000001015479d4 cxxbridge1$str$ptr + 3596076\n2   chromedriver                        0x0000000100fb4968 cxxbridge1$string$len + 89228\n3   chromedriver                        0x0000000100ff8d50 cxxbridge1$string$len + 368756\n4   chromedriver                        0x00000001010325b4 cxxbridge1$string$len + 604376\n5   chromedriver                        0x0000000100fed568 cxxbridge1$string$len + 321676\n6   chromedriver                        0x0000000100fee1b8 cxxbridge1$string$len + 324828\n7   chromedriver                        0x000000010151a9ac cxxbridge1$str$ptr + 3411716\n8   chromedriver                        0x000000010151dccc cxxbridge1$str$ptr + 3424804\n9   chromedriver                        0x000000010150186c cxxbridge1$str$ptr + 3308996\n10  chromedriver                        0x000000010151e58c cxxbridge1$str$ptr + 3427044\n11  chromedriver                        0x00000001014f309c cxxbridge1$str$ptr + 3249652\n12  chromedriver                        0x00000001015384b8 cxxbridge1$str$ptr + 3533328\n13  chromedriver                        0x0000000101538634 cxxbridge1$str$ptr + 3533708\n14  chromedriver                        0x0000000101547648 cxxbridge1$str$ptr + 3595168\n15  libsystem_pthread.dylib             0x000000018893ef94 _pthread_start + 136\n16  libsystem_pthread.dylib             0x0000000188939d34 thread_start + 8\n"}} | headers=HTTPHeaderDict({'Content-Length': '1754', 'Content-Type': 'application/json; charset=utf-8', 'cache-control': 'no-cache'})
DEBUG:selenium.webdriver.remote.remote_connection:Finished Request
DEBUG:selenium.webdriver.remote.remote_connection:POST http://localhost:63763/session/3335633a676e267246f4ff667a37b67d/element {'using': 'css selector', 'value': '.backToShop'}
DEBUG:urllib3.connectionpool:http://localhost:63763 "POST /session/3335633a676e267246f4ff667a37b67d/element HTTP/1.1" 200 0
DEBUG:selenium.webdriver.remote.remote_connection:Remote response: status=200 | data={"value":{"element-6066-11e4-a52e-4f735466cecf":"f.8DFEA679DAED39CD45071EA87AB94BA5.d.989D413A75A80F78601DB47C27E90A58.e.10110"}} | headers=HTTPHeaderDict({'Content-Length': '129', 'Content-Type': 'application/json; charset=utf-8', 'cache-control': 'no-cache'})
DEBUG:selenium.webdriver.remote.remote_connection:Finished Request
DEBUG:selenium.webdriver.remote.remote_connection:POST http://localhost:63763/session/3335633a676e267246f4ff667a37b67d/execute/sync {'script': '/* isDisplayed */return (function(){return (function(){var g=this||self;\nfunction aa(a){var b=typeof...', 'args': [{'element-6066-11e4-a52e-4f735466cecf': 'f.8DFEA679DAED39CD45071EA87AB94BA5.d.989D413A75A80F78601DB47C27E90A58.e.10110'}]}
DEBUG:urllib3.connectionpool:http://localhost:63763 "POST /session/3335633a676e267246f4ff667a37b67d/execute/sync HTTP/1.1" 200 0
DEBUG:selenium.webdriver.remote.remote_connection:Remote response: status=200 | data={"value":true} | headers=HTTPHeaderDict({'Content-Length': '14', 'Content-Type': 'application/json; charset=utf-8', 'cache-control': 'no-cache'})
DEBUG:selenium.webdriver.remote.remote_connection:Finished Request
DEBUG:selenium.webdriver.remote.remote_connection:GET http://localhost:63763/session/3335633a676e267246f4ff667a37b67d/element/f.8DFEA679DAED39CD45071EA87AB94BA5.d.989D413A75A80F78601DB47C27E90A58.e.10110/enabled {}
DEBUG:urllib3.connectionpool:http://localhost:63763 "GET /session/3335633a676e267246f4ff667a37b67d/element/f.8DFEA679DAED39CD45071EA87AB94BA5.d.989D413A75A80F78601DB47C27E90A58.e.10110/enabled HTTP/1.1" 200 0
DEBUG:selenium.webdriver.remote.remote_connection:Remote response: status=200 | data={"value":true} | headers=HTTPHeaderDict({'Content-Length': '14', 'Content-Type': 'application/json; charset=utf-8', 'cache-control': 'no-cache'})
DEBUG:selenium.webdriver.remote.remote_connection:Finished Request
DEBUG:selenium.webdriver.remote.remote_connection:POST http://localhost:63763/session/3335633a676e267246f4ff667a37b67d/element {'using': 'xpath', 'value': '//*[@id="globale_csc_popup"]/div/div/div/div/div[3]/input[1]'}
DEBUG:urllib3.connectionpool:http://localhost:63763 "POST /session/3335633a676e267246f4ff667a37b67d/element HTTP/1.1" 404 0
DEBUG:selenium.webdriver.remote.remote_connection:Remote response: status=404 | data={"value":{"error":"no such element","message":"no such element: Unable to locate element: {\"method\":\"xpath\",\"selector\":\"//*[@id=\"globale_csc_popup\"]/div/div/div/div/div[3]/input[1]\"}\n  (Session info: chrome=131.0.6778.205)","stacktrace":"0   chromedriver                        0x000000010154f184 cxxbridge1$str$ptr + 3626716\n1   chromedriver                        0x00000001015479d4 cxxbridge1$str$ptr + 3596076\n2   chromedriver                        0x0000000100fb4968 cxxbridge1$string$len + 89228\n3   chromedriver                        0x0000000100ff8d50 cxxbridge1$string$len + 368756\n4   chromedriver                        0x00000001010325b4 cxxbridge1$string$len + 604376\n5   chromedriver                        0x0000000100fed568 cxxbridge1$string$len + 321676\n6   chromedriver                        0x0000000100fee1b8 cxxbridge1$string$len + 324828\n7   chromedriver                        0x000000010151a9ac cxxbridge1$str$ptr + 3411716\n8   chromedriver                        0x000000010151dccc cxxbridge1$str$ptr + 3424804\n9   chromedriver                        0x000000010150186c cxxbridge1$str$ptr + 3308996\n10  chromedriver                        0x000000010151e58c cxxbridge1$str$ptr + 3427044\n11  chromedriver                        0x00000001014f309c cxxbridge1$str$ptr + 3249652\n12  chromedriver                        0x00000001015384b8 cxxbridge1$str$ptr + 3533328\n13  chromedriver                        0x0000000101538634 cxxbridge1$str$ptr + 3533708\n14  chromedriver                        0x0000000101547648 cxxbridge1$str$ptr + 3595168\n15  libsystem_pthread.dylib             0x000000018893ef94 _pthread_start + 136\n16  libsystem_pthread.dylib             0x0000000188939d34 thread_start + 8\n"}} | headers=HTTPHeaderDict({'Content-Length': '1754', 'Content-Type': 'application/json; charset=utf-8', 'cache-control': 'no-cache'})
DEBUG:selenium.webdriver.remote.remote_connection:Finished Request
DEBUG:selenium.webdriver.remote.remote_connection:POST http://localhost:63763/session/3335633a676e267246f4ff667a37b67d/element {'using': 'xpath', 'value': '//*[@id="globale_csc_popup"]/div/div/div/div/div[3]/input[1]'}
DEBUG:urllib3.connectionpool:http://localhost:63763 "POST /session/3335633a676e267246f4ff667a37b67d/element HTTP/1.1" 404 0
DEBUG:selenium.webdriver.remote.remote_connection:Remote response: status=404 | data={"value":{"error":"no such element","message":"no such element: Unable to locate element: {\"method\":\"xpath\",\"selector\":\"//*[@id=\"globale_csc_popup\"]/div/div/div/div/div[3]/input[1]\"}\n  (Session info: chrome=131.0.6778.205)","stacktrace":"0   chromedriver                        0x000000010154f184 cxxbridge1$str$ptr + 3626716\n1   chromedriver                        0x00000001015479d4 cxxbridge1$str$ptr + 3596076\n2   chromedriver                        0x0000000100fb4968 cxxbridge1$string$len + 89228\n3   chromedriver                        0x0000000100ff8d50 cxxbridge1$string$len + 368756\n4   chromedriver                        0x00000001010325b4 cxxbridge1$string$len + 604376\n5   chromedriver                        0x0000000100fed568 cxxbridge1$string$len + 321676\n6   chromedriver                        0x0000000100fee1b8 cxxbridge1$string$len + 324828\n7   chromedriver                        0x000000010151a9ac cxxbridge1$str$ptr + 3411716\n8   chromedriver                        0x000000010151dccc cxxbridge1$str$ptr + 3424804\n9   chromedriver                        0x000000010150186c cxxbridge1$str$ptr + 3308996\n10  chromedriver                        0x000000010151e58c cxxbridge1$str$ptr + 3427044\n11  chromedriver                        0x00000001014f309c cxxbridge1$str$ptr + 3249652\n12  chromedriver                        0x00000001015384b8 cxxbridge1$str$ptr + 3533328\n13  chromedriver                        0x0000000101538634 cxxbridge1$str$ptr + 3533708\n14  chromedriver                        0x0000000101547648 cxxbridge1$str$ptr + 3595168\n15  libsystem_pthread.dylib             0x000000018893ef94 _pthread_start + 136\n16  libsystem_pthread.dylib             0x0000000188939d34 thread_start + 8\n"}} | headers=HTTPHeaderDict({'Content-Length': '1754', 'Content-Type': 'application/json; charset=utf-8', 'cache-control': 'no-cache'})
DEBUG:selenium.webdriver.remote.remote_connection:Finished Request
DEBUG:selenium.webdriver.remote.remote_connection:POST http://localhost:63763/session/3335633a676e267246f4ff667a37b67d/element {'using': 'xpath', 'value': '//*[@id="globale_csc_popup"]/div/div/div/div/div[3]/input[1]'}
DEBUG:urllib3.connectionpool:http://localhost:63763 "POST /session/3335633a676e267246f4ff667a37b67d/element HTTP/1.1" 404 0
DEBUG:selenium.webdriver.remote.remote_connection:Remote response: status=404 | data={"value":{"error":"no such element","message":"no such element: Unable to locate element: {\"method\":\"xpath\",\"selector\":\"//*[@id=\"globale_csc_popup\"]/div/div/div/div/div[3]/input[1]\"}\n  (Session info: chrome=131.0.6778.205)","stacktrace":"0   chromedriver                        0x000000010154f184 cxxbridge1$str$ptr + 3626716\n1   chromedriver                        0x00000001015479d4 cxxbridge1$str$ptr + 3596076\n2   chromedriver                        0x0000000100fb4968 cxxbridge1$string$len + 89228\n3   chromedriver                        0x0000000100ff8d50 cxxbridge1$string$len + 368756\n4   chromedriver                        0x00000001010325b4 cxxbridge1$string$len + 604376\n5   chromedriver                        0x0000000100fed568 cxxbridge1$string$len + 321676\n6   chromedriver                        0x0000000100fee1b8 cxxbridge1$string$len + 324828\n7   chromedriver                        0x000000010151a9ac cxxbridge1$str$ptr + 3411716\n8   chromedriver                        0x000000010151dccc cxxbridge1$str$ptr + 3424804\n9   chromedriver                        0x000000010150186c cxxbridge1$str$ptr + 3308996\n10  chromedriver                        0x000000010151e58c cxxbridge1$str$ptr + 3427044\n11  chromedriver                        0x00000001014f309c cxxbridge1$str$ptr + 3249652\n12  chromedriver                        0x00000001015384b8 cxxbridge1$str$ptr + 3533328\n13  chromedriver                        0x0000000101538634 cxxbridge1$str$ptr + 3533708\n14  chromedriver                        0x0000000101547648 cxxbridge1$str$ptr + 3595168\n15  libsystem_pthread.dylib             0x000000018893ef94 _pthread_start + 136\n16  libsystem_pthread.dylib             0x0000000188939d34 thread_start + 8\n"}} | headers=HTTPHeaderDict({'Content-Length': '1754', 'Content-Type': 'application/json; charset=utf-8', 'cache-control': 'no-cache'})
DEBUG:selenium.webdriver.remote.remote_connection:Finished Request
DEBUG:selenium.webdriver.remote.remote_connection:POST http://localhost:63763/session/3335633a676e267246f4ff667a37b67d/element {'using': 'xpath', 'value': '//*[@id="globale_csc_popup"]/div/div/div/div/div[3]/input[1]'}
DEBUG:urllib3.connectionpool:http://localhost:63763 "POST /session/3335633a676e267246f4ff667a37b67d/element HTTP/1.1" 404 0
DEBUG:selenium.webdriver.remote.remote_connection:Remote response: status=404 | data={"value":{"error":"no such element","message":"no such element: Unable to locate element: {\"method\":\"xpath\",\"selector\":\"//*[@id=\"globale_csc_popup\"]/div/div/div/div/div[3]/input[1]\"}\n  (Session info: chrome=131.0.6778.205)","stacktrace":"0   chromedriver                        0x000000010154f184 cxxbridge1$str$ptr + 3626716\n1   chromedriver                        0x00000001015479d4 cxxbridge1$str$ptr + 3596076\n2   chromedriver                        0x0000000100fb4968 cxxbridge1$string$len + 89228\n3   chromedriver                        0x0000000100ff8d50 cxxbridge1$string$len + 368756\n4   chromedriver                        0x00000001010325b4 cxxbridge1$string$len + 604376\n5   chromedriver                        0x0000000100fed568 cxxbridge1$string$len + 321676\n6   chromedriver                        0x0000000100fee1b8 cxxbridge1$string$len + 324828\n7   chromedriver                        0x000000010151a9ac cxxbridge1$str$ptr + 3411716\n8   chromedriver                        0x000000010151dccc cxxbridge1$str$ptr + 3424804\n9   chromedriver                        0x000000010150186c cxxbridge1$str$ptr + 3308996\n10  chromedriver                        0x000000010151e58c cxxbridge1$str$ptr + 3427044\n11  chromedriver                        0x00000001014f309c cxxbridge1$str$ptr + 3249652\n12  chromedriver                        0x00000001015384b8 cxxbridge1$str$ptr + 3533328\n13  chromedriver                        0x0000000101538634 cxxbridge1$str$ptr + 3533708\n14  chromedriver                        0x0000000101547648 cxxbridge1$str$ptr + 3595168\n15  libsystem_pthread.dylib             0x000000018893ef94 _pthread_start + 136\n16  libsystem_pthread.dylib             0x0000000188939d34 thread_start + 8\n"}} | headers=HTTPHeaderDict({'Content-Length': '1754', 'Content-Type': 'application/json; charset=utf-8', 'cache-control': 'no-cache'})
DEBUG:selenium.webdriver.remote.remote_connection:Finished Request
DEBUG:selenium.webdriver.remote.remote_connection:POST http://localhost:63763/session/3335633a676e267246f4ff667a37b67d/element {'using': 'xpath', 'value': '//*[@id="globale_csc_popup"]/div/div/div/div/div[3]/input[1]'}
DEBUG:urllib3.connectionpool:http://localhost:63763 "POST /session/3335633a676e267246f4ff667a37b67d/element HTTP/1.1" 404 0
DEBUG:selenium.webdriver.remote.remote_connection:Remote response: status=404 | data={"value":{"error":"no such element","message":"no such element: Unable to locate element: {\"method\":\"xpath\",\"selector\":\"//*[@id=\"globale_csc_popup\"]/div/div/div/div/div[3]/input[1]\"}\n  (Session info: chrome=131.0.6778.205)","stacktrace":"0   chromedriver                        0x000000010154f184 cxxbridge1$str$ptr + 3626716\n1   chromedriver                        0x00000001015479d4 cxxbridge1$str$ptr + 3596076\n2   chromedriver                        0x0000000100fb4968 cxxbridge1$string$len + 89228\n3   chromedriver                        0x0000000100ff8d50 cxxbridge1$string$len + 368756\n4   chromedriver                        0x00000001010325b4 cxxbridge1$string$len + 604376\n5   chromedriver                        0x0000000100fed568 cxxbridge1$string$len + 321676\n6   chromedriver                        0x0000000100fee1b8 cxxbridge1$string$len + 324828\n7   chromedriver                        0x000000010151a9ac cxxbridge1$str$ptr + 3411716\n8   chromedriver                        0x000000010151dccc cxxbridge1$str$ptr + 3424804\n9   chromedriver                        0x000000010150186c cxxbridge1$str$ptr + 3308996\n10  chromedriver                        0x000000010151e58c cxxbridge1$str$ptr + 3427044\n11  chromedriver                        0x00000001014f309c cxxbridge1$str$ptr + 3249652\n12  chromedriver                        0x00000001015384b8 cxxbridge1$str$ptr + 3533328\n13  chromedriver                        0x0000000101538634 cxxbridge1$str$ptr + 3533708\n14  chromedriver                        0x0000000101547648 cxxbridge1$str$ptr + 3595168\n15  libsystem_pthread.dylib             0x000000018893ef94 _pthread_start + 136\n16  libsystem_pthread.dylib             0x0000000188939d34 thread_start + 8\n"}} | headers=HTTPHeaderDict({'Content-Length': '1754', 'Content-Type': 'application/json; charset=utf-8', 'cache-control': 'no-cache'})
DEBUG:selenium.webdriver.remote.remote_connection:Finished Request
DEBUG:selenium.webdriver.remote.remote_connection:POST http://localhost:63763/session/3335633a676e267246f4ff667a37b67d/element {'using': 'xpath', 'value': '//*[@id="globale_csc_popup"]/div/div/div/div/div[3]/input[1]'}
DEBUG:urllib3.connectionpool:http://localhost:63763 "POST /session/3335633a676e267246f4ff667a37b67d/element HTTP/1.1" 404 0
DEBUG:selenium.webdriver.remote.remote_connection:Remote response: status=404 | data={"value":{"error":"no such element","message":"no such element: Unable to locate element: {\"method\":\"xpath\",\"selector\":\"//*[@id=\"globale_csc_popup\"]/div/div/div/div/div[3]/input[1]\"}\n  (Session info: chrome=131.0.6778.205)","stacktrace":"0   chromedriver                        0x000000010154f184 cxxbridge1$str$ptr + 3626716\n1   chromedriver                        0x00000001015479d4 cxxbridge1$str$ptr + 3596076\n2   chromedriver                        0x0000000100fb4968 cxxbridge1$string$len + 89228\n3   chromedriver                        0x0000000100ff8d50 cxxbridge1$string$len + 368756\n4   chromedriver                        0x00000001010325b4 cxxbridge1$string$len + 604376\n5   chromedriver                        0x0000000100fed568 cxxbridge1$string$len + 321676\n6   chromedriver                        0x0000000100fee1b8 cxxbridge1$string$len + 324828\n7   chromedriver                        0x000000010151a9ac cxxbridge1$str$ptr + 3411716\n8   chromedriver                        0x000000010151dccc cxxbridge1$str$ptr + 3424804\n9   chromedriver                        0x000000010150186c cxxbridge1$str$ptr + 3308996\n10  chromedriver                        0x000000010151e58c cxxbridge1$str$ptr + 3427044\n11  chromedriver                        0x00000001014f309c cxxbridge1$str$ptr + 3249652\n12  chromedriver                        0x00000001015384b8 cxxbridge1$str$ptr + 3533328\n13  chromedriver                        0x0000000101538634 cxxbridge1$str$ptr + 3533708\n14  chromedriver                        0x0000000101547648 cxxbridge1$str$ptr + 3595168\n15  libsystem_pthread.dylib             0x000000018893ef94 _pthread_start + 136\n16  libsystem_pthread.dylib             0x0000000188939d34 thread_start + 8\n"}} | headers=HTTPHeaderDict({'Content-Length': '1754', 'Content-Type': 'application/json; charset=utf-8', 'cache-control': 'no-cache'})
DEBUG:selenium.webdriver.remote.remote_connection:Finished Request
DEBUG:selenium.webdriver.remote.remote_connection:POST http://localhost:63763/session/3335633a676e267246f4ff667a37b67d/element {'using': 'css selector', 'value': '.backToShop'}
DEBUG:urllib3.connectionpool:http://localhost:63763 "POST /session/3335633a676e267246f4ff667a37b67d/element HTTP/1.1" 200 0
DEBUG:selenium.webdriver.remote.remote_connection:Remote response: status=200 | data={"value":{"element-6066-11e4-a52e-4f735466cecf":"f.8DFEA679DAED39CD45071EA87AB94BA5.d.989D413A75A80F78601DB47C27E90A58.e.10110"}} | headers=HTTPHeaderDict({'Content-Length': '129', 'Content-Type': 'application/json; charset=utf-8', 'cache-control': 'no-cache'})
DEBUG:selenium.webdriver.remote.remote_connection:Finished Request
DEBUG:selenium.webdriver.remote.remote_connection:POST http://localhost:63763/session/3335633a676e267246f4ff667a37b67d/execute/sync {'script': '/* isDisplayed */return (function(){return (function(){var g=this||self;\nfunction aa(a){var b=typeof...', 'args': [{'element-6066-11e4-a52e-4f735466cecf': 'f.8DFEA679DAED39CD45071EA87AB94BA5.d.989D413A75A80F78601DB47C27E90A58.e.10110'}]}
DEBUG:urllib3.connectionpool:http://localhost:63763 "POST /session/3335633a676e267246f4ff667a37b67d/execute/sync HTTP/1.1" 200 0
DEBUG:selenium.webdriver.remote.remote_connection:Remote response: status=200 | data={"value":true} | headers=HTTPHeaderDict({'Content-Length': '14', 'Content-Type': 'application/json; charset=utf-8', 'cache-control': 'no-cache'})
DEBUG:selenium.webdriver.remote.remote_connection:Finished Request
DEBUG:selenium.webdriver.remote.remote_connection:GET http://localhost:63763/session/3335633a676e267246f4ff667a37b67d/element/f.8DFEA679DAED39CD45071EA87AB94BA5.d.989D413A75A80F78601DB47C27E90A58.e.10110/enabled {}
DEBUG:urllib3.connectionpool:http://localhost:63763 "GET /session/3335633a676e267246f4ff667a37b67d/element/f.8DFEA679DAED39CD45071EA87AB94BA5.d.989D413A75A80F78601DB47C27E90A58.e.10110/enabled HTTP/1.1" 200 0
DEBUG:selenium.webdriver.remote.remote_connection:Remote response: status=200 | data={"value":true} | headers=HTTPHeaderDict({'Content-Length': '14', 'Content-Type': 'application/json; charset=utf-8', 'cache-control': 'no-cache'})
DEBUG:selenium.webdriver.remote.remote_connection:Finished Request
DEBUG:selenium.webdriver.remote.remote_connection:POST http://localhost:63763/session/3335633a676e267246f4ff667a37b67d/element {'using': 'xpath', 'value': '//*[@id="globale_csc_popup"]/div/div/div/div/div[3]/input[1]'}
DEBUG:urllib3.connectionpool:http://localhost:63763 "POST /session/3335633a676e267246f4ff667a37b67d/element HTTP/1.1" 404 0
DEBUG:selenium.webdriver.remote.remote_connection:Remote response: status=404 | data={"value":{"error":"no such element","message":"no such element: Unable to locate element: {\"method\":\"xpath\",\"selector\":\"//*[@id=\"globale_csc_popup\"]/div/div/div/div/div[3]/input[1]\"}\n  (Session info: chrome=131.0.6778.205)","stacktrace":"0   chromedriver                        0x000000010154f184 cxxbridge1$str$ptr + 3626716\n1   chromedriver                        0x00000001015479d4 cxxbridge1$str$ptr + 3596076\n2   chromedriver                        0x0000000100fb4968 cxxbridge1$string$len + 89228\n3   chromedriver                        0x0000000100ff8d50 cxxbridge1$string$len + 368756\n4   chromedriver                        0x00000001010325b4 cxxbridge1$string$len + 604376\n5   chromedriver                        0x0000000100fed568 cxxbridge1$string$len + 321676\n6   chromedriver                        0x0000000100fee1b8 cxxbridge1$string$len + 324828\n7   chromedriver                        0x000000010151a9ac cxxbridge1$str$ptr + 3411716\n8   chromedriver                        0x000000010151dccc cxxbridge1$str$ptr + 3424804\n9   chromedriver                        0x000000010150186c cxxbridge1$str$ptr + 3308996\n10  chromedriver                        0x000000010151e58c cxxbridge1$str$ptr + 3427044\n11  chromedriver                        0x00000001014f309c cxxbridge1$str$ptr + 3249652\n12  chromedriver                        0x00000001015384b8 cxxbridge1$str$ptr + 3533328\n13  chromedriver                        0x0000000101538634 cxxbridge1$str$ptr + 3533708\n14  chromedriver                        0x0000000101547648 cxxbridge1$str$ptr + 3595168\n15  libsystem_pthread.dylib             0x000000018893ef94 _pthread_start + 136\n16  libsystem_pthread.dylib             0x0000000188939d34 thread_start + 8\n"}} | headers=HTTPHeaderDict({'Content-Length': '1754', 'Content-Type': 'application/json; charset=utf-8', 'cache-control': 'no-cache'})
DEBUG:selenium.webdriver.remote.remote_connection:Finished Request
DEBUG:selenium.webdriver.remote.remote_connection:POST http://localhost:63763/session/3335633a676e267246f4ff667a37b67d/element {'using': 'xpath', 'value': '//*[@id="globale_csc_popup"]/div/div/div/div/div[3]/input[1]'}
DEBUG:urllib3.connectionpool:http://localhost:63763 "POST /session/3335633a676e267246f4ff667a37b67d/element HTTP/1.1" 404 0
DEBUG:selenium.webdriver.remote.remote_connection:Remote response: status=404 | data={"value":{"error":"no such element","message":"no such element: Unable to locate element: {\"method\":\"xpath\",\"selector\":\"//*[@id=\"globale_csc_popup\"]/div/div/div/div/div[3]/input[1]\"}\n  (Session info: chrome=131.0.6778.205)","stacktrace":"0   chromedriver                        0x000000010154f184 cxxbridge1$str$ptr + 3626716\n1   chromedriver                        0x00000001015479d4 cxxbridge1$str$ptr + 3596076\n2   chromedriver                        0x0000000100fb4968 cxxbridge1$string$len + 89228\n3   chromedriver                        0x0000000100ff8d50 cxxbridge1$string$len + 368756\n4   chromedriver                        0x00000001010325b4 cxxbridge1$string$len + 604376\n5   chromedriver                        0x0000000100fed568 cxxbridge1$string$len + 321676\n6   chromedriver                        0x0000000100fee1b8 cxxbridge1$string$len + 324828\n7   chromedriver                        0x000000010151a9ac cxxbridge1$str$ptr + 3411716\n8   chromedriver                        0x000000010151dccc cxxbridge1$str$ptr + 3424804\n9   chromedriver                        0x000000010150186c cxxbridge1$str$ptr + 3308996\n10  chromedriver                        0x000000010151e58c cxxbridge1$str$ptr + 3427044\n11  chromedriver                        0x00000001014f309c cxxbridge1$str$ptr + 3249652\n12  chromedriver                        0x00000001015384b8 cxxbridge1$str$ptr + 3533328\n13  chromedriver                        0x0000000101538634 cxxbridge1$str$ptr + 3533708\n14  chromedriver                        0x0000000101547648 cxxbridge1$str$ptr + 3595168\n15  libsystem_pthread.dylib             0x000000018893ef94 _pthread_start + 136\n16  libsystem_pthread.dylib             0x0000000188939d34 thread_start + 8\n"}} | headers=HTTPHeaderDict({'Content-Length': '1754', 'Content-Type': 'application/json; charset=utf-8', 'cache-control': 'no-cache'})
DEBUG:selenium.webdriver.remote.remote_connection:Finished Request
DEBUG:selenium.webdriver.remote.remote_connection:POST http://localhost:63763/session/3335633a676e267246f4ff667a37b67d/element {'using': 'xpath', 'value': '//*[@id="globale_csc_popup"]/div/div/div/div/div[3]/input[1]'}
DEBUG:urllib3.connectionpool:http://localhost:63763 "POST /session/3335633a676e267246f4ff667a37b67d/element HTTP/1.1" 404 0
DEBUG:selenium.webdriver.remote.remote_connection:Remote response: status=404 | data={"value":{"error":"no such element","message":"no such element: Unable to locate element: {\"method\":\"xpath\",\"selector\":\"//*[@id=\"globale_csc_popup\"]/div/div/div/div/div[3]/input[1]\"}\n  (Session info: chrome=131.0.6778.205)","stacktrace":"0   chromedriver                        0x000000010154f184 cxxbridge1$str$ptr + 3626716\n1   chromedriver                        0x00000001015479d4 cxxbridge1$str$ptr + 3596076\n2   chromedriver                        0x0000000100fb4968 cxxbridge1$string$len + 89228\n3   chromedriver                        0x0000000100ff8d50 cxxbridge1$string$len + 368756\n4   chromedriver                        0x00000001010325b4 cxxbridge1$string$len + 604376\n5   chromedriver                        0x0000000100fed568 cxxbridge1$string$len + 321676\n6   chromedriver                        0x0000000100fee1b8 cxxbridge1$string$len + 324828\n7   chromedriver                        0x000000010151a9ac cxxbridge1$str$ptr + 3411716\n8   chromedriver                        0x000000010151dccc cxxbridge1$str$ptr + 3424804\n9   chromedriver                        0x000000010150186c cxxbridge1$str$ptr + 3308996\n10  chromedriver                        0x000000010151e58c cxxbridge1$str$ptr + 3427044\n11  chromedriver                        0x00000001014f309c cxxbridge1$str$ptr + 3249652\n12  chromedriver                        0x00000001015384b8 cxxbridge1$str$ptr + 3533328\n13  chromedriver                        0x0000000101538634 cxxbridge1$str$ptr + 3533708\n14  chromedriver                        0x0000000101547648 cxxbridge1$str$ptr + 3595168\n15  libsystem_pthread.dylib             0x000000018893ef94 _pthread_start + 136\n16  libsystem_pthread.dylib             0x0000000188939d34 thread_start + 8\n"}} | headers=HTTPHeaderDict({'Content-Length': '1754', 'Content-Type': 'application/json; charset=utf-8', 'cache-control': 'no-cache'})
DEBUG:selenium.webdriver.remote.remote_connection:Finished Request
DEBUG:selenium.webdriver.remote.remote_connection:POST http://localhost:63763/session/3335633a676e267246f4ff667a37b67d/element {'using': 'xpath', 'value': '//*[@id="globale_csc_popup"]/div/div/div/div/div[3]/input[1]'}
DEBUG:urllib3.connectionpool:http://localhost:63763 "POST /session/3335633a676e267246f4ff667a37b67d/element HTTP/1.1" 404 0
DEBUG:selenium.webdriver.remote.remote_connection:Remote response: status=404 | data={"value":{"error":"no such element","message":"no such element: Unable to locate element: {\"method\":\"xpath\",\"selector\":\"//*[@id=\"globale_csc_popup\"]/div/div/div/div/div[3]/input[1]\"}\n  (Session info: chrome=131.0.6778.205)","stacktrace":"0   chromedriver                        0x000000010154f184 cxxbridge1$str$ptr + 3626716\n1   chromedriver                        0x00000001015479d4 cxxbridge1$str$ptr + 3596076\n2   chromedriver                        0x0000000100fb4968 cxxbridge1$string$len + 89228\n3   chromedriver                        0x0000000100ff8d50 cxxbridge1$string$len + 368756\n4   chromedriver                        0x00000001010325b4 cxxbridge1$string$len + 604376\n5   chromedriver                        0x0000000100fed568 cxxbridge1$string$len + 321676\n6   chromedriver                        0x0000000100fee1b8 cxxbridge1$string$len + 324828\n7   chromedriver                        0x000000010151a9ac cxxbridge1$str$ptr + 3411716\n8   chromedriver                        0x000000010151dccc cxxbridge1$str$ptr + 3424804\n9   chromedriver                        0x000000010150186c cxxbridge1$str$ptr + 3308996\n10  chromedriver                        0x000000010151e58c cxxbridge1$str$ptr + 3427044\n11  chromedriver                        0x00000001014f309c cxxbridge1$str$ptr + 3249652\n12  chromedriver                        0x00000001015384b8 cxxbridge1$str$ptr + 3533328\n13  chromedriver                        0x0000000101538634 cxxbridge1$str$ptr + 3533708\n14  chromedriver                        0x0000000101547648 cxxbridge1$str$ptr + 3595168\n15  libsystem_pthread.dylib             0x000000018893ef94 _pthread_start + 136\n16  libsystem_pthread.dylib             0x0000000188939d34 thread_start + 8\n"}} | headers=HTTPHeaderDict({'Content-Length': '1754', 'Content-Type': 'application/json; charset=utf-8', 'cache-control': 'no-cache'})
DEBUG:selenium.webdriver.remote.remote_connection:Finished Request
