DEBUG:selenium.webdriver.remote.remote_connection:POST http://localhost:64901/session/27a9619306b249ce4b120f5b06cbd5b1/url {'url': 'https://www.mooseknucklescanada.com/us-en/c/men/clothing'}
DEBUG:urllib3.connectionpool:http://localhost:64901 "POST /session/27a9619306b249ce4b120f5b06cbd5b1/url HTTP/1.1" 200 0
DEBUG:selenium.webdriver.remote.remote_connection:Remote response: status=200 | data={"value":null} | headers=HTTPHeaderDict({'Content-Length': '14', 'Content-Type': 'application/json; charset=utf-8', 'cache-control': 'no-cache'})
DEBUG:selenium.webdriver.remote.remote_connection:Finished Request
DEBUG:selenium.webdriver.remote.remote_connection:POST http://localhost:64901/session/27a9619306b249ce4b120f5b06cbd5b1/element {'using': 'tag name', 'value': 'body'}
DEBUG:urllib3.connectionpool:http://localhost:64901 "POST /session/27a9619306b249ce4b120f5b06cbd5b1/element HTTP/1.1" 200 0
DEBUG:selenium.webdriver.remote.remote_connection:Remote response: status=200 | data={"value":{"element-6066-11e4-a52e-4f735466cecf":"f.6FE8736831DAB01ED640E364D1965779.d.A595186C6EA4AB5C173BA3C0F4D01273.e.246"}} | headers=HTTPHeaderDict({'Content-Length': '127', 'Content-Type': 'application/json; charset=utf-8', 'cache-control': 'no-cache'})
DEBUG:selenium.webdriver.remote.remote_connection:Finished Request
DEBUG:selenium.webdriver.remote.remote_connection:POST http://localhost:64901/session/27a9619306b249ce4b120f5b06cbd5b1/actions {'actions': [{'type': 'pointer', 'parameters': {'pointerType': 'mouse'}, 'id': 'mouse', 'actions': [{'type': 'pause', 'duration': 0}, {'type': 'pause', 'duration': 0}]}, {'type': 'key', 'id': 'key', 'actions': [{'type': 'keyDown', 'value': '\ue00c'}, {'type': 'keyUp', 'value': '\ue00c'}]}]}
DEBUG:urllib3.connectionpool:http://localhost:64901 "POST /session/27a9619306b249ce4b120f5b06cbd5b1/actions HTTP/1.1" 200 0
DEBUG:selenium.webdriver.remote.remote_connection:Remote response: status=200 | data={"value":null} | headers=HTTPHeaderDict({'Content-Length': '14', 'Content-Type': 'application/json; charset=utf-8', 'cache-control': 'no-cache'})
DEBUG:selenium.webdriver.remote.remote_connection:Finished Request
DEBUG:selenium.webdriver.remote.remote_connection:POST http://localhost:64901/session/27a9619306b249ce4b120f5b06cbd5b1/actions {'actions': [{'type': 'pointer', 'parameters': {'pointerType': 'mouse'}, 'id': 'mouse', 'actions': [{'type': 'pointerMove', 'duration': 250, 'x': 1, 'y': 1, 'origin': 'pointer'}, {'type': 'pointerDown', 'duration': 0, 'button': 0}, {'type': 'pointerUp', 'duration': 0, 'button': 0}]}, {'type': 'key', 'id': 'key', 'actions': [{'type': 'pause', 'duration': 0}, {'type': 'pause', 'duration': 0}, {'type': 'pause', 'duration': 0}]}]}
DEBUG:urllib3.connectionpool:http://localhost:64901 "POST /session/27a9619306b249ce4b120f5b06cbd5b1/actions HTTP/1.1" 200 0
DEBUG:selenium.webdriver.remote.remote_connection:Remote response: status=200 | data={"value":null} | headers=HTTPHeaderDict({'Content-Length': '14', 'Content-Type': 'application/json; charset=utf-8', 'cache-control': 'no-cache'})
DEBUG:selenium.webdriver.remote.remote_connection:Finished Request
DEBUG:selenium.webdriver.remote.remote_connection:POST http://localhost:64901/session/27a9619306b249ce4b120f5b06cbd5b1/element {'using': 'css selector', 'value': '.onetrust-close-btn-handler'}
DEBUG:urllib3.connectionpool:http://localhost:64901 "POST /session/27a9619306b249ce4b120f5b06cbd5b1/element HTTP/1.1" 200 0
DEBUG:selenium.webdriver.remote.remote_connection:Remote response: status=200 | data={"value":{"element-6066-11e4-a52e-4f735466cecf":"f.6FE8736831DAB01ED640E364D1965779.d.A595186C6EA4AB5C173BA3C0F4D01273.e.3847"}} | headers=HTTPHeaderDict({'Content-Length': '128', 'Content-Type': 'application/json; charset=utf-8', 'cache-control': 'no-cache'})
DEBUG:selenium.webdriver.remote.remote_connection:Finished Request
DEBUG:selenium.webdriver.remote.remote_connection:POST http://localhost:64901/session/27a9619306b249ce4b120f5b06cbd5b1/execute/sync {'script': '/* isDisplayed */return (function(){return (function(){var g=this||self;\nfunction aa(a){var b=typeof...', 'args': [{'element-6066-11e4-a52e-4f735466cecf': 'f.6FE8736831DAB01ED640E364D1965779.d.A595186C6EA4AB5C173BA3C0F4D01273.e.3847'}]}
DEBUG:urllib3.connectionpool:http://localhost:64901 "POST /session/27a9619306b249ce4b120f5b06cbd5b1/execute/sync HTTP/1.1" 200 0
DEBUG:selenium.webdriver.remote.remote_connection:Remote response: status=200 | data={"value":false} | headers=HTTPHeaderDict({'Content-Length': '15', 'Content-Type': 'application/json; charset=utf-8', 'cache-control': 'no-cache'})
DEBUG:selenium.webdriver.remote.remote_connection:Finished Request
DEBUG:selenium.webdriver.remote.remote_connection:POST http://localhost:64901/session/27a9619306b249ce4b120f5b06cbd5b1/element {'using': 'css selector', 'value': '.onetrust-close-btn-handler'}
DEBUG:urllib3.connectionpool:http://localhost:64901 "POST /session/27a9619306b249ce4b120f5b06cbd5b1/element HTTP/1.1" 200 0
DEBUG:selenium.webdriver.remote.remote_connection:Remote response: status=200 | data={"value":{"element-6066-11e4-a52e-4f735466cecf":"f.6FE8736831DAB01ED640E364D1965779.d.A595186C6EA4AB5C173BA3C0F4D01273.e.3847"}} | headers=HTTPHeaderDict({'Content-Length': '128', 'Content-Type': 'application/json; charset=utf-8', 'cache-control': 'no-cache'})
DEBUG:selenium.webdriver.remote.remote_connection:Finished Request
DEBUG:selenium.webdriver.remote.remote_connection:POST http://localhost:64901/session/27a9619306b249ce4b120f5b06cbd5b1/execute/sync {'script': '/* isDisplayed */return (function(){return (function(){var g=this||self;\nfunction aa(a){var b=typeof...', 'args': [{'element-6066-11e4-a52e-4f735466cecf': 'f.6FE8736831DAB01ED640E364D1965779.d.A595186C6EA4AB5C173BA3C0F4D01273.e.3847'}]}
DEBUG:urllib3.connectionpool:http://localhost:64901 "POST /session/27a9619306b249ce4b120f5b06cbd5b1/execute/sync HTTP/1.1" 200 0
DEBUG:selenium.webdriver.remote.remote_connection:Remote response: status=200 | data={"value":false} | headers=HTTPHeaderDict({'Content-Length': '15', 'Content-Type': 'application/json; charset=utf-8', 'cache-control': 'no-cache'})
DEBUG:selenium.webdriver.remote.remote_connection:Finished Request
DEBUG:selenium.webdriver.remote.remote_connection:POST http://localhost:64901/session/27a9619306b249ce4b120f5b06cbd5b1/element {'using': 'css selector', 'value': '.onetrust-close-btn-handler'}
DEBUG:urllib3.connectionpool:http://localhost:64901 "POST /session/27a9619306b249ce4b120f5b06cbd5b1/element HTTP/1.1" 200 0
DEBUG:selenium.webdriver.remote.remote_connection:Remote response: status=200 | data={"value":{"element-6066-11e4-a52e-4f735466cecf":"f.6FE8736831DAB01ED640E364D1965779.d.A595186C6EA4AB5C173BA3C0F4D01273.e.3847"}} | headers=HTTPHeaderDict({'Content-Length': '128', 'Content-Type': 'application/json; charset=utf-8', 'cache-control': 'no-cache'})
DEBUG:selenium.webdriver.remote.remote_connection:Finished Request
DEBUG:selenium.webdriver.remote.remote_connection:POST http://localhost:64901/session/27a9619306b249ce4b120f5b06cbd5b1/execute/sync {'script': '/* isDisplayed */return (function(){return (function(){var g=this||self;\nfunction aa(a){var b=typeof...', 'args': [{'element-6066-11e4-a52e-4f735466cecf': 'f.6FE8736831DAB01ED640E364D1965779.d.A595186C6EA4AB5C173BA3C0F4D01273.e.3847'}]}
DEBUG:urllib3.connectionpool:http://localhost:64901 "POST /session/27a9619306b249ce4b120f5b06cbd5b1/execute/sync HTTP/1.1" 200 0
DEBUG:selenium.webdriver.remote.remote_connection:Remote response: status=200 | data={"value":false} | headers=HTTPHeaderDict({'Content-Length': '15', 'Content-Type': 'application/json; charset=utf-8', 'cache-control': 'no-cache'})
DEBUG:selenium.webdriver.remote.remote_connection:Finished Request
DEBUG:selenium.webdriver.remote.remote_connection:POST http://localhost:64901/session/27a9619306b249ce4b120f5b06cbd5b1/element {'using': 'css selector', 'value': '.onetrust-close-btn-handler'}
DEBUG:urllib3.connectionpool:http://localhost:64901 "POST /session/27a9619306b249ce4b120f5b06cbd5b1/element HTTP/1.1" 200 0
DEBUG:selenium.webdriver.remote.remote_connection:Remote response: status=200 | data={"value":{"element-6066-11e4-a52e-4f735466cecf":"f.6FE8736831DAB01ED640E364D1965779.d.A595186C6EA4AB5C173BA3C0F4D01273.e.3847"}} | headers=HTTPHeaderDict({'Content-Length': '128', 'Content-Type': 'application/json; charset=utf-8', 'cache-control': 'no-cache'})
DEBUG:selenium.webdriver.remote.remote_connection:Finished Request
DEBUG:selenium.webdriver.remote.remote_connection:POST http://localhost:64901/session/27a9619306b249ce4b120f5b06cbd5b1/execute/sync {'script': '/* isDisplayed */return (function(){return (function(){var g=this||self;\nfunction aa(a){var b=typeof...', 'args': [{'element-6066-11e4-a52e-4f735466cecf': 'f.6FE8736831DAB01ED640E364D1965779.d.A595186C6EA4AB5C173BA3C0F4D01273.e.3847'}]}
DEBUG:urllib3.connectionpool:http://localhost:64901 "POST /session/27a9619306b249ce4b120f5b06cbd5b1/execute/sync HTTP/1.1" 200 0
DEBUG:selenium.webdriver.remote.remote_connection:Remote response: status=200 | data={"value":false} | headers=HTTPHeaderDict({'Content-Length': '15', 'Content-Type': 'application/json; charset=utf-8', 'cache-control': 'no-cache'})
DEBUG:selenium.webdriver.remote.remote_connection:Finished Request
DEBUG:selenium.webdriver.remote.remote_connection:POST http://localhost:64901/session/27a9619306b249ce4b120f5b06cbd5b1/element {'using': 'css selector', 'value': '.onetrust-close-btn-handler'}
DEBUG:urllib3.connectionpool:http://localhost:64901 "POST /session/27a9619306b249ce4b120f5b06cbd5b1/element HTTP/1.1" 200 0
DEBUG:selenium.webdriver.remote.remote_connection:Remote response: status=200 | data={"value":{"element-6066-11e4-a52e-4f735466cecf":"f.6FE8736831DAB01ED640E364D1965779.d.A595186C6EA4AB5C173BA3C0F4D01273.e.3847"}} | headers=HTTPHeaderDict({'Content-Length': '128', 'Content-Type': 'application/json; charset=utf-8', 'cache-control': 'no-cache'})
DEBUG:selenium.webdriver.remote.remote_connection:Finished Request
DEBUG:selenium.webdriver.remote.remote_connection:POST http://localhost:64901/session/27a9619306b249ce4b120f5b06cbd5b1/execute/sync {'script': '/* isDisplayed */return (function(){return (function(){var g=this||self;\nfunction aa(a){var b=typeof...', 'args': [{'element-6066-11e4-a52e-4f735466cecf': 'f.6FE8736831DAB01ED640E364D1965779.d.A595186C6EA4AB5C173BA3C0F4D01273.e.3847'}]}
DEBUG:urllib3.connectionpool:http://localhost:64901 "POST /session/27a9619306b249ce4b120f5b06cbd5b1/execute/sync HTTP/1.1" 200 0
DEBUG:selenium.webdriver.remote.remote_connection:Remote response: status=200 | data={"value":false} | headers=HTTPHeaderDict({'Content-Length': '15', 'Content-Type': 'application/json; charset=utf-8', 'cache-control': 'no-cache'})
DEBUG:selenium.webdriver.remote.remote_connection:Finished Request
DEBUG:selenium.webdriver.remote.remote_connection:POST http://localhost:64901/session/27a9619306b249ce4b120f5b06cbd5b1/element {'using': 'css selector', 'value': '.onetrust-close-btn-handler'}
DEBUG:urllib3.connectionpool:http://localhost:64901 "POST /session/27a9619306b249ce4b120f5b06cbd5b1/element HTTP/1.1" 200 0
DEBUG:selenium.webdriver.remote.remote_connection:Remote response: status=200 | data={"value":{"element-6066-11e4-a52e-4f735466cecf":"f.6FE8736831DAB01ED640E364D1965779.d.A595186C6EA4AB5C173BA3C0F4D01273.e.3847"}} | headers=HTTPHeaderDict({'Content-Length': '128', 'Content-Type': 'application/json; charset=utf-8', 'cache-control': 'no-cache'})
DEBUG:selenium.webdriver.remote.remote_connection:Finished Request
DEBUG:selenium.webdriver.remote.remote_connection:POST http://localhost:64901/session/27a9619306b249ce4b120f5b06cbd5b1/execute/sync {'script': '/* isDisplayed */return (function(){return (function(){var g=this||self;\nfunction aa(a){var b=typeof...', 'args': [{'element-6066-11e4-a52e-4f735466cecf': 'f.6FE8736831DAB01ED640E364D1965779.d.A595186C6EA4AB5C173BA3C0F4D01273.e.3847'}]}
DEBUG:urllib3.connectionpool:http://localhost:64901 "POST /session/27a9619306b249ce4b120f5b06cbd5b1/execute/sync HTTP/1.1" 200 0
DEBUG:selenium.webdriver.remote.remote_connection:Remote response: status=200 | data={"value":false} | headers=HTTPHeaderDict({'Content-Length': '15', 'Content-Type': 'application/json; charset=utf-8', 'cache-control': 'no-cache'})
DEBUG:selenium.webdriver.remote.remote_connection:Finished Request
DEBUG:selenium.webdriver.remote.remote_connection:POST http://localhost:64901/session/27a9619306b249ce4b120f5b06cbd5b1/element {'using': 'css selector', 'value': '.onetrust-close-btn-handler'}
DEBUG:urllib3.connectionpool:http://localhost:64901 "POST /session/27a9619306b249ce4b120f5b06cbd5b1/element HTTP/1.1" 200 0
DEBUG:selenium.webdriver.remote.remote_connection:Remote response: status=200 | data={"value":{"element-6066-11e4-a52e-4f735466cecf":"f.6FE8736831DAB01ED640E364D1965779.d.A595186C6EA4AB5C173BA3C0F4D01273.e.3847"}} | headers=HTTPHeaderDict({'Content-Length': '128', 'Content-Type': 'application/json; charset=utf-8', 'cache-control': 'no-cache'})
DEBUG:selenium.webdriver.remote.remote_connection:Finished Request
DEBUG:selenium.webdriver.remote.remote_connection:POST http://localhost:64901/session/27a9619306b249ce4b120f5b06cbd5b1/execute/sync {'script': '/* isDisplayed */return (function(){return (function(){var g=this||self;\nfunction aa(a){var b=typeof...', 'args': [{'element-6066-11e4-a52e-4f735466cecf': 'f.6FE8736831DAB01ED640E364D1965779.d.A595186C6EA4AB5C173BA3C0F4D01273.e.3847'}]}
DEBUG:urllib3.connectionpool:http://localhost:64901 "POST /session/27a9619306b249ce4b120f5b06cbd5b1/execute/sync HTTP/1.1" 200 0
DEBUG:selenium.webdriver.remote.remote_connection:Remote response: status=200 | data={"value":false} | headers=HTTPHeaderDict({'Content-Length': '15', 'Content-Type': 'application/json; charset=utf-8', 'cache-control': 'no-cache'})
DEBUG:selenium.webdriver.remote.remote_connection:Finished Request
DEBUG:selenium.webdriver.remote.remote_connection:POST http://localhost:64901/session/27a9619306b249ce4b120f5b06cbd5b1/element {'using': 'css selector', 'value': '.onetrust-close-btn-handler'}
DEBUG:urllib3.connectionpool:http://localhost:64901 "POST /session/27a9619306b249ce4b120f5b06cbd5b1/element HTTP/1.1" 200 0
DEBUG:selenium.webdriver.remote.remote_connection:Remote response: status=200 | data={"value":{"element-6066-11e4-a52e-4f735466cecf":"f.6FE8736831DAB01ED640E364D1965779.d.A595186C6EA4AB5C173BA3C0F4D01273.e.3847"}} | headers=HTTPHeaderDict({'Content-Length': '128', 'Content-Type': 'application/json; charset=utf-8', 'cache-control': 'no-cache'})
DEBUG:selenium.webdriver.remote.remote_connection:Finished Request
DEBUG:selenium.webdriver.remote.remote_connection:POST http://localhost:64901/session/27a9619306b249ce4b120f5b06cbd5b1/execute/sync {'script': '/* isDisplayed */return (function(){return (function(){var g=this||self;\nfunction aa(a){var b=typeof...', 'args': [{'element-6066-11e4-a52e-4f735466cecf': 'f.6FE8736831DAB01ED640E364D1965779.d.A595186C6EA4AB5C173BA3C0F4D01273.e.3847'}]}
DEBUG:urllib3.connectionpool:http://localhost:64901 "POST /session/27a9619306b249ce4b120f5b06cbd5b1/execute/sync HTTP/1.1" 200 0
DEBUG:selenium.webdriver.remote.remote_connection:Remote response: status=200 | data={"value":false} | headers=HTTPHeaderDict({'Content-Length': '15', 'Content-Type': 'application/json; charset=utf-8', 'cache-control': 'no-cache'})
DEBUG:selenium.webdriver.remote.remote_connection:Finished Request
DEBUG:selenium.webdriver.remote.remote_connection:POST http://localhost:64901/session/27a9619306b249ce4b120f5b06cbd5b1/element {'using': 'css selector', 'value': '.onetrust-close-btn-handler'}
DEBUG:urllib3.connectionpool:http://localhost:64901 "POST /session/27a9619306b249ce4b120f5b06cbd5b1/element HTTP/1.1" 200 0
DEBUG:selenium.webdriver.remote.remote_connection:Remote response: status=200 | data={"value":{"element-6066-11e4-a52e-4f735466cecf":"f.6FE8736831DAB01ED640E364D1965779.d.A595186C6EA4AB5C173BA3C0F4D01273.e.3847"}} | headers=HTTPHeaderDict({'Content-Length': '128', 'Content-Type': 'application/json; charset=utf-8', 'cache-control': 'no-cache'})
DEBUG:selenium.webdriver.remote.remote_connection:Finished Request
DEBUG:selenium.webdriver.remote.remote_connection:POST http://localhost:64901/session/27a9619306b249ce4b120f5b06cbd5b1/execute/sync {'script': '/* isDisplayed */return (function(){return (function(){var g=this||self;\nfunction aa(a){var b=typeof...', 'args': [{'element-6066-11e4-a52e-4f735466cecf': 'f.6FE8736831DAB01ED640E364D1965779.d.A595186C6EA4AB5C173BA3C0F4D01273.e.3847'}]}
DEBUG:urllib3.connectionpool:http://localhost:64901 "POST /session/27a9619306b249ce4b120f5b06cbd5b1/execute/sync HTTP/1.1" 200 0
DEBUG:selenium.webdriver.remote.remote_connection:Remote response: status=200 | data={"value":false} | headers=HTTPHeaderDict({'Content-Length': '15', 'Content-Type': 'application/json; charset=utf-8', 'cache-control': 'no-cache'})
DEBUG:selenium.webdriver.remote.remote_connection:Finished Request
DEBUG:selenium.webdriver.remote.remote_connection:POST http://localhost:64901/session/27a9619306b249ce4b120f5b06cbd5b1/element {'using': 'css selector', 'value': '.onetrust-close-btn-handler'}
DEBUG:urllib3.connectionpool:http://localhost:64901 "POST /session/27a9619306b249ce4b120f5b06cbd5b1/element HTTP/1.1" 200 0
DEBUG:selenium.webdriver.remote.remote_connection:Remote response: status=200 | data={"value":{"element-6066-11e4-a52e-4f735466cecf":"f.6FE8736831DAB01ED640E364D1965779.d.A595186C6EA4AB5C173BA3C0F4D01273.e.3847"}} | headers=HTTPHeaderDict({'Content-Length': '128', 'Content-Type': 'application/json; charset=utf-8', 'cache-control': 'no-cache'})
DEBUG:selenium.webdriver.remote.remote_connection:Finished Request
DEBUG:selenium.webdriver.remote.remote_connection:POST http://localhost:64901/session/27a9619306b249ce4b120f5b06cbd5b1/execute/sync {'script': '/* isDisplayed */return (function(){return (function(){var g=this||self;\nfunction aa(a){var b=typeof...', 'args': [{'element-6066-11e4-a52e-4f735466cecf': 'f.6FE8736831DAB01ED640E364D1965779.d.A595186C6EA4AB5C173BA3C0F4D01273.e.3847'}]}
DEBUG:urllib3.connectionpool:http://localhost:64901 "POST /session/27a9619306b249ce4b120f5b06cbd5b1/execute/sync HTTP/1.1" 200 0
DEBUG:selenium.webdriver.remote.remote_connection:Remote response: status=200 | data={"value":false} | headers=HTTPHeaderDict({'Content-Length': '15', 'Content-Type': 'application/json; charset=utf-8', 'cache-control': 'no-cache'})
DEBUG:selenium.webdriver.remote.remote_connection:Finished Request
DEBUG:selenium.webdriver.remote.remote_connection:POST http://localhost:64901/session/27a9619306b249ce4b120f5b06cbd5b1/element {'using': 'css selector', 'value': '.onetrust-close-btn-handler'}
DEBUG:urllib3.connectionpool:http://localhost:64901 "POST /session/27a9619306b249ce4b120f5b06cbd5b1/element HTTP/1.1" 200 0
DEBUG:selenium.webdriver.remote.remote_connection:Remote response: status=200 | data={"value":{"element-6066-11e4-a52e-4f735466cecf":"f.6FE8736831DAB01ED640E364D1965779.d.A595186C6EA4AB5C173BA3C0F4D01273.e.3847"}} | headers=HTTPHeaderDict({'Content-Length': '128', 'Content-Type': 'application/json; charset=utf-8', 'cache-control': 'no-cache'})
DEBUG:selenium.webdriver.remote.remote_connection:Finished Request
DEBUG:selenium.webdriver.remote.remote_connection:POST http://localhost:64901/session/27a9619306b249ce4b120f5b06cbd5b1/execute/sync {'script': '/* isDisplayed */return (function(){return (function(){var g=this||self;\nfunction aa(a){var b=typeof...', 'args': [{'element-6066-11e4-a52e-4f735466cecf': 'f.6FE8736831DAB01ED640E364D1965779.d.A595186C6EA4AB5C173BA3C0F4D01273.e.3847'}]}
DEBUG:urllib3.connectionpool:http://localhost:64901 "POST /session/27a9619306b249ce4b120f5b06cbd5b1/execute/sync HTTP/1.1" 200 0
DEBUG:selenium.webdriver.remote.remote_connection:Remote response: status=200 | data={"value":false} | headers=HTTPHeaderDict({'Content-Length': '15', 'Content-Type': 'application/json; charset=utf-8', 'cache-control': 'no-cache'})
DEBUG:selenium.webdriver.remote.remote_connection:Finished Request
DEBUG:selenium.webdriver.remote.remote_connection:POST http://localhost:64901/session/27a9619306b249ce4b120f5b06cbd5b1/element {'using': 'css selector', 'value': '.onetrust-close-btn-handler'}
DEBUG:urllib3.connectionpool:http://localhost:64901 "POST /session/27a9619306b249ce4b120f5b06cbd5b1/element HTTP/1.1" 200 0
DEBUG:selenium.webdriver.remote.remote_connection:Remote response: status=200 | data={"value":{"element-6066-11e4-a52e-4f735466cecf":"f.6FE8736831DAB01ED640E364D1965779.d.A595186C6EA4AB5C173BA3C0F4D01273.e.3847"}} | headers=HTTPHeaderDict({'Content-Length': '128', 'Content-Type': 'application/json; charset=utf-8', 'cache-control': 'no-cache'})
DEBUG:selenium.webdriver.remote.remote_connection:Finished Request
DEBUG:selenium.webdriver.remote.remote_connection:POST http://localhost:64901/session/27a9619306b249ce4b120f5b06cbd5b1/execute/sync {'script': '/* isDisplayed */return (function(){return (function(){var g=this||self;\nfunction aa(a){var b=typeof...', 'args': [{'element-6066-11e4-a52e-4f735466cecf': 'f.6FE8736831DAB01ED640E364D1965779.d.A595186C6EA4AB5C173BA3C0F4D01273.e.3847'}]}
DEBUG:urllib3.connectionpool:http://localhost:64901 "POST /session/27a9619306b249ce4b120f5b06cbd5b1/execute/sync HTTP/1.1" 200 0
DEBUG:selenium.webdriver.remote.remote_connection:Remote response: status=200 | data={"value":false} | headers=HTTPHeaderDict({'Content-Length': '15', 'Content-Type': 'application/json; charset=utf-8', 'cache-control': 'no-cache'})
DEBUG:selenium.webdriver.remote.remote_connection:Finished Request
DEBUG:selenium.webdriver.remote.remote_connection:POST http://localhost:64901/session/27a9619306b249ce4b120f5b06cbd5b1/element {'using': 'css selector', 'value': '.onetrust-close-btn-handler'}
DEBUG:urllib3.connectionpool:http://localhost:64901 "POST /session/27a9619306b249ce4b120f5b06cbd5b1/element HTTP/1.1" 200 0
DEBUG:selenium.webdriver.remote.remote_connection:Remote response: status=200 | data={"value":{"element-6066-11e4-a52e-4f735466cecf":"f.6FE8736831DAB01ED640E364D1965779.d.A595186C6EA4AB5C173BA3C0F4D01273.e.3847"}} | headers=HTTPHeaderDict({'Content-Length': '128', 'Content-Type': 'application/json; charset=utf-8', 'cache-control': 'no-cache'})
DEBUG:selenium.webdriver.remote.remote_connection:Finished Request
DEBUG:selenium.webdriver.remote.remote_connection:POST http://localhost:64901/session/27a9619306b249ce4b120f5b06cbd5b1/execute/sync {'script': '/* isDisplayed */return (function(){return (function(){var g=this||self;\nfunction aa(a){var b=typeof...', 'args': [{'element-6066-11e4-a52e-4f735466cecf': 'f.6FE8736831DAB01ED640E364D1965779.d.A595186C6EA4AB5C173BA3C0F4D01273.e.3847'}]}
DEBUG:urllib3.connectionpool:http://localhost:64901 "POST /session/27a9619306b249ce4b120f5b06cbd5b1/execute/sync HTTP/1.1" 200 0
DEBUG:selenium.webdriver.remote.remote_connection:Remote response: status=200 | data={"value":false} | headers=HTTPHeaderDict({'Content-Length': '15', 'Content-Type': 'application/json; charset=utf-8', 'cache-control': 'no-cache'})
DEBUG:selenium.webdriver.remote.remote_connection:Finished Request
DEBUG:selenium.webdriver.remote.remote_connection:POST http://localhost:64901/session/27a9619306b249ce4b120f5b06cbd5b1/element {'using': 'css selector', 'value': '.onetrust-close-btn-handler'}
DEBUG:urllib3.connectionpool:http://localhost:64901 "POST /session/27a9619306b249ce4b120f5b06cbd5b1/element HTTP/1.1" 200 0
DEBUG:selenium.webdriver.remote.remote_connection:Remote response: status=200 | data={"value":{"element-6066-11e4-a52e-4f735466cecf":"f.6FE8736831DAB01ED640E364D1965779.d.A595186C6EA4AB5C173BA3C0F4D01273.e.3847"}} | headers=HTTPHeaderDict({'Content-Length': '128', 'Content-Type': 'application/json; charset=utf-8', 'cache-control': 'no-cache'})
DEBUG:selenium.webdriver.remote.remote_connection:Finished Request
DEBUG:selenium.webdriver.remote.remote_connection:POST http://localhost:64901/session/27a9619306b249ce4b120f5b06cbd5b1/execute/sync {'script': '/* isDisplayed */return (function(){return (function(){var g=this||self;\nfunction aa(a){var b=typeof...', 'args': [{'element-6066-11e4-a52e-4f735466cecf': 'f.6FE8736831DAB01ED640E364D1965779.d.A595186C6EA4AB5C173BA3C0F4D01273.e.3847'}]}
DEBUG:urllib3.connectionpool:http://localhost:64901 "POST /session/27a9619306b249ce4b120f5b06cbd5b1/execute/sync HTTP/1.1" 200 0
DEBUG:selenium.webdriver.remote.remote_connection:Remote response: status=200 | data={"value":false} | headers=HTTPHeaderDict({'Content-Length': '15', 'Content-Type': 'application/json; charset=utf-8', 'cache-control': 'no-cache'})
DEBUG:selenium.webdriver.remote.remote_connection:Finished Request
DEBUG:selenium.webdriver.remote.remote_connection:POST http://localhost:64901/session/27a9619306b249ce4b120f5b06cbd5b1/element {'using': 'css selector', 'value': '.onetrust-close-btn-handler'}
DEBUG:urllib3.connectionpool:http://localhost:64901 "POST /session/27a9619306b249ce4b120f5b06cbd5b1/element HTTP/1.1" 200 0
DEBUG:selenium.webdriver.remote.remote_connection:Remote response: status=200 | data={"value":{"element-6066-11e4-a52e-4f735466cecf":"f.6FE8736831DAB01ED640E364D1965779.d.A595186C6EA4AB5C173BA3C0F4D01273.e.3847"}} | headers=HTTPHeaderDict({'Content-Length': '128', 'Content-Type': 'application/json; charset=utf-8', 'cache-control': 'no-cache'})
DEBUG:selenium.webdriver.remote.remote_connection:Finished Request
DEBUG:selenium.webdriver.remote.remote_connection:POST http://localhost:64901/session/27a9619306b249ce4b120f5b06cbd5b1/execute/sync {'script': '/* isDisplayed */return (function(){return (function(){var g=this||self;\nfunction aa(a){var b=typeof...', 'args': [{'element-6066-11e4-a52e-4f735466cecf': 'f.6FE8736831DAB01ED640E364D1965779.d.A595186C6EA4AB5C173BA3C0F4D01273.e.3847'}]}
DEBUG:urllib3.connectionpool:http://localhost:64901 "POST /session/27a9619306b249ce4b120f5b06cbd5b1/execute/sync HTTP/1.1" 200 0
DEBUG:selenium.webdriver.remote.remote_connection:Remote response: status=200 | data={"value":false} | headers=HTTPHeaderDict({'Content-Length': '15', 'Content-Type': 'application/json; charset=utf-8', 'cache-control': 'no-cache'})
DEBUG:selenium.webdriver.remote.remote_connection:Finished Request
DEBUG:selenium.webdriver.remote.remote_connection:POST http://localhost:64901/session/27a9619306b249ce4b120f5b06cbd5b1/element {'using': 'css selector', 'value': '.onetrust-close-btn-handler'}
DEBUG:urllib3.connectionpool:http://localhost:64901 "POST /session/27a9619306b249ce4b120f5b06cbd5b1/element HTTP/1.1" 200 0
DEBUG:selenium.webdriver.remote.remote_connection:Remote response: status=200 | data={"value":{"element-6066-11e4-a52e-4f735466cecf":"f.6FE8736831DAB01ED640E364D1965779.d.A595186C6EA4AB5C173BA3C0F4D01273.e.3847"}} | headers=HTTPHeaderDict({'Content-Length': '128', 'Content-Type': 'application/json; charset=utf-8', 'cache-control': 'no-cache'})
DEBUG:selenium.webdriver.remote.remote_connection:Finished Request
DEBUG:selenium.webdriver.remote.remote_connection:POST http://localhost:64901/session/27a9619306b249ce4b120f5b06cbd5b1/execute/sync {'script': '/* isDisplayed */return (function(){return (function(){var g=this||self;\nfunction aa(a){var b=typeof...', 'args': [{'element-6066-11e4-a52e-4f735466cecf': 'f.6FE8736831DAB01ED640E364D1965779.d.A595186C6EA4AB5C173BA3C0F4D01273.e.3847'}]}
DEBUG:urllib3.connectionpool:http://localhost:64901 "POST /session/27a9619306b249ce4b120f5b06cbd5b1/execute/sync HTTP/1.1" 200 0
DEBUG:selenium.webdriver.remote.remote_connection:Remote response: status=200 | data={"value":false} | headers=HTTPHeaderDict({'Content-Length': '15', 'Content-Type': 'application/json; charset=utf-8', 'cache-control': 'no-cache'})
DEBUG:selenium.webdriver.remote.remote_connection:Finished Request
DEBUG:selenium.webdriver.remote.remote_connection:POST http://localhost:64901/session/27a9619306b249ce4b120f5b06cbd5b1/element {'using': 'css selector', 'value': '.onetrust-close-btn-handler'}
DEBUG:urllib3.connectionpool:http://localhost:64901 "POST /session/27a9619306b249ce4b120f5b06cbd5b1/element HTTP/1.1" 200 0
DEBUG:selenium.webdriver.remote.remote_connection:Remote response: status=200 | data={"value":{"element-6066-11e4-a52e-4f735466cecf":"f.6FE8736831DAB01ED640E364D1965779.d.A595186C6EA4AB5C173BA3C0F4D01273.e.3847"}} | headers=HTTPHeaderDict({'Content-Length': '128', 'Content-Type': 'application/json; charset=utf-8', 'cache-control': 'no-cache'})
DEBUG:selenium.webdriver.remote.remote_connection:Finished Request
DEBUG:selenium.webdriver.remote.remote_connection:POST http://localhost:64901/session/27a9619306b249ce4b120f5b06cbd5b1/execute/sync {'script': '/* isDisplayed */return (function(){return (function(){var g=this||self;\nfunction aa(a){var b=typeof...', 'args': [{'element-6066-11e4-a52e-4f735466cecf': 'f.6FE8736831DAB01ED640E364D1965779.d.A595186C6EA4AB5C173BA3C0F4D01273.e.3847'}]}
DEBUG:urllib3.connectionpool:http://localhost:64901 "POST /session/27a9619306b249ce4b120f5b06cbd5b1/execute/sync HTTP/1.1" 200 0
DEBUG:selenium.webdriver.remote.remote_connection:Remote response: status=200 | data={"value":false} | headers=HTTPHeaderDict({'Content-Length': '15', 'Content-Type': 'application/json; charset=utf-8', 'cache-control': 'no-cache'})
DEBUG:selenium.webdriver.remote.remote_connection:Finished Request
DEBUG:selenium.webdriver.remote.remote_connection:POST http://localhost:64901/session/27a9619306b249ce4b120f5b06cbd5b1/element {'using': 'css selector', 'value': '.onetrust-close-btn-handler'}
DEBUG:urllib3.connectionpool:http://localhost:64901 "POST /session/27a9619306b249ce4b120f5b06cbd5b1/element HTTP/1.1" 200 0
DEBUG:selenium.webdriver.remote.remote_connection:Remote response: status=200 | data={"value":{"element-6066-11e4-a52e-4f735466cecf":"f.6FE8736831DAB01ED640E364D1965779.d.A595186C6EA4AB5C173BA3C0F4D01273.e.3847"}} | headers=HTTPHeaderDict({'Content-Length': '128', 'Content-Type': 'application/json; charset=utf-8', 'cache-control': 'no-cache'})
DEBUG:selenium.webdriver.remote.remote_connection:Finished Request
DEBUG:selenium.webdriver.remote.remote_connection:POST http://localhost:64901/session/27a9619306b249ce4b120f5b06cbd5b1/execute/sync {'script': '/* isDisplayed */return (function(){return (function(){var g=this||self;\nfunction aa(a){var b=typeof...', 'args': [{'element-6066-11e4-a52e-4f735466cecf': 'f.6FE8736831DAB01ED640E364D1965779.d.A595186C6EA4AB5C173BA3C0F4D01273.e.3847'}]}
DEBUG:urllib3.connectionpool:http://localhost:64901 "POST /session/27a9619306b249ce4b120f5b06cbd5b1/execute/sync HTTP/1.1" 200 0
DEBUG:selenium.webdriver.remote.remote_connection:Remote response: status=200 | data={"value":false} | headers=HTTPHeaderDict({'Content-Length': '15', 'Content-Type': 'application/json; charset=utf-8', 'cache-control': 'no-cache'})
DEBUG:selenium.webdriver.remote.remote_connection:Finished Request
DEBUG:selenium.webdriver.remote.remote_connection:POST http://localhost:64901/session/27a9619306b249ce4b120f5b06cbd5b1/element {'using': 'css selector', 'value': '.onetrust-close-btn-handler'}
DEBUG:urllib3.connectionpool:http://localhost:64901 "POST /session/27a9619306b249ce4b120f5b06cbd5b1/element HTTP/1.1" 200 0
DEBUG:selenium.webdriver.remote.remote_connection:Remote response: status=200 | data={"value":{"element-6066-11e4-a52e-4f735466cecf":"f.6FE8736831DAB01ED640E364D1965779.d.A595186C6EA4AB5C173BA3C0F4D01273.e.3847"}} | headers=HTTPHeaderDict({'Content-Length': '128', 'Content-Type': 'application/json; charset=utf-8', 'cache-control': 'no-cache'})
DEBUG:selenium.webdriver.remote.remote_connection:Finished Request
DEBUG:selenium.webdriver.remote.remote_connection:POST http://localhost:64901/session/27a9619306b249ce4b120f5b06cbd5b1/execute/sync {'script': '/* isDisplayed */return (function(){return (function(){var g=this||self;\nfunction aa(a){var b=typeof...', 'args': [{'element-6066-11e4-a52e-4f735466cecf': 'f.6FE8736831DAB01ED640E364D1965779.d.A595186C6EA4AB5C173BA3C0F4D01273.e.3847'}]}
DEBUG:urllib3.connectionpool:http://localhost:64901 "POST /session/27a9619306b249ce4b120f5b06cbd5b1/execute/sync HTTP/1.1" 200 0
DEBUG:selenium.webdriver.remote.remote_connection:Remote response: status=200 | data={"value":false} | headers=HTTPHeaderDict({'Content-Length': '15', 'Content-Type': 'application/json; charset=utf-8', 'cache-control': 'no-cache'})
DEBUG:selenium.webdriver.remote.remote_connection:Finished Request
DEBUG:selenium.webdriver.remote.remote_connection:POST http://localhost:64901/session/27a9619306b249ce4b120f5b06cbd5b1/element {'using': 'css selector', 'value': '.onetrust-close-btn-handler'}
DEBUG:urllib3.connectionpool:http://localhost:64901 "POST /session/27a9619306b249ce4b120f5b06cbd5b1/element HTTP/1.1" 200 0
DEBUG:selenium.webdriver.remote.remote_connection:Remote response: status=200 | data={"value":{"element-6066-11e4-a52e-4f735466cecf":"f.6FE8736831DAB01ED640E364D1965779.d.A595186C6EA4AB5C173BA3C0F4D01273.e.3847"}} | headers=HTTPHeaderDict({'Content-Length': '128', 'Content-Type': 'application/json; charset=utf-8', 'cache-control': 'no-cache'})
DEBUG:selenium.webdriver.remote.remote_connection:Finished Request
DEBUG:selenium.webdriver.remote.remote_connection:POST http://localhost:64901/session/27a9619306b249ce4b120f5b06cbd5b1/execute/sync {'script': '/* isDisplayed */return (function(){return (function(){var g=this||self;\nfunction aa(a){var b=typeof...', 'args': [{'element-6066-11e4-a52e-4f735466cecf': 'f.6FE8736831DAB01ED640E364D1965779.d.A595186C6EA4AB5C173BA3C0F4D01273.e.3847'}]}
DEBUG:urllib3.connectionpool:http://localhost:64901 "POST /session/27a9619306b249ce4b120f5b06cbd5b1/execute/sync HTTP/1.1" 200 0
DEBUG:selenium.webdriver.remote.remote_connection:Remote response: status=200 | data={"value":false} | headers=HTTPHeaderDict({'Content-Length': '15', 'Content-Type': 'application/json; charset=utf-8', 'cache-control': 'no-cache'})
DEBUG:selenium.webdriver.remote.remote_connection:Finished Request
DEBUG:selenium.webdriver.remote.remote_connection:POST http://localhost:64901/session/27a9619306b249ce4b120f5b06cbd5b1/element {'using': 'css selector', 'value': '.onetrust-close-btn-handler'}
DEBUG:urllib3.connectionpool:http://localhost:64901 "POST /session/27a9619306b249ce4b120f5b06cbd5b1/element HTTP/1.1" 200 0
DEBUG:selenium.webdriver.remote.remote_connection:Remote response: status=200 | data={"value":{"element-6066-11e4-a52e-4f735466cecf":"f.6FE8736831DAB01ED640E364D1965779.d.A595186C6EA4AB5C173BA3C0F4D01273.e.3847"}} | headers=HTTPHeaderDict({'Content-Length': '128', 'Content-Type': 'application/json; charset=utf-8', 'cache-control': 'no-cache'})
DEBUG:selenium.webdriver.remote.remote_connection:Finished Request
DEBUG:selenium.webdriver.remote.remote_connection:POST http://localhost:64901/session/27a9619306b249ce4b120f5b06cbd5b1/execute/sync {'script': '/* isDisplayed */return (function(){return (function(){var g=this||self;\nfunction aa(a){var b=typeof...', 'args': [{'element-6066-11e4-a52e-4f735466cecf': 'f.6FE8736831DAB01ED640E364D1965779.d.A595186C6EA4AB5C173BA3C0F4D01273.e.3847'}]}
DEBUG:urllib3.connectionpool:http://localhost:64901 "POST /session/27a9619306b249ce4b120f5b06cbd5b1/execute/sync HTTP/1.1" 200 0
DEBUG:selenium.webdriver.remote.remote_connection:Remote response: status=200 | data={"value":false} | headers=HTTPHeaderDict({'Content-Length': '15', 'Content-Type': 'application/json; charset=utf-8', 'cache-control': 'no-cache'})
DEBUG:selenium.webdriver.remote.remote_connection:Finished Request
DEBUG:selenium.webdriver.remote.remote_connection:POST http://localhost:64901/session/27a9619306b249ce4b120f5b06cbd5b1/element {'using': 'css selector', 'value': '.onetrust-close-btn-handler'}
DEBUG:urllib3.connectionpool:http://localhost:64901 "POST /session/27a9619306b249ce4b120f5b06cbd5b1/element HTTP/1.1" 200 0
DEBUG:selenium.webdriver.remote.remote_connection:Remote response: status=200 | data={"value":{"element-6066-11e4-a52e-4f735466cecf":"f.6FE8736831DAB01ED640E364D1965779.d.A595186C6EA4AB5C173BA3C0F4D01273.e.3847"}} | headers=HTTPHeaderDict({'Content-Length': '128', 'Content-Type': 'application/json; charset=utf-8', 'cache-control': 'no-cache'})
DEBUG:selenium.webdriver.remote.remote_connection:Finished Request
DEBUG:selenium.webdriver.remote.remote_connection:POST http://localhost:64901/session/27a9619306b249ce4b120f5b06cbd5b1/execute/sync {'script': '/* isDisplayed */return (function(){return (function(){var g=this||self;\nfunction aa(a){var b=typeof...', 'args': [{'element-6066-11e4-a52e-4f735466cecf': 'f.6FE8736831DAB01ED640E364D1965779.d.A595186C6EA4AB5C173BA3C0F4D01273.e.3847'}]}
DEBUG:urllib3.connectionpool:http://localhost:64901 "POST /session/27a9619306b249ce4b120f5b06cbd5b1/execute/sync HTTP/1.1" 200 0
DEBUG:selenium.webdriver.remote.remote_connection:Remote response: status=200 | data={"value":false} | headers=HTTPHeaderDict({'Content-Length': '15', 'Content-Type': 'application/json; charset=utf-8', 'cache-control': 'no-cache'})
DEBUG:selenium.webdriver.remote.remote_connection:Finished Request
DEBUG:selenium.webdriver.remote.remote_connection:POST http://localhost:64901/session/27a9619306b249ce4b120f5b06cbd5b1/element {'using': 'css selector', 'value': '.onetrust-close-btn-handler'}
DEBUG:urllib3.connectionpool:http://localhost:64901 "POST /session/27a9619306b249ce4b120f5b06cbd5b1/element HTTP/1.1" 200 0
DEBUG:selenium.webdriver.remote.remote_connection:Remote response: status=200 | data={"value":{"element-6066-11e4-a52e-4f735466cecf":"f.6FE8736831DAB01ED640E364D1965779.d.A595186C6EA4AB5C173BA3C0F4D01273.e.3847"}} | headers=HTTPHeaderDict({'Content-Length': '128', 'Content-Type': 'application/json; charset=utf-8', 'cache-control': 'no-cache'})
DEBUG:selenium.webdriver.remote.remote_connection:Finished Request
DEBUG:selenium.webdriver.remote.remote_connection:POST http://localhost:64901/session/27a9619306b249ce4b120f5b06cbd5b1/execute/sync {'script': '/* isDisplayed */return (function(){return (function(){var g=this||self;\nfunction aa(a){var b=typeof...', 'args': [{'element-6066-11e4-a52e-4f735466cecf': 'f.6FE8736831DAB01ED640E364D1965779.d.A595186C6EA4AB5C173BA3C0F4D01273.e.3847'}]}
DEBUG:urllib3.connectionpool:http://localhost:64901 "POST /session/27a9619306b249ce4b120f5b06cbd5b1/execute/sync HTTP/1.1" 200 0
DEBUG:selenium.webdriver.remote.remote_connection:Remote response: status=200 | data={"value":false} | headers=HTTPHeaderDict({'Content-Length': '15', 'Content-Type': 'application/json; charset=utf-8', 'cache-control': 'no-cache'})
DEBUG:selenium.webdriver.remote.remote_connection:Finished Request
DEBUG:selenium.webdriver.remote.remote_connection:POST http://localhost:64901/session/27a9619306b249ce4b120f5b06cbd5b1/element {'using': 'css selector', 'value': '.onetrust-close-btn-handler'}
DEBUG:urllib3.connectionpool:http://localhost:64901 "POST /session/27a9619306b249ce4b120f5b06cbd5b1/element HTTP/1.1" 200 0
DEBUG:selenium.webdriver.remote.remote_connection:Remote response: status=200 | data={"value":{"element-6066-11e4-a52e-4f735466cecf":"f.6FE8736831DAB01ED640E364D1965779.d.A595186C6EA4AB5C173BA3C0F4D01273.e.3847"}} | headers=HTTPHeaderDict({'Content-Length': '128', 'Content-Type': 'application/json; charset=utf-8', 'cache-control': 'no-cache'})
DEBUG:selenium.webdriver.remote.remote_connection:Finished Request
DEBUG:selenium.webdriver.remote.remote_connection:POST http://localhost:64901/session/27a9619306b249ce4b120f5b06cbd5b1/execute/sync {'script': '/* isDisplayed */return (function(){return (function(){var g=this||self;\nfunction aa(a){var b=typeof...', 'args': [{'element-6066-11e4-a52e-4f735466cecf': 'f.6FE8736831DAB01ED640E364D1965779.d.A595186C6EA4AB5C173BA3C0F4D01273.e.3847'}]}
DEBUG:urllib3.connectionpool:http://localhost:64901 "POST /session/27a9619306b249ce4b120f5b06cbd5b1/execute/sync HTTP/1.1" 200 0
DEBUG:selenium.webdriver.remote.remote_connection:Remote response: status=200 | data={"value":false} | headers=HTTPHeaderDict({'Content-Length': '15', 'Content-Type': 'application/json; charset=utf-8', 'cache-control': 'no-cache'})
DEBUG:selenium.webdriver.remote.remote_connection:Finished Request
DEBUG:selenium.webdriver.remote.remote_connection:POST http://localhost:64901/session/27a9619306b249ce4b120f5b06cbd5b1/element {'using': 'css selector', 'value': '.onetrust-close-btn-handler'}
DEBUG:urllib3.connectionpool:http://localhost:64901 "POST /session/27a9619306b249ce4b120f5b06cbd5b1/element HTTP/1.1" 200 0
DEBUG:selenium.webdriver.remote.remote_connection:Remote response: status=200 | data={"value":{"element-6066-11e4-a52e-4f735466cecf":"f.6FE8736831DAB01ED640E364D1965779.d.A595186C6EA4AB5C173BA3C0F4D01273.e.3847"}} | headers=HTTPHeaderDict({'Content-Length': '128', 'Content-Type': 'application/json; charset=utf-8', 'cache-control': 'no-cache'})
DEBUG:selenium.webdriver.remote.remote_connection:Finished Request
DEBUG:selenium.webdriver.remote.remote_connection:POST http://localhost:64901/session/27a9619306b249ce4b120f5b06cbd5b1/execute/sync {'script': '/* isDisplayed */return (function(){return (function(){var g=this||self;\nfunction aa(a){var b=typeof...', 'args': [{'element-6066-11e4-a52e-4f735466cecf': 'f.6FE8736831DAB01ED640E364D1965779.d.A595186C6EA4AB5C173BA3C0F4D01273.e.3847'}]}
DEBUG:urllib3.connectionpool:http://localhost:64901 "POST /session/27a9619306b249ce4b120f5b06cbd5b1/execute/sync HTTP/1.1" 200 0
DEBUG:selenium.webdriver.remote.remote_connection:Remote response: status=200 | data={"value":false} | headers=HTTPHeaderDict({'Content-Length': '15', 'Content-Type': 'application/json; charset=utf-8', 'cache-control': 'no-cache'})
DEBUG:selenium.webdriver.remote.remote_connection:Finished Request
DEBUG:selenium.webdriver.remote.remote_connection:POST http://localhost:64901/session/27a9619306b249ce4b120f5b06cbd5b1/element {'using': 'css selector', 'value': '.onetrust-close-btn-handler'}
DEBUG:urllib3.connectionpool:http://localhost:64901 "POST /session/27a9619306b249ce4b120f5b06cbd5b1/element HTTP/1.1" 200 0
DEBUG:selenium.webdriver.remote.remote_connection:Remote response: status=200 | data={"value":{"element-6066-11e4-a52e-4f735466cecf":"f.6FE8736831DAB01ED640E364D1965779.d.A595186C6EA4AB5C173BA3C0F4D01273.e.3847"}} | headers=HTTPHeaderDict({'Content-Length': '128', 'Content-Type': 'application/json; charset=utf-8', 'cache-control': 'no-cache'})
DEBUG:selenium.webdriver.remote.remote_connection:Finished Request
DEBUG:selenium.webdriver.remote.remote_connection:POST http://localhost:64901/session/27a9619306b249ce4b120f5b06cbd5b1/execute/sync {'script': '/* isDisplayed */return (function(){return (function(){var g=this||self;\nfunction aa(a){var b=typeof...', 'args': [{'element-6066-11e4-a52e-4f735466cecf': 'f.6FE8736831DAB01ED640E364D1965779.d.A595186C6EA4AB5C173BA3C0F4D01273.e.3847'}]}
DEBUG:urllib3.connectionpool:http://localhost:64901 "POST /session/27a9619306b249ce4b120f5b06cbd5b1/execute/sync HTTP/1.1" 200 0
DEBUG:selenium.webdriver.remote.remote_connection:Remote response: status=200 | data={"value":false} | headers=HTTPHeaderDict({'Content-Length': '15', 'Content-Type': 'application/json; charset=utf-8', 'cache-control': 'no-cache'})
DEBUG:selenium.webdriver.remote.remote_connection:Finished Request
DEBUG:selenium.webdriver.remote.remote_connection:POST http://localhost:64901/session/27a9619306b249ce4b120f5b06cbd5b1/element {'using': 'css selector', 'value': '.onetrust-close-btn-handler'}
DEBUG:urllib3.connectionpool:http://localhost:64901 "POST /session/27a9619306b249ce4b120f5b06cbd5b1/element HTTP/1.1" 200 0
DEBUG:selenium.webdriver.remote.remote_connection:Remote response: status=200 | data={"value":{"element-6066-11e4-a52e-4f735466cecf":"f.6FE8736831DAB01ED640E364D1965779.d.A595186C6EA4AB5C173BA3C0F4D01273.e.3847"}} | headers=HTTPHeaderDict({'Content-Length': '128', 'Content-Type': 'application/json; charset=utf-8', 'cache-control': 'no-cache'})
DEBUG:selenium.webdriver.remote.remote_connection:Finished Request
DEBUG:selenium.webdriver.remote.remote_connection:POST http://localhost:64901/session/27a9619306b249ce4b120f5b06cbd5b1/execute/sync {'script': '/* isDisplayed */return (function(){return (function(){var g=this||self;\nfunction aa(a){var b=typeof...', 'args': [{'element-6066-11e4-a52e-4f735466cecf': 'f.6FE8736831DAB01ED640E364D1965779.d.A595186C6EA4AB5C173BA3C0F4D01273.e.3847'}]}
DEBUG:urllib3.connectionpool:http://localhost:64901 "POST /session/27a9619306b249ce4b120f5b06cbd5b1/execute/sync HTTP/1.1" 200 0
DEBUG:selenium.webdriver.remote.remote_connection:Remote response: status=200 | data={"value":false} | headers=HTTPHeaderDict({'Content-Length': '15', 'Content-Type': 'application/json; charset=utf-8', 'cache-control': 'no-cache'})
DEBUG:selenium.webdriver.remote.remote_connection:Finished Request
DEBUG:selenium.webdriver.remote.remote_connection:POST http://localhost:64901/session/27a9619306b249ce4b120f5b06cbd5b1/element {'using': 'css selector', 'value': '.onetrust-close-btn-handler'}
DEBUG:urllib3.connectionpool:http://localhost:64901 "POST /session/27a9619306b249ce4b120f5b06cbd5b1/element HTTP/1.1" 200 0
DEBUG:selenium.webdriver.remote.remote_connection:Remote response: status=200 | data={"value":{"element-6066-11e4-a52e-4f735466cecf":"f.6FE8736831DAB01ED640E364D1965779.d.A595186C6EA4AB5C173BA3C0F4D01273.e.3847"}} | headers=HTTPHeaderDict({'Content-Length': '128', 'Content-Type': 'application/json; charset=utf-8', 'cache-control': 'no-cache'})
DEBUG:selenium.webdriver.remote.remote_connection:Finished Request
DEBUG:selenium.webdriver.remote.remote_connection:POST http://localhost:64901/session/27a9619306b249ce4b120f5b06cbd5b1/execute/sync {'script': '/* isDisplayed */return (function(){return (function(){var g=this||self;\nfunction aa(a){var b=typeof...', 'args': [{'element-6066-11e4-a52e-4f735466cecf': 'f.6FE8736831DAB01ED640E364D1965779.d.A595186C6EA4AB5C173BA3C0F4D01273.e.3847'}]}
DEBUG:urllib3.connectionpool:http://localhost:64901 "POST /session/27a9619306b249ce4b120f5b06cbd5b1/execute/sync HTTP/1.1" 200 0
DEBUG:selenium.webdriver.remote.remote_connection:Remote response: status=200 | data={"value":false} | headers=HTTPHeaderDict({'Content-Length': '15', 'Content-Type': 'application/json; charset=utf-8', 'cache-control': 'no-cache'})
DEBUG:selenium.webdriver.remote.remote_connection:Finished Request
DEBUG:selenium.webdriver.remote.remote_connection:POST http://localhost:64901/session/27a9619306b249ce4b120f5b06cbd5b1/element {'using': 'css selector', 'value': '.onetrust-close-btn-handler'}
DEBUG:urllib3.connectionpool:http://localhost:64901 "POST /session/27a9619306b249ce4b120f5b06cbd5b1/element HTTP/1.1" 200 0
DEBUG:selenium.webdriver.remote.remote_connection:Remote response: status=200 | data={"value":{"element-6066-11e4-a52e-4f735466cecf":"f.6FE8736831DAB01ED640E364D1965779.d.A595186C6EA4AB5C173BA3C0F4D01273.e.3847"}} | headers=HTTPHeaderDict({'Content-Length': '128', 'Content-Type': 'application/json; charset=utf-8', 'cache-control': 'no-cache'})
DEBUG:selenium.webdriver.remote.remote_connection:Finished Request
DEBUG:selenium.webdriver.remote.remote_connection:POST http://localhost:64901/session/27a9619306b249ce4b120f5b06cbd5b1/execute/sync {'script': '/* isDisplayed */return (function(){return (function(){var g=this||self;\nfunction aa(a){var b=typeof...', 'args': [{'element-6066-11e4-a52e-4f735466cecf': 'f.6FE8736831DAB01ED640E364D1965779.d.A595186C6EA4AB5C173BA3C0F4D01273.e.3847'}]}
DEBUG:urllib3.connectionpool:http://localhost:64901 "POST /session/27a9619306b249ce4b120f5b06cbd5b1/execute/sync HTTP/1.1" 200 0
DEBUG:selenium.webdriver.remote.remote_connection:Remote response: status=200 | data={"value":false} | headers=HTTPHeaderDict({'Content-Length': '15', 'Content-Type': 'application/json; charset=utf-8', 'cache-control': 'no-cache'})
DEBUG:selenium.webdriver.remote.remote_connection:Finished Request
DEBUG:selenium.webdriver.remote.remote_connection:POST http://localhost:64901/session/27a9619306b249ce4b120f5b06cbd5b1/element {'using': 'css selector', 'value': '.onetrust-close-btn-handler'}
DEBUG:urllib3.connectionpool:http://localhost:64901 "POST /session/27a9619306b249ce4b120f5b06cbd5b1/element HTTP/1.1" 200 0
DEBUG:selenium.webdriver.remote.remote_connection:Remote response: status=200 | data={"value":{"element-6066-11e4-a52e-4f735466cecf":"f.6FE8736831DAB01ED640E364D1965779.d.A595186C6EA4AB5C173BA3C0F4D01273.e.3847"}} | headers=HTTPHeaderDict({'Content-Length': '128', 'Content-Type': 'application/json; charset=utf-8', 'cache-control': 'no-cache'})
DEBUG:selenium.webdriver.remote.remote_connection:Finished Request
DEBUG:selenium.webdriver.remote.remote_connection:POST http://localhost:64901/session/27a9619306b249ce4b120f5b06cbd5b1/execute/sync {'script': '/* isDisplayed */return (function(){return (function(){var g=this||self;\nfunction aa(a){var b=typeof...', 'args': [{'element-6066-11e4-a52e-4f735466cecf': 'f.6FE8736831DAB01ED640E364D1965779.d.A595186C6EA4AB5C173BA3C0F4D01273.e.3847'}]}
DEBUG:urllib3.connectionpool:http://localhost:64901 "POST /session/27a9619306b249ce4b120f5b06cbd5b1/execute/sync HTTP/1.1" 200 0
DEBUG:selenium.webdriver.remote.remote_connection:Remote response: status=200 | data={"value":false} | headers=HTTPHeaderDict({'Content-Length': '15', 'Content-Type': 'application/json; charset=utf-8', 'cache-control': 'no-cache'})
DEBUG:selenium.webdriver.remote.remote_connection:Finished Request
DEBUG:selenium.webdriver.remote.remote_connection:POST http://localhost:64901/session/27a9619306b249ce4b120f5b06cbd5b1/element {'using': 'css selector', 'value': '.onetrust-close-btn-handler'}
DEBUG:urllib3.connectionpool:http://localhost:64901 "POST /session/27a9619306b249ce4b120f5b06cbd5b1/element HTTP/1.1" 200 0
DEBUG:selenium.webdriver.remote.remote_connection:Remote response: status=200 | data={"value":{"element-6066-11e4-a52e-4f735466cecf":"f.6FE8736831DAB01ED640E364D1965779.d.A595186C6EA4AB5C173BA3C0F4D01273.e.3847"}} | headers=HTTPHeaderDict({'Content-Length': '128', 'Content-Type': 'application/json; charset=utf-8', 'cache-control': 'no-cache'})
DEBUG:selenium.webdriver.remote.remote_connection:Finished Request
DEBUG:selenium.webdriver.remote.remote_connection:POST http://localhost:64901/session/27a9619306b249ce4b120f5b06cbd5b1/execute/sync {'script': '/* isDisplayed */return (function(){return (function(){var g=this||self;\nfunction aa(a){var b=typeof...', 'args': [{'element-6066-11e4-a52e-4f735466cecf': 'f.6FE8736831DAB01ED640E364D1965779.d.A595186C6EA4AB5C173BA3C0F4D01273.e.3847'}]}
DEBUG:urllib3.connectionpool:http://localhost:64901 "POST /session/27a9619306b249ce4b120f5b06cbd5b1/execute/sync HTTP/1.1" 200 0
DEBUG:selenium.webdriver.remote.remote_connection:Remote response: status=200 | data={"value":false} | headers=HTTPHeaderDict({'Content-Length': '15', 'Content-Type': 'application/json; charset=utf-8', 'cache-control': 'no-cache'})
DEBUG:selenium.webdriver.remote.remote_connection:Finished Request
DEBUG:selenium.webdriver.remote.remote_connection:POST http://localhost:64901/session/27a9619306b249ce4b120f5b06cbd5b1/element {'using': 'css selector', 'value': '.onetrust-close-btn-handler'}
DEBUG:urllib3.connectionpool:http://localhost:64901 "POST /session/27a9619306b249ce4b120f5b06cbd5b1/element HTTP/1.1" 200 0
DEBUG:selenium.webdriver.remote.remote_connection:Remote response: status=200 | data={"value":{"element-6066-11e4-a52e-4f735466cecf":"f.6FE8736831DAB01ED640E364D1965779.d.A595186C6EA4AB5C173BA3C0F4D01273.e.3847"}} | headers=HTTPHeaderDict({'Content-Length': '128', 'Content-Type': 'application/json; charset=utf-8', 'cache-control': 'no-cache'})
DEBUG:selenium.webdriver.remote.remote_connection:Finished Request
DEBUG:selenium.webdriver.remote.remote_connection:POST http://localhost:64901/session/27a9619306b249ce4b120f5b06cbd5b1/execute/sync {'script': '/* isDisplayed */return (function(){return (function(){var g=this||self;\nfunction aa(a){var b=typeof...', 'args': [{'element-6066-11e4-a52e-4f735466cecf': 'f.6FE8736831DAB01ED640E364D1965779.d.A595186C6EA4AB5C173BA3C0F4D01273.e.3847'}]}
DEBUG:urllib3.connectionpool:http://localhost:64901 "POST /session/27a9619306b249ce4b120f5b06cbd5b1/execute/sync HTTP/1.1" 200 0
DEBUG:selenium.webdriver.remote.remote_connection:Remote response: status=200 | data={"value":false} | headers=HTTPHeaderDict({'Content-Length': '15', 'Content-Type': 'application/json; charset=utf-8', 'cache-control': 'no-cache'})
DEBUG:selenium.webdriver.remote.remote_connection:Finished Request
DEBUG:selenium.webdriver.remote.remote_connection:POST http://localhost:64901/session/27a9619306b249ce4b120f5b06cbd5b1/element {'using': 'css selector', 'value': '.onetrust-close-btn-handler'}
DEBUG:urllib3.connectionpool:http://localhost:64901 "POST /session/27a9619306b249ce4b120f5b06cbd5b1/element HTTP/1.1" 200 0
DEBUG:selenium.webdriver.remote.remote_connection:Remote response: status=200 | data={"value":{"element-6066-11e4-a52e-4f735466cecf":"f.6FE8736831DAB01ED640E364D1965779.d.A595186C6EA4AB5C173BA3C0F4D01273.e.3847"}} | headers=HTTPHeaderDict({'Content-Length': '128', 'Content-Type': 'application/json; charset=utf-8', 'cache-control': 'no-cache'})
DEBUG:selenium.webdriver.remote.remote_connection:Finished Request
DEBUG:selenium.webdriver.remote.remote_connection:POST http://localhost:64901/session/27a9619306b249ce4b120f5b06cbd5b1/execute/sync {'script': '/* isDisplayed */return (function(){return (function(){var g=this||self;\nfunction aa(a){var b=typeof...', 'args': [{'element-6066-11e4-a52e-4f735466cecf': 'f.6FE8736831DAB01ED640E364D1965779.d.A595186C6EA4AB5C173BA3C0F4D01273.e.3847'}]}
DEBUG:urllib3.connectionpool:http://localhost:64901 "POST /session/27a9619306b249ce4b120f5b06cbd5b1/execute/sync HTTP/1.1" 200 0
DEBUG:selenium.webdriver.remote.remote_connection:Remote response: status=200 | data={"value":false} | headers=HTTPHeaderDict({'Content-Length': '15', 'Content-Type': 'application/json; charset=utf-8', 'cache-control': 'no-cache'})
DEBUG:selenium.webdriver.remote.remote_connection:Finished Request
DEBUG:selenium.webdriver.remote.remote_connection:POST http://localhost:64901/session/27a9619306b249ce4b120f5b06cbd5b1/element {'using': 'css selector', 'value': '.onetrust-close-btn-handler'}
DEBUG:urllib3.connectionpool:http://localhost:64901 "POST /session/27a9619306b249ce4b120f5b06cbd5b1/element HTTP/1.1" 200 0
DEBUG:selenium.webdriver.remote.remote_connection:Remote response: status=200 | data={"value":{"element-6066-11e4-a52e-4f735466cecf":"f.6FE8736831DAB01ED640E364D1965779.d.A595186C6EA4AB5C173BA3C0F4D01273.e.3847"}} | headers=HTTPHeaderDict({'Content-Length': '128', 'Content-Type': 'application/json; charset=utf-8', 'cache-control': 'no-cache'})
DEBUG:selenium.webdriver.remote.remote_connection:Finished Request
DEBUG:selenium.webdriver.remote.remote_connection:POST http://localhost:64901/session/27a9619306b249ce4b120f5b06cbd5b1/execute/sync {'script': '/* isDisplayed */return (function(){return (function(){var g=this||self;\nfunction aa(a){var b=typeof...', 'args': [{'element-6066-11e4-a52e-4f735466cecf': 'f.6FE8736831DAB01ED640E364D1965779.d.A595186C6EA4AB5C173BA3C0F4D01273.e.3847'}]}
DEBUG:urllib3.connectionpool:http://localhost:64901 "POST /session/27a9619306b249ce4b120f5b06cbd5b1/execute/sync HTTP/1.1" 200 0
DEBUG:selenium.webdriver.remote.remote_connection:Remote response: status=200 | data={"value":false} | headers=HTTPHeaderDict({'Content-Length': '15', 'Content-Type': 'application/json; charset=utf-8', 'cache-control': 'no-cache'})
DEBUG:selenium.webdriver.remote.remote_connection:Finished Request
DEBUG:selenium.webdriver.remote.remote_connection:POST http://localhost:64901/session/27a9619306b249ce4b120f5b06cbd5b1/element {'using': 'css selector', 'value': '.onetrust-close-btn-handler'}
DEBUG:urllib3.connectionpool:http://localhost:64901 "POST /session/27a9619306b249ce4b120f5b06cbd5b1/element HTTP/1.1" 200 0
DEBUG:selenium.webdriver.remote.remote_connection:Remote response: status=200 | data={"value":{"element-6066-11e4-a52e-4f735466cecf":"f.6FE8736831DAB01ED640E364D1965779.d.A595186C6EA4AB5C173BA3C0F4D01273.e.3847"}} | headers=HTTPHeaderDict({'Content-Length': '128', 'Content-Type': 'application/json; charset=utf-8', 'cache-control': 'no-cache'})
DEBUG:selenium.webdriver.remote.remote_connection:Finished Request
DEBUG:selenium.webdriver.remote.remote_connection:POST http://localhost:64901/session/27a9619306b249ce4b120f5b06cbd5b1/execute/sync {'script': '/* isDisplayed */return (function(){return (function(){var g=this||self;\nfunction aa(a){var b=typeof...', 'args': [{'element-6066-11e4-a52e-4f735466cecf': 'f.6FE8736831DAB01ED640E364D1965779.d.A595186C6EA4AB5C173BA3C0F4D01273.e.3847'}]}
DEBUG:urllib3.connectionpool:http://localhost:64901 "POST /session/27a9619306b249ce4b120f5b06cbd5b1/execute/sync HTTP/1.1" 200 0
DEBUG:selenium.webdriver.remote.remote_connection:Remote response: status=200 | data={"value":false} | headers=HTTPHeaderDict({'Content-Length': '15', 'Content-Type': 'application/json; charset=utf-8', 'cache-control': 'no-cache'})
DEBUG:selenium.webdriver.remote.remote_connection:Finished Request
DEBUG:selenium.webdriver.remote.remote_connection:POST http://localhost:64901/session/27a9619306b249ce4b120f5b06cbd5b1/element {'using': 'css selector', 'value': '.onetrust-close-btn-handler'}
DEBUG:urllib3.connectionpool:http://localhost:64901 "POST /session/27a9619306b249ce4b120f5b06cbd5b1/element HTTP/1.1" 200 0
DEBUG:selenium.webdriver.remote.remote_connection:Remote response: status=200 | data={"value":{"element-6066-11e4-a52e-4f735466cecf":"f.6FE8736831DAB01ED640E364D1965779.d.A595186C6EA4AB5C173BA3C0F4D01273.e.3847"}} | headers=HTTPHeaderDict({'Content-Length': '128', 'Content-Type': 'application/json; charset=utf-8', 'cache-control': 'no-cache'})
DEBUG:selenium.webdriver.remote.remote_connection:Finished Request
DEBUG:selenium.webdriver.remote.remote_connection:POST http://localhost:64901/session/27a9619306b249ce4b120f5b06cbd5b1/execute/sync {'script': '/* isDisplayed */return (function(){return (function(){var g=this||self;\nfunction aa(a){var b=typeof...', 'args': [{'element-6066-11e4-a52e-4f735466cecf': 'f.6FE8736831DAB01ED640E364D1965779.d.A595186C6EA4AB5C173BA3C0F4D01273.e.3847'}]}
DEBUG:urllib3.connectionpool:http://localhost:64901 "POST /session/27a9619306b249ce4b120f5b06cbd5b1/execute/sync HTTP/1.1" 200 0
DEBUG:selenium.webdriver.remote.remote_connection:Remote response: status=200 | data={"value":false} | headers=HTTPHeaderDict({'Content-Length': '15', 'Content-Type': 'application/json; charset=utf-8', 'cache-control': 'no-cache'})
DEBUG:selenium.webdriver.remote.remote_connection:Finished Request
DEBUG:selenium.webdriver.remote.remote_connection:POST http://localhost:64901/session/27a9619306b249ce4b120f5b06cbd5b1/element {'using': 'css selector', 'value': '.onetrust-close-btn-handler'}
DEBUG:urllib3.connectionpool:http://localhost:64901 "POST /session/27a9619306b249ce4b120f5b06cbd5b1/element HTTP/1.1" 200 0
DEBUG:selenium.webdriver.remote.remote_connection:Remote response: status=200 | data={"value":{"element-6066-11e4-a52e-4f735466cecf":"f.6FE8736831DAB01ED640E364D1965779.d.A595186C6EA4AB5C173BA3C0F4D01273.e.3847"}} | headers=HTTPHeaderDict({'Content-Length': '128', 'Content-Type': 'application/json; charset=utf-8', 'cache-control': 'no-cache'})
DEBUG:selenium.webdriver.remote.remote_connection:Finished Request
DEBUG:selenium.webdriver.remote.remote_connection:POST http://localhost:64901/session/27a9619306b249ce4b120f5b06cbd5b1/execute/sync {'script': '/* isDisplayed */return (function(){return (function(){var g=this||self;\nfunction aa(a){var b=typeof...', 'args': [{'element-6066-11e4-a52e-4f735466cecf': 'f.6FE8736831DAB01ED640E364D1965779.d.A595186C6EA4AB5C173BA3C0F4D01273.e.3847'}]}
DEBUG:urllib3.connectionpool:http://localhost:64901 "POST /session/27a9619306b249ce4b120f5b06cbd5b1/execute/sync HTTP/1.1" 200 0
DEBUG:selenium.webdriver.remote.remote_connection:Remote response: status=200 | data={"value":false} | headers=HTTPHeaderDict({'Content-Length': '15', 'Content-Type': 'application/json; charset=utf-8', 'cache-control': 'no-cache'})
DEBUG:selenium.webdriver.remote.remote_connection:Finished Request
DEBUG:selenium.webdriver.remote.remote_connection:POST http://localhost:64901/session/27a9619306b249ce4b120f5b06cbd5b1/element {'using': 'css selector', 'value': '.onetrust-close-btn-handler'}
DEBUG:urllib3.connectionpool:http://localhost:64901 "POST /session/27a9619306b249ce4b120f5b06cbd5b1/element HTTP/1.1" 200 0
DEBUG:selenium.webdriver.remote.remote_connection:Remote response: status=200 | data={"value":{"element-6066-11e4-a52e-4f735466cecf":"f.6FE8736831DAB01ED640E364D1965779.d.A595186C6EA4AB5C173BA3C0F4D01273.e.3847"}} | headers=HTTPHeaderDict({'Content-Length': '128', 'Content-Type': 'application/json; charset=utf-8', 'cache-control': 'no-cache'})
DEBUG:selenium.webdriver.remote.remote_connection:Finished Request
DEBUG:selenium.webdriver.remote.remote_connection:POST http://localhost:64901/session/27a9619306b249ce4b120f5b06cbd5b1/execute/sync {'script': '/* isDisplayed */return (function(){return (function(){var g=this||self;\nfunction aa(a){var b=typeof...', 'args': [{'element-6066-11e4-a52e-4f735466cecf': 'f.6FE8736831DAB01ED640E364D1965779.d.A595186C6EA4AB5C173BA3C0F4D01273.e.3847'}]}
DEBUG:urllib3.connectionpool:http://localhost:64901 "POST /session/27a9619306b249ce4b120f5b06cbd5b1/execute/sync HTTP/1.1" 200 0
DEBUG:selenium.webdriver.remote.remote_connection:Remote response: status=200 | data={"value":false} | headers=HTTPHeaderDict({'Content-Length': '15', 'Content-Type': 'application/json; charset=utf-8', 'cache-control': 'no-cache'})
DEBUG:selenium.webdriver.remote.remote_connection:Finished Request
DEBUG:selenium.webdriver.remote.remote_connection:POST http://localhost:64901/session/27a9619306b249ce4b120f5b06cbd5b1/element {'using': 'css selector', 'value': '.onetrust-close-btn-handler'}
DEBUG:urllib3.connectionpool:http://localhost:64901 "POST /session/27a9619306b249ce4b120f5b06cbd5b1/element HTTP/1.1" 200 0
DEBUG:selenium.webdriver.remote.remote_connection:Remote response: status=200 | data={"value":{"element-6066-11e4-a52e-4f735466cecf":"f.6FE8736831DAB01ED640E364D1965779.d.A595186C6EA4AB5C173BA3C0F4D01273.e.3847"}} | headers=HTTPHeaderDict({'Content-Length': '128', 'Content-Type': 'application/json; charset=utf-8', 'cache-control': 'no-cache'})
DEBUG:selenium.webdriver.remote.remote_connection:Finished Request
DEBUG:selenium.webdriver.remote.remote_connection:POST http://localhost:64901/session/27a9619306b249ce4b120f5b06cbd5b1/execute/sync {'script': '/* isDisplayed */return (function(){return (function(){var g=this||self;\nfunction aa(a){var b=typeof...', 'args': [{'element-6066-11e4-a52e-4f735466cecf': 'f.6FE8736831DAB01ED640E364D1965779.d.A595186C6EA4AB5C173BA3C0F4D01273.e.3847'}]}
DEBUG:urllib3.connectionpool:http://localhost:64901 "POST /session/27a9619306b249ce4b120f5b06cbd5b1/execute/sync HTTP/1.1" 200 0
DEBUG:selenium.webdriver.remote.remote_connection:Remote response: status=200 | data={"value":false} | headers=HTTPHeaderDict({'Content-Length': '15', 'Content-Type': 'application/json; charset=utf-8', 'cache-control': 'no-cache'})
DEBUG:selenium.webdriver.remote.remote_connection:Finished Request
DEBUG:selenium.webdriver.remote.remote_connection:POST http://localhost:64901/session/27a9619306b249ce4b120f5b06cbd5b1/element {'using': 'css selector', 'value': '.onetrust-close-btn-handler'}
DEBUG:urllib3.connectionpool:http://localhost:64901 "POST /session/27a9619306b249ce4b120f5b06cbd5b1/element HTTP/1.1" 200 0
DEBUG:selenium.webdriver.remote.remote_connection:Remote response: status=200 | data={"value":{"element-6066-11e4-a52e-4f735466cecf":"f.6FE8736831DAB01ED640E364D1965779.d.A595186C6EA4AB5C173BA3C0F4D01273.e.3847"}} | headers=HTTPHeaderDict({'Content-Length': '128', 'Content-Type': 'application/json; charset=utf-8', 'cache-control': 'no-cache'})
DEBUG:selenium.webdriver.remote.remote_connection:Finished Request
DEBUG:selenium.webdriver.remote.remote_connection:POST http://localhost:64901/session/27a9619306b249ce4b120f5b06cbd5b1/execute/sync {'script': '/* isDisplayed */return (function(){return (function(){var g=this||self;\nfunction aa(a){var b=typeof...', 'args': [{'element-6066-11e4-a52e-4f735466cecf': 'f.6FE8736831DAB01ED640E364D1965779.d.A595186C6EA4AB5C173BA3C0F4D01273.e.3847'}]}
DEBUG:urllib3.connectionpool:http://localhost:64901 "POST /session/27a9619306b249ce4b120f5b06cbd5b1/execute/sync HTTP/1.1" 200 0
DEBUG:selenium.webdriver.remote.remote_connection:Remote response: status=200 | data={"value":false} | headers=HTTPHeaderDict({'Content-Length': '15', 'Content-Type': 'application/json; charset=utf-8', 'cache-control': 'no-cache'})
DEBUG:selenium.webdriver.remote.remote_connection:Finished Request
DEBUG:selenium.webdriver.remote.remote_connection:POST http://localhost:64901/session/27a9619306b249ce4b120f5b06cbd5b1/element {'using': 'css selector', 'value': '.onetrust-close-btn-handler'}
DEBUG:urllib3.connectionpool:http://localhost:64901 "POST /session/27a9619306b249ce4b120f5b06cbd5b1/element HTTP/1.1" 200 0
DEBUG:selenium.webdriver.remote.remote_connection:Remote response: status=200 | data={"value":{"element-6066-11e4-a52e-4f735466cecf":"f.6FE8736831DAB01ED640E364D1965779.d.A595186C6EA4AB5C173BA3C0F4D01273.e.3847"}} | headers=HTTPHeaderDict({'Content-Length': '128', 'Content-Type': 'application/json; charset=utf-8', 'cache-control': 'no-cache'})
DEBUG:selenium.webdriver.remote.remote_connection:Finished Request
DEBUG:selenium.webdriver.remote.remote_connection:POST http://localhost:64901/session/27a9619306b249ce4b120f5b06cbd5b1/execute/sync {'script': '/* isDisplayed */return (function(){return (function(){var g=this||self;\nfunction aa(a){var b=typeof...', 'args': [{'element-6066-11e4-a52e-4f735466cecf': 'f.6FE8736831DAB01ED640E364D1965779.d.A595186C6EA4AB5C173BA3C0F4D01273.e.3847'}]}
DEBUG:urllib3.connectionpool:http://localhost:64901 "POST /session/27a9619306b249ce4b120f5b06cbd5b1/execute/sync HTTP/1.1" 200 0
DEBUG:selenium.webdriver.remote.remote_connection:Remote response: status=200 | data={"value":false} | headers=HTTPHeaderDict({'Content-Length': '15', 'Content-Type': 'application/json; charset=utf-8', 'cache-control': 'no-cache'})
DEBUG:selenium.webdriver.remote.remote_connection:Finished Request
DEBUG:selenium.webdriver.remote.remote_connection:POST http://localhost:64901/session/27a9619306b249ce4b120f5b06cbd5b1/element {'using': 'css selector', 'value': '.onetrust-close-btn-handler'}
DEBUG:urllib3.connectionpool:http://localhost:64901 "POST /session/27a9619306b249ce4b120f5b06cbd5b1/element HTTP/1.1" 200 0
DEBUG:selenium.webdriver.remote.remote_connection:Remote response: status=200 | data={"value":{"element-6066-11e4-a52e-4f735466cecf":"f.6FE8736831DAB01ED640E364D1965779.d.A595186C6EA4AB5C173BA3C0F4D01273.e.3847"}} | headers=HTTPHeaderDict({'Content-Length': '128', 'Content-Type': 'application/json; charset=utf-8', 'cache-control': 'no-cache'})
DEBUG:selenium.webdriver.remote.remote_connection:Finished Request
DEBUG:selenium.webdriver.remote.remote_connection:POST http://localhost:64901/session/27a9619306b249ce4b120f5b06cbd5b1/execute/sync {'script': '/* isDisplayed */return (function(){return (function(){var g=this||self;\nfunction aa(a){var b=typeof...', 'args': [{'element-6066-11e4-a52e-4f735466cecf': 'f.6FE8736831DAB01ED640E364D1965779.d.A595186C6EA4AB5C173BA3C0F4D01273.e.3847'}]}
DEBUG:urllib3.connectionpool:http://localhost:64901 "POST /session/27a9619306b249ce4b120f5b06cbd5b1/execute/sync HTTP/1.1" 200 0
DEBUG:selenium.webdriver.remote.remote_connection:Remote response: status=200 | data={"value":false} | headers=HTTPHeaderDict({'Content-Length': '15', 'Content-Type': 'application/json; charset=utf-8', 'cache-control': 'no-cache'})
DEBUG:selenium.webdriver.remote.remote_connection:Finished Request
DEBUG:selenium.webdriver.remote.remote_connection:POST http://localhost:64901/session/27a9619306b249ce4b120f5b06cbd5b1/element {'using': 'css selector', 'value': '.onetrust-close-btn-handler'}
DEBUG:urllib3.connectionpool:http://localhost:64901 "POST /session/27a9619306b249ce4b120f5b06cbd5b1/element HTTP/1.1" 200 0
DEBUG:selenium.webdriver.remote.remote_connection:Remote response: status=200 | data={"value":{"element-6066-11e4-a52e-4f735466cecf":"f.6FE8736831DAB01ED640E364D1965779.d.A595186C6EA4AB5C173BA3C0F4D01273.e.3847"}} | headers=HTTPHeaderDict({'Content-Length': '128', 'Content-Type': 'application/json; charset=utf-8', 'cache-control': 'no-cache'})
DEBUG:selenium.webdriver.remote.remote_connection:Finished Request
DEBUG:selenium.webdriver.remote.remote_connection:POST http://localhost:64901/session/27a9619306b249ce4b120f5b06cbd5b1/execute/sync {'script': '/* isDisplayed */return (function(){return (function(){var g=this||self;\nfunction aa(a){var b=typeof...', 'args': [{'element-6066-11e4-a52e-4f735466cecf': 'f.6FE8736831DAB01ED640E364D1965779.d.A595186C6EA4AB5C173BA3C0F4D01273.e.3847'}]}
DEBUG:urllib3.connectionpool:http://localhost:64901 "POST /session/27a9619306b249ce4b120f5b06cbd5b1/execute/sync HTTP/1.1" 200 0
DEBUG:selenium.webdriver.remote.remote_connection:Remote response: status=200 | data={"value":false} | headers=HTTPHeaderDict({'Content-Length': '15', 'Content-Type': 'application/json; charset=utf-8', 'cache-control': 'no-cache'})
DEBUG:selenium.webdriver.remote.remote_connection:Finished Request
DEBUG:selenium.webdriver.remote.remote_connection:POST http://localhost:64901/session/27a9619306b249ce4b120f5b06cbd5b1/element {'using': 'css selector', 'value': '.onetrust-close-btn-handler'}
DEBUG:urllib3.connectionpool:http://localhost:64901 "POST /session/27a9619306b249ce4b120f5b06cbd5b1/element HTTP/1.1" 200 0
DEBUG:selenium.webdriver.remote.remote_connection:Remote response: status=200 | data={"value":{"element-6066-11e4-a52e-4f735466cecf":"f.6FE8736831DAB01ED640E364D1965779.d.A595186C6EA4AB5C173BA3C0F4D01273.e.3847"}} | headers=HTTPHeaderDict({'Content-Length': '128', 'Content-Type': 'application/json; charset=utf-8', 'cache-control': 'no-cache'})
DEBUG:selenium.webdriver.remote.remote_connection:Finished Request
DEBUG:selenium.webdriver.remote.remote_connection:POST http://localhost:64901/session/27a9619306b249ce4b120f5b06cbd5b1/execute/sync {'script': '/* isDisplayed */return (function(){return (function(){var g=this||self;\nfunction aa(a){var b=typeof...', 'args': [{'element-6066-11e4-a52e-4f735466cecf': 'f.6FE8736831DAB01ED640E364D1965779.d.A595186C6EA4AB5C173BA3C0F4D01273.e.3847'}]}
DEBUG:urllib3.connectionpool:http://localhost:64901 "POST /session/27a9619306b249ce4b120f5b06cbd5b1/execute/sync HTTP/1.1" 200 0
DEBUG:selenium.webdriver.remote.remote_connection:Remote response: status=200 | data={"value":false} | headers=HTTPHeaderDict({'Content-Length': '15', 'Content-Type': 'application/json; charset=utf-8', 'cache-control': 'no-cache'})
DEBUG:selenium.webdriver.remote.remote_connection:Finished Request
DEBUG:selenium.webdriver.remote.remote_connection:POST http://localhost:64901/session/27a9619306b249ce4b120f5b06cbd5b1/element {'using': 'css selector', 'value': '.onetrust-close-btn-handler'}
DEBUG:urllib3.connectionpool:http://localhost:64901 "POST /session/27a9619306b249ce4b120f5b06cbd5b1/element HTTP/1.1" 200 0
DEBUG:selenium.webdriver.remote.remote_connection:Remote response: status=200 | data={"value":{"element-6066-11e4-a52e-4f735466cecf":"f.6FE8736831DAB01ED640E364D1965779.d.A595186C6EA4AB5C173BA3C0F4D01273.e.3847"}} | headers=HTTPHeaderDict({'Content-Length': '128', 'Content-Type': 'application/json; charset=utf-8', 'cache-control': 'no-cache'})
DEBUG:selenium.webdriver.remote.remote_connection:Finished Request
DEBUG:selenium.webdriver.remote.remote_connection:POST http://localhost:64901/session/27a9619306b249ce4b120f5b06cbd5b1/execute/sync {'script': '/* isDisplayed */return (function(){return (function(){var g=this||self;\nfunction aa(a){var b=typeof...', 'args': [{'element-6066-11e4-a52e-4f735466cecf': 'f.6FE8736831DAB01ED640E364D1965779.d.A595186C6EA4AB5C173BA3C0F4D01273.e.3847'}]}
DEBUG:urllib3.connectionpool:http://localhost:64901 "POST /session/27a9619306b249ce4b120f5b06cbd5b1/execute/sync HTTP/1.1" 200 0
DEBUG:selenium.webdriver.remote.remote_connection:Remote response: status=200 | data={"value":false} | headers=HTTPHeaderDict({'Content-Length': '15', 'Content-Type': 'application/json; charset=utf-8', 'cache-control': 'no-cache'})
DEBUG:selenium.webdriver.remote.remote_connection:Finished Request
DEBUG:selenium.webdriver.remote.remote_connection:POST http://localhost:64901/session/27a9619306b249ce4b120f5b06cbd5b1/element {'using': 'css selector', 'value': 'button.ais-InfiniteHits-loadMore'}
DEBUG:urllib3.connectionpool:http://localhost:64901 "POST /session/27a9619306b249ce4b120f5b06cbd5b1/element HTTP/1.1" 200 0
DEBUG:selenium.webdriver.remote.remote_connection:Remote response: status=200 | data={"value":{"element-6066-11e4-a52e-4f735466cecf":"f.6FE8736831DAB01ED640E364D1965779.d.A595186C6EA4AB5C173BA3C0F4D01273.e.793"}} | headers=HTTPHeaderDict({'Content-Length': '127', 'Content-Type': 'application/json; charset=utf-8', 'cache-control': 'no-cache'})
DEBUG:selenium.webdriver.remote.remote_connection:Finished Request
DEBUG:selenium.webdriver.remote.remote_connection:POST http://localhost:64901/session/27a9619306b249ce4b120f5b06cbd5b1/execute/sync {'script': '/* isDisplayed */return (function(){return (function(){var g=this||self;\nfunction aa(a){var b=typeof...', 'args': [{'element-6066-11e4-a52e-4f735466cecf': 'f.6FE8736831DAB01ED640E364D1965779.d.A595186C6EA4AB5C173BA3C0F4D01273.e.793'}]}
DEBUG:urllib3.connectionpool:http://localhost:64901 "POST /session/27a9619306b249ce4b120f5b06cbd5b1/execute/sync HTTP/1.1" 200 0
DEBUG:selenium.webdriver.remote.remote_connection:Remote response: status=200 | data={"value":true} | headers=HTTPHeaderDict({'Content-Length': '14', 'Content-Type': 'application/json; charset=utf-8', 'cache-control': 'no-cache'})
DEBUG:selenium.webdriver.remote.remote_connection:Finished Request
DEBUG:selenium.webdriver.remote.remote_connection:GET http://localhost:64901/session/27a9619306b249ce4b120f5b06cbd5b1/element/f.6FE8736831DAB01ED640E364D1965779.d.A595186C6EA4AB5C173BA3C0F4D01273.e.793/enabled {}
DEBUG:urllib3.connectionpool:http://localhost:64901 "GET /session/27a9619306b249ce4b120f5b06cbd5b1/element/f.6FE8736831DAB01ED640E364D1965779.d.A595186C6EA4AB5C173BA3C0F4D01273.e.793/enabled HTTP/1.1" 200 0
DEBUG:selenium.webdriver.remote.remote_connection:Remote response: status=200 | data={"value":true} | headers=HTTPHeaderDict({'Content-Length': '14', 'Content-Type': 'application/json; charset=utf-8', 'cache-control': 'no-cache'})
DEBUG:selenium.webdriver.remote.remote_connection:Finished Request
DEBUG:selenium.webdriver.remote.remote_connection:POST http://localhost:64901/session/27a9619306b249ce4b120f5b06cbd5b1/execute/sync {'script': 'arguments[0].scrollIntoView(true);', 'args': [{'element-6066-11e4-a52e-4f735466cecf': 'f.6FE8736831DAB01ED640E364D1965779.d.A595186C6EA4AB5C173BA3C0F4D01273.e.793'}]}
DEBUG:urllib3.connectionpool:http://localhost:64901 "POST /session/27a9619306b249ce4b120f5b06cbd5b1/execute/sync HTTP/1.1" 200 0
DEBUG:selenium.webdriver.remote.remote_connection:Remote response: status=200 | data={"value":null} | headers=HTTPHeaderDict({'Content-Length': '14', 'Content-Type': 'application/json; charset=utf-8', 'cache-control': 'no-cache'})
DEBUG:selenium.webdriver.remote.remote_connection:Finished Request
DEBUG:selenium.webdriver.remote.remote_connection:POST http://localhost:64901/session/27a9619306b249ce4b120f5b06cbd5b1/execute/sync {'script': 'arguments[0].click();', 'args': [{'element-6066-11e4-a52e-4f735466cecf': 'f.6FE8736831DAB01ED640E364D1965779.d.A595186C6EA4AB5C173BA3C0F4D01273.e.793'}]}
DEBUG:urllib3.connectionpool:http://localhost:64901 "POST /session/27a9619306b249ce4b120f5b06cbd5b1/execute/sync HTTP/1.1" 200 0
DEBUG:selenium.webdriver.remote.remote_connection:Remote response: status=200 | data={"value":null} | headers=HTTPHeaderDict({'Content-Length': '14', 'Content-Type': 'application/json; charset=utf-8', 'cache-control': 'no-cache'})
DEBUG:selenium.webdriver.remote.remote_connection:Finished Request
DEBUG:selenium.webdriver.remote.remote_connection:POST http://localhost:64901/session/27a9619306b249ce4b120f5b06cbd5b1/element {'using': 'css selector', 'value': 'button.ais-InfiniteHits-loadMore'}
DEBUG:urllib3.connectionpool:http://localhost:64901 "POST /session/27a9619306b249ce4b120f5b06cbd5b1/element HTTP/1.1" 200 0
DEBUG:selenium.webdriver.remote.remote_connection:Remote response: status=200 | data={"value":{"element-6066-11e4-a52e-4f735466cecf":"f.6FE8736831DAB01ED640E364D1965779.d.A595186C6EA4AB5C173BA3C0F4D01273.e.793"}} | headers=HTTPHeaderDict({'Content-Length': '127', 'Content-Type': 'application/json; charset=utf-8', 'cache-control': 'no-cache'})
DEBUG:selenium.webdriver.remote.remote_connection:Finished Request
DEBUG:selenium.webdriver.remote.remote_connection:POST http://localhost:64901/session/27a9619306b249ce4b120f5b06cbd5b1/execute/sync {'script': '/* isDisplayed */return (function(){return (function(){var g=this||self;\nfunction aa(a){var b=typeof...', 'args': [{'element-6066-11e4-a52e-4f735466cecf': 'f.6FE8736831DAB01ED640E364D1965779.d.A595186C6EA4AB5C173BA3C0F4D01273.e.793'}]}
DEBUG:urllib3.connectionpool:http://localhost:64901 "POST /session/27a9619306b249ce4b120f5b06cbd5b1/execute/sync HTTP/1.1" 200 0
DEBUG:selenium.webdriver.remote.remote_connection:Remote response: status=200 | data={"value":true} | headers=HTTPHeaderDict({'Content-Length': '14', 'Content-Type': 'application/json; charset=utf-8', 'cache-control': 'no-cache'})
DEBUG:selenium.webdriver.remote.remote_connection:Finished Request
DEBUG:selenium.webdriver.remote.remote_connection:GET http://localhost:64901/session/27a9619306b249ce4b120f5b06cbd5b1/element/f.6FE8736831DAB01ED640E364D1965779.d.A595186C6EA4AB5C173BA3C0F4D01273.e.793/enabled {}
DEBUG:urllib3.connectionpool:http://localhost:64901 "GET /session/27a9619306b249ce4b120f5b06cbd5b1/element/f.6FE8736831DAB01ED640E364D1965779.d.A595186C6EA4AB5C173BA3C0F4D01273.e.793/enabled HTTP/1.1" 200 0
DEBUG:selenium.webdriver.remote.remote_connection:Remote response: status=200 | data={"value":true} | headers=HTTPHeaderDict({'Content-Length': '14', 'Content-Type': 'application/json; charset=utf-8', 'cache-control': 'no-cache'})
DEBUG:selenium.webdriver.remote.remote_connection:Finished Request
DEBUG:selenium.webdriver.remote.remote_connection:POST http://localhost:64901/session/27a9619306b249ce4b120f5b06cbd5b1/execute/sync {'script': 'arguments[0].scrollIntoView(true);', 'args': [{'element-6066-11e4-a52e-4f735466cecf': 'f.6FE8736831DAB01ED640E364D1965779.d.A595186C6EA4AB5C173BA3C0F4D01273.e.793'}]}
DEBUG:urllib3.connectionpool:http://localhost:64901 "POST /session/27a9619306b249ce4b120f5b06cbd5b1/execute/sync HTTP/1.1" 200 0
DEBUG:selenium.webdriver.remote.remote_connection:Remote response: status=200 | data={"value":null} | headers=HTTPHeaderDict({'Content-Length': '14', 'Content-Type': 'application/json; charset=utf-8', 'cache-control': 'no-cache'})
DEBUG:selenium.webdriver.remote.remote_connection:Finished Request
DEBUG:selenium.webdriver.remote.remote_connection:POST http://localhost:64901/session/27a9619306b249ce4b120f5b06cbd5b1/execute/sync {'script': 'arguments[0].click();', 'args': [{'element-6066-11e4-a52e-4f735466cecf': 'f.6FE8736831DAB01ED640E364D1965779.d.A595186C6EA4AB5C173BA3C0F4D01273.e.793'}]}
DEBUG:urllib3.connectionpool:http://localhost:64901 "POST /session/27a9619306b249ce4b120f5b06cbd5b1/execute/sync HTTP/1.1" 200 0
DEBUG:selenium.webdriver.remote.remote_connection:Remote response: status=200 | data={"value":null} | headers=HTTPHeaderDict({'Content-Length': '14', 'Content-Type': 'application/json; charset=utf-8', 'cache-control': 'no-cache'})
DEBUG:selenium.webdriver.remote.remote_connection:Finished Request
DEBUG:selenium.webdriver.remote.remote_connection:POST http://localhost:64901/session/27a9619306b249ce4b120f5b06cbd5b1/element {'using': 'css selector', 'value': 'button.ais-InfiniteHits-loadMore'}
DEBUG:urllib3.connectionpool:http://localhost:64901 "POST /session/27a9619306b249ce4b120f5b06cbd5b1/element HTTP/1.1" 200 0
DEBUG:selenium.webdriver.remote.remote_connection:Remote response: status=200 | data={"value":{"element-6066-11e4-a52e-4f735466cecf":"f.6FE8736831DAB01ED640E364D1965779.d.A595186C6EA4AB5C173BA3C0F4D01273.e.793"}} | headers=HTTPHeaderDict({'Content-Length': '127', 'Content-Type': 'application/json; charset=utf-8', 'cache-control': 'no-cache'})
DEBUG:selenium.webdriver.remote.remote_connection:Finished Request
DEBUG:selenium.webdriver.remote.remote_connection:POST http://localhost:64901/session/27a9619306b249ce4b120f5b06cbd5b1/execute/sync {'script': '/* isDisplayed */return (function(){return (function(){var g=this||self;\nfunction aa(a){var b=typeof...', 'args': [{'element-6066-11e4-a52e-4f735466cecf': 'f.6FE8736831DAB01ED640E364D1965779.d.A595186C6EA4AB5C173BA3C0F4D01273.e.793'}]}
DEBUG:urllib3.connectionpool:http://localhost:64901 "POST /session/27a9619306b249ce4b120f5b06cbd5b1/execute/sync HTTP/1.1" 200 0
DEBUG:selenium.webdriver.remote.remote_connection:Remote response: status=200 | data={"value":false} | headers=HTTPHeaderDict({'Content-Length': '15', 'Content-Type': 'application/json; charset=utf-8', 'cache-control': 'no-cache'})
DEBUG:selenium.webdriver.remote.remote_connection:Finished Request
DEBUG:selenium.webdriver.remote.remote_connection:POST http://localhost:64901/session/27a9619306b249ce4b120f5b06cbd5b1/element {'using': 'css selector', 'value': 'button.ais-InfiniteHits-loadMore'}
DEBUG:urllib3.connectionpool:http://localhost:64901 "POST /session/27a9619306b249ce4b120f5b06cbd5b1/element HTTP/1.1" 200 0
DEBUG:selenium.webdriver.remote.remote_connection:Remote response: status=200 | data={"value":{"element-6066-11e4-a52e-4f735466cecf":"f.6FE8736831DAB01ED640E364D1965779.d.A595186C6EA4AB5C173BA3C0F4D01273.e.793"}} | headers=HTTPHeaderDict({'Content-Length': '127', 'Content-Type': 'application/json; charset=utf-8', 'cache-control': 'no-cache'})
DEBUG:selenium.webdriver.remote.remote_connection:Finished Request
DEBUG:selenium.webdriver.remote.remote_connection:POST http://localhost:64901/session/27a9619306b249ce4b120f5b06cbd5b1/execute/sync {'script': '/* isDisplayed */return (function(){return (function(){var g=this||self;\nfunction aa(a){var b=typeof...', 'args': [{'element-6066-11e4-a52e-4f735466cecf': 'f.6FE8736831DAB01ED640E364D1965779.d.A595186C6EA4AB5C173BA3C0F4D01273.e.793'}]}
DEBUG:urllib3.connectionpool:http://localhost:64901 "POST /session/27a9619306b249ce4b120f5b06cbd5b1/execute/sync HTTP/1.1" 200 0
DEBUG:selenium.webdriver.remote.remote_connection:Remote response: status=200 | data={"value":false} | headers=HTTPHeaderDict({'Content-Length': '15', 'Content-Type': 'application/json; charset=utf-8', 'cache-control': 'no-cache'})
DEBUG:selenium.webdriver.remote.remote_connection:Finished Request
DEBUG:selenium.webdriver.remote.remote_connection:POST http://localhost:64901/session/27a9619306b249ce4b120f5b06cbd5b1/element {'using': 'css selector', 'value': 'button.ais-InfiniteHits-loadMore'}
DEBUG:urllib3.connectionpool:http://localhost:64901 "POST /session/27a9619306b249ce4b120f5b06cbd5b1/element HTTP/1.1" 200 0
DEBUG:selenium.webdriver.remote.remote_connection:Remote response: status=200 | data={"value":{"element-6066-11e4-a52e-4f735466cecf":"f.6FE8736831DAB01ED640E364D1965779.d.A595186C6EA4AB5C173BA3C0F4D01273.e.793"}} | headers=HTTPHeaderDict({'Content-Length': '127', 'Content-Type': 'application/json; charset=utf-8', 'cache-control': 'no-cache'})
DEBUG:selenium.webdriver.remote.remote_connection:Finished Request
DEBUG:selenium.webdriver.remote.remote_connection:POST http://localhost:64901/session/27a9619306b249ce4b120f5b06cbd5b1/execute/sync {'script': '/* isDisplayed */return (function(){return (function(){var g=this||self;\nfunction aa(a){var b=typeof...', 'args': [{'element-6066-11e4-a52e-4f735466cecf': 'f.6FE8736831DAB01ED640E364D1965779.d.A595186C6EA4AB5C173BA3C0F4D01273.e.793'}]}
DEBUG:urllib3.connectionpool:http://localhost:64901 "POST /session/27a9619306b249ce4b120f5b06cbd5b1/execute/sync HTTP/1.1" 200 0
DEBUG:selenium.webdriver.remote.remote_connection:Remote response: status=200 | data={"value":false} | headers=HTTPHeaderDict({'Content-Length': '15', 'Content-Type': 'application/json; charset=utf-8', 'cache-control': 'no-cache'})
DEBUG:selenium.webdriver.remote.remote_connection:Finished Request
DEBUG:selenium.webdriver.remote.remote_connection:POST http://localhost:64901/session/27a9619306b249ce4b120f5b06cbd5b1/element {'using': 'css selector', 'value': 'button.ais-InfiniteHits-loadMore'}
DEBUG:urllib3.connectionpool:http://localhost:64901 "POST /session/27a9619306b249ce4b120f5b06cbd5b1/element HTTP/1.1" 200 0
DEBUG:selenium.webdriver.remote.remote_connection:Remote response: status=200 | data={"value":{"element-6066-11e4-a52e-4f735466cecf":"f.6FE8736831DAB01ED640E364D1965779.d.A595186C6EA4AB5C173BA3C0F4D01273.e.793"}} | headers=HTTPHeaderDict({'Content-Length': '127', 'Content-Type': 'application/json; charset=utf-8', 'cache-control': 'no-cache'})
DEBUG:selenium.webdriver.remote.remote_connection:Finished Request
DEBUG:selenium.webdriver.remote.remote_connection:POST http://localhost:64901/session/27a9619306b249ce4b120f5b06cbd5b1/execute/sync {'script': '/* isDisplayed */return (function(){return (function(){var g=this||self;\nfunction aa(a){var b=typeof...', 'args': [{'element-6066-11e4-a52e-4f735466cecf': 'f.6FE8736831DAB01ED640E364D1965779.d.A595186C6EA4AB5C173BA3C0F4D01273.e.793'}]}
DEBUG:urllib3.connectionpool:http://localhost:64901 "POST /session/27a9619306b249ce4b120f5b06cbd5b1/execute/sync HTTP/1.1" 200 0
DEBUG:selenium.webdriver.remote.remote_connection:Remote response: status=200 | data={"value":false} | headers=HTTPHeaderDict({'Content-Length': '15', 'Content-Type': 'application/json; charset=utf-8', 'cache-control': 'no-cache'})
DEBUG:selenium.webdriver.remote.remote_connection:Finished Request
DEBUG:selenium.webdriver.remote.remote_connection:POST http://localhost:64901/session/27a9619306b249ce4b120f5b06cbd5b1/element {'using': 'css selector', 'value': 'button.ais-InfiniteHits-loadMore'}
DEBUG:urllib3.connectionpool:http://localhost:64901 "POST /session/27a9619306b249ce4b120f5b06cbd5b1/element HTTP/1.1" 200 0
DEBUG:selenium.webdriver.remote.remote_connection:Remote response: status=200 | data={"value":{"element-6066-11e4-a52e-4f735466cecf":"f.6FE8736831DAB01ED640E364D1965779.d.A595186C6EA4AB5C173BA3C0F4D01273.e.793"}} | headers=HTTPHeaderDict({'Content-Length': '127', 'Content-Type': 'application/json; charset=utf-8', 'cache-control': 'no-cache'})
DEBUG:selenium.webdriver.remote.remote_connection:Finished Request
DEBUG:selenium.webdriver.remote.remote_connection:POST http://localhost:64901/session/27a9619306b249ce4b120f5b06cbd5b1/execute/sync {'script': '/* isDisplayed */return (function(){return (function(){var g=this||self;\nfunction aa(a){var b=typeof...', 'args': [{'element-6066-11e4-a52e-4f735466cecf': 'f.6FE8736831DAB01ED640E364D1965779.d.A595186C6EA4AB5C173BA3C0F4D01273.e.793'}]}
DEBUG:urllib3.connectionpool:http://localhost:64901 "POST /session/27a9619306b249ce4b120f5b06cbd5b1/execute/sync HTTP/1.1" 200 0
DEBUG:selenium.webdriver.remote.remote_connection:Remote response: status=200 | data={"value":false} | headers=HTTPHeaderDict({'Content-Length': '15', 'Content-Type': 'application/json; charset=utf-8', 'cache-control': 'no-cache'})
DEBUG:selenium.webdriver.remote.remote_connection:Finished Request
DEBUG:selenium.webdriver.remote.remote_connection:POST http://localhost:64901/session/27a9619306b249ce4b120f5b06cbd5b1/element {'using': 'css selector', 'value': 'button.ais-InfiniteHits-loadMore'}
DEBUG:urllib3.connectionpool:http://localhost:64901 "POST /session/27a9619306b249ce4b120f5b06cbd5b1/element HTTP/1.1" 200 0
DEBUG:selenium.webdriver.remote.remote_connection:Remote response: status=200 | data={"value":null} | headers=HTTPHeaderDict({'Content-Length': '14', 'Content-Type': 'application/json; charset=utf-8', 'cache-control': 'no-cache'})
DEBUG:selenium.webdriver.remote.remote_connection:Finished Request
